<html>
<body>
<pre>
<h1>�Vision Build Log</h1>
<h2>Tool Versions:</h2>
IDE-Version: ��Vision V5.40.0.0
Copyright (C) 2024 ARM Ltd and ARM Germany GmbH. All rights reserved.
License Information: vvv Lenovo, vv, LIC=8VRJ7-EZ762-Z99G9-4IP39-28WHQ-M9F0E
 
Tool Versions:
Toolchain:       MDK-ARM Plus  Version: 5.40.0.3
Toolchain Path:  D:\develop\keil5mdk\ARM\ARMCLANG\Bin
C Compiler:      ArmClang.exe V6.22
Assembler:       Armasm.exe V6.22
Linker/Locator:  ArmLink.exe V6.22
Library Manager: ArmAr.exe V6.22
Hex Converter:   FromElf.exe V6.22
CPU DLL:         SARMCM3.DLL V5.40.0.3
Dialog DLL:      DARMCM1.DLL V1.19.6.0
Target DLL:      CMSIS_AGDI.dll V1.33.18.0
Dialog DLL:      TARMCM1.DLL V1.14.6.0
 
<h2>Project:</h2>
D:\ti\project\ti_end\keil\project.uvprojx
Project File Date:  07/09/2025

<h2>Output:</h2>
*** Using Compiler 'V6.22', folder: 'D:\develop\keil5mdk\ARM\ARMCLANG\Bin'
Build target 'Target 1'
uart.c(290): warning: array index 4 is past the end of the array (that has type 'servos[4]') [-Warray-bounds]
  290 |                                         servo[4].command_received = 1; // 设置标志
      |                                         ^     ~
uart.c(10): note: array 'servo' declared here
   10 | servos servo[4];
      | ^
uart.c(291): warning: array index 4 is past the end of the array (that has type 'servos[4]') [-Warray-bounds]
  291 |                                         servo[4].step = 0;             // 重置状态
      |                                         ^     ~
uart.c(10): note: array 'servo' declared here
   10 | servos servo[4];
      | ^
uart.c(388): warning: passing 'char[17]' to parameter of type 'uint8_t *' (aka 'unsigned char *') converts between pointers to integer types where one is of the unique plain 'char' type and the other is not [-Wpointer-sign]
  388 |     OLED_ShowString(0, 50, "location1 set ok", 12, 1);  // 显示
      |                            ^~~~~~~~~~~~~~~~~~
.\oled.h(51): note: passing argument to parameter 'chr' here
   51 | void OLED_ShowString(u8 x,u8 y,u8 *chr,u8 size1,u8 mode);
      |                                    ^
uart.c(391): warning: passing 'char[21]' to parameter of type 'uint8_t *' (aka 'unsigned char *') converts between pointers to integer types where one is of the unique plain 'char' type and the other is not [-Wpointer-sign]
  391 |     OLED_ShowString(0, 50, "location1 set failed", 12, 1);  // 显示
      |                            ^~~~~~~~~~~~~~~~~~~~~~
.\oled.h(51): note: passing argument to parameter 'chr' here
   51 | void OLED_ShowString(u8 x,u8 y,u8 *chr,u8 size1,u8 mode);
      |                                    ^
uart.c(394): warning: passing 'char[17]' to parameter of type 'uint8_t *' (aka 'unsigned char *') converts between pointers to integer types where one is of the unique plain 'char' type and the other is not [-Wpointer-sign]
  394 |     OLED_ShowString(0, 50, "location2 set ok", 12, 1);  // 显示
      |                            ^~~~~~~~~~~~~~~~~~
.\oled.h(51): note: passing argument to parameter 'chr' here
   51 | void OLED_ShowString(u8 x,u8 y,u8 *chr,u8 size1,u8 mode);
      |                                    ^
uart.c(397): warning: passing 'char[21]' to parameter of type 'uint8_t *' (aka 'unsigned char *') converts between pointers to integer types where one is of the unique plain 'char' type and the other is not [-Wpointer-sign]
  397 |     OLED_ShowString(0, 50, "location2 set failed", 12, 1);  // 显示
      |                            ^~~~~~~~~~~~~~~~~~~~~~
.\oled.h(51): note: passing argument to parameter 'chr' here
   51 | void OLED_ShowString(u8 x,u8 y,u8 *chr,u8 size1,u8 mode);
      |                                    ^
uart.c(400): warning: passing 'char[17]' to parameter of type 'uint8_t *' (aka 'unsigned char *') converts between pointers to integer types where one is of the unique plain 'char' type and the other is not [-Wpointer-sign]
  400 |     OLED_ShowString(0, 50, "mode2 set failed", 12, 1);  // 显示
      |                            ^~~~~~~~~~~~~~~~~~
.\oled.h(51): note: passing argument to parameter 'chr' here
   51 | void OLED_ShowString(u8 x,u8 y,u8 *chr,u8 size1,u8 mode);
      |                                    ^
uart.c(403): warning: passing 'char[13]' to parameter of type 'uint8_t *' (aka 'unsigned char *') converts between pointers to integer types where one is of the unique plain 'char' type and the other is not [-Wpointer-sign]
  403 |     OLED_ShowString(0, 50, "mode2 set ok", 12, 1);  // 显示
      |                            ^~~~~~~~~~~~~~
.\oled.h(51): note: passing argument to parameter 'chr' here
   51 | void OLED_ShowString(u8 x,u8 y,u8 *chr,u8 size1,u8 mode);
      |                                    ^
8 warnings generated.
compiling uart.c...
linking...
Program Size: Code=15852 RO-data=7396 RW-data=4 ZI-data=2884  
".\Objects\project.axf" - 0 Error(s), 8 Warning(s).

<h2>Software Packages used:</h2>

Package Vendor: TexasInstruments
                https://software-dl.ti.com/msp430/esd/MSPM0-CMSIS/MSPM0G1X0X_G3X0X/latest/exports/TexasInstruments.MSPM0G1X0X_G3X0X_DFP.1.3.1.pack
                TexasInstruments::MSPM0G1X0X_G3X0X_DFP@1.3.1
                Device Family Pack for Texas Instruments MSPM0G1X0X_G3X0X Series

<h2>Collection of Component include folders:</h2>

<h2>Collection of Component Files used:</h2>
Build Time Elapsed:  00:00:01
</pre>
</body>
</html>
