<html>
<body>
<pre>
<h1>µVision Build Log</h1>
<h2>Tool Versions:</h2>
IDE-Version: ¦ÌVision V5.40.0.0
Copyright (C) 2024 ARM Ltd and ARM Germany GmbH. All rights reserved.
License Information: vvv Lenovo, vv, LIC=8VRJ7-EZ762-Z99G9-4IP39-28WHQ-M9F0E
 
Tool Versions:
Toolchain:       MDK-ARM Plus  Version: 5.40.0.3
Toolchain Path:  D:\develop\keil5mdk\ARM\ARMCLANG\Bin
C Compiler:      ArmClang.exe V6.22
Assembler:       Armasm.exe V6.22
Linker/Locator:  ArmLink.exe V6.22
Library Manager: ArmAr.exe V6.22
Hex Converter:   FromElf.exe V6.22
CPU DLL:         SARMCM3.DLL V5.40.0.3
Dialog DLL:      DARMCM1.DLL V1.19.6.0
Target DLL:      CMSIS_AGDI.dll V1.33.18.0
Dialog DLL:      TARMCM1.DLL V1.14.6.0
 
<h2>Project:</h2>
d:\ti\project\ti_end\keil\project.uvprojx
Project File Date:  07/09/2025

<h2>Output:</h2>
*** Using Compiler 'V6.22', folder: 'D:\develop\keil5mdk\ARM\ARMCLANG\Bin'
Build target 'Target 1'
compiling key.c...
compiling empty.c...
oled_show.c(138): warning: 18 enumeration values not handled in switch: 'DL_TIMER_IIDX_LOAD', 'DL_TIMER_IIDX_CC0_DN', 'DL_TIMER_IIDX_CC1_DN'... [-Wswitch]
  138 |     switch (DL_TimerG_getPendingInterrupt(TIMER_1_INST))
      |             ^~~~~~~~~~~~~~~~~~~~~~~~~~~~~~~~~~~~~~~~~~~
../source\ti/driverlib/dl_timerg.h(926): note: expanded from macro 'DL_TimerG_getPendingInterrupt'
  926 | #define DL_TimerG_getPendingInterrupt               DL_Timer_getPendingInterrupt
      |                                                     ^
1 warning generated.
compiling oled_show.c...
compiling bsp_sg90.c...
compiling buzzer.c...
compiling uart.c...
compiling ti_msp_dl_config.c...
compiling board.c...
compiling oled.c...
linking...
Program Size: Code=14208 RO-data=7216 RW-data=0 ZI-data=2504  
".\Objects\project.axf" - 0 Error(s), 1 Warning(s).

<h2>Software Packages used:</h2>

Package Vendor: TexasInstruments
                https://software-dl.ti.com/msp430/esd/MSPM0-CMSIS/MSPM0G1X0X_G3X0X/latest/exports/TexasInstruments.MSPM0G1X0X_G3X0X_DFP.1.3.1.pack
                TexasInstruments::MSPM0G1X0X_G3X0X_DFP@1.3.1
                Device Family Pack for Texas Instruments MSPM0G1X0X_G3X0X Series

<h2>Collection of Component include folders:</h2>

<h2>Collection of Component Files used:</h2>
Build Time Elapsed:  00:00:02
</pre>
</body>
</html>
