Component: Arm Compiler for Embedded 6.22 Tool: armlink [5ee90200]

==============================================================================

Section Cross References

    startup_mspm0g350x_uvision.o(STACK) refers (Special) to heapauxi.o(.text) for __use_two_region_memory
    startup_mspm0g350x_uvision.o(HEAP) refers (Special) to heapauxi.o(.text) for __use_two_region_memory
    startup_mspm0g350x_uvision.o(RESET) refers (Special) to heapauxi.o(.text) for __use_two_region_memory
    startup_mspm0g350x_uvision.o(RESET) refers to startup_mspm0g350x_uvision.o(STACK) for __initial_sp
    startup_mspm0g350x_uvision.o(RESET) refers to startup_mspm0g350x_uvision.o(.text) for Reset_Handler
    startup_mspm0g350x_uvision.o(RESET) refers to uart.o(.text.UART3_IRQHandler) for UART3_IRQHandler
    startup_mspm0g350x_uvision.o(RESET) refers to uart.o(.text.UART1_IRQHandler) for UART1_IRQHandler
    startup_mspm0g350x_uvision.o(RESET) refers to bsp_sg90.o(.text.TIMG0_IRQHandler) for TIMG0_IRQHandler
    startup_mspm0g350x_uvision.o(RESET) refers to oled_show.o(.text.TIMG6_IRQHandler) for TIMG6_IRQHandler
    startup_mspm0g350x_uvision.o(.text) refers (Special) to heapauxi.o(.text) for __use_two_region_memory
    startup_mspm0g350x_uvision.o(.text) refers to __main.o(!!!main) for __main
    startup_mspm0g350x_uvision.o(.text) refers to startup_mspm0g350x_uvision.o(HEAP) for Heap_Mem
    startup_mspm0g350x_uvision.o(.text) refers to startup_mspm0g350x_uvision.o(STACK) for Stack_Mem
    empty.o(.text.main) refers to board.o(.text.board_init) for board_init
    empty.o(.text.main) refers to oled_show.o(.text.oled_show) for oled_show
    empty.o(.text.main) refers to oled_show.o(.text.oled_progress) for oled_progress
    empty.o(.text.main) refers to board.o(.text.delay_ms) for delay_ms
    empty.o(.text.main) refers to uart.o(.text.process) for process
    empty.o(.ARM.exidx.text.main) refers to empty.o(.text.main) for [Anonymous Symbol]
    ti_msp_dl_config.o(.text.SYSCFG_DL_init) refers to ti_msp_dl_config.o(.text.SYSCFG_DL_initPower) for SYSCFG_DL_initPower
    ti_msp_dl_config.o(.text.SYSCFG_DL_init) refers to ti_msp_dl_config.o(.text.SYSCFG_DL_GPIO_init) for SYSCFG_DL_GPIO_init
    ti_msp_dl_config.o(.text.SYSCFG_DL_init) refers to ti_msp_dl_config.o(.text.SYSCFG_DL_SYSCTL_init) for SYSCFG_DL_SYSCTL_init
    ti_msp_dl_config.o(.text.SYSCFG_DL_init) refers to ti_msp_dl_config.o(.text.SYSCFG_DL_PWM_init) for SYSCFG_DL_PWM_init
    ti_msp_dl_config.o(.text.SYSCFG_DL_init) refers to ti_msp_dl_config.o(.text.SYSCFG_DL_servo1_init) for SYSCFG_DL_servo1_init
    ti_msp_dl_config.o(.text.SYSCFG_DL_init) refers to ti_msp_dl_config.o(.text.SYSCFG_DL_TIMER_0_init) for SYSCFG_DL_TIMER_0_init
    ti_msp_dl_config.o(.text.SYSCFG_DL_init) refers to ti_msp_dl_config.o(.text.SYSCFG_DL_TIMER_1_init) for SYSCFG_DL_TIMER_1_init
    ti_msp_dl_config.o(.text.SYSCFG_DL_init) refers to ti_msp_dl_config.o(.text.SYSCFG_DL_UART_1_init) for SYSCFG_DL_UART_1_init
    ti_msp_dl_config.o(.text.SYSCFG_DL_init) refers to ti_msp_dl_config.o(.text.SYSCFG_DL_UART_3_init) for SYSCFG_DL_UART_3_init
    ti_msp_dl_config.o(.text.SYSCFG_DL_init) refers to ti_msp_dl_config.o(.text.SYSCFG_DL_SYSTICK_init) for SYSCFG_DL_SYSTICK_init
    ti_msp_dl_config.o(.text.SYSCFG_DL_init) refers to ti_msp_dl_config.o(.bss.gservo1Backup) for gservo1Backup
    ti_msp_dl_config.o(.text.SYSCFG_DL_init) refers to ti_msp_dl_config.o(.bss.gPWMBackup) for gPWMBackup
    ti_msp_dl_config.o(.text.SYSCFG_DL_init) refers to ti_msp_dl_config.o(.bss.gTIMER_1Backup) for gTIMER_1Backup
    ti_msp_dl_config.o(.text.SYSCFG_DL_init) refers to ti_msp_dl_config.o(.bss.gUART_3Backup) for gUART_3Backup
    ti_msp_dl_config.o(.ARM.exidx.text.SYSCFG_DL_init) refers to ti_msp_dl_config.o(.text.SYSCFG_DL_init) for [Anonymous Symbol]
    ti_msp_dl_config.o(.text.SYSCFG_DL_initPower) refers to dl_common.o(.text.DL_Common_delayCycles) for DL_Common_delayCycles
    ti_msp_dl_config.o(.ARM.exidx.text.SYSCFG_DL_initPower) refers to ti_msp_dl_config.o(.text.SYSCFG_DL_initPower) for [Anonymous Symbol]
    ti_msp_dl_config.o(.ARM.exidx.text.SYSCFG_DL_GPIO_init) refers to ti_msp_dl_config.o(.text.SYSCFG_DL_GPIO_init) for [Anonymous Symbol]
    ti_msp_dl_config.o(.ARM.exidx.text.SYSCFG_DL_SYSCTL_init) refers to ti_msp_dl_config.o(.text.SYSCFG_DL_SYSCTL_init) for [Anonymous Symbol]
    ti_msp_dl_config.o(.text.SYSCFG_DL_PWM_init) refers to dl_timer.o(.text.DL_Timer_setClockConfig) for DL_Timer_setClockConfig
    ti_msp_dl_config.o(.text.SYSCFG_DL_PWM_init) refers to dl_timer.o(.text.DL_Timer_initFourCCPWMMode) for DL_Timer_initFourCCPWMMode
    ti_msp_dl_config.o(.text.SYSCFG_DL_PWM_init) refers to dl_timer.o(.text.DL_Timer_setCaptureCompareOutCtl) for DL_Timer_setCaptureCompareOutCtl
    ti_msp_dl_config.o(.text.SYSCFG_DL_PWM_init) refers to dl_timer.o(.text.DL_Timer_setCaptCompUpdateMethod) for DL_Timer_setCaptCompUpdateMethod
[...]
    ../clib/angel/boardlib.s                 0x00000000   Number         0  boardinit2.o ABSOLUTE
    ../clib/angel/boardlib.s                 0x00000000   Number         0  boardinit3.o ABSOLUTE
    ../clib/angel/boardlib.s                 0x00000000   Number         0  boardshut.o ABSOLUTE
    ../clib/angel/handlers.s                 0x00000000   Number         0  __scatter_zi.o ABSOLUTE
    ../clib/angel/kernel.s                   0x00000000   Number         0  __rtentry.o ABSOLUTE
    ../clib/angel/kernel.s                   0x00000000   Number         0  __rtentry2.o ABSOLUTE
    ../clib/angel/kernel.s                   0x00000000   Number         0  __rtentry4.o ABSOLUTE
    ../clib/angel/kernel.s                   0x00000000   Number         0  rtexit.o ABSOLUTE
    ../clib/angel/kernel.s                   0x00000000   Number         0  rtexit2.o ABSOLUTE
    ../clib/angel/rt.s                       0x00000000   Number         0  aeabi_idiv0.o ABSOLUTE
    ../clib/angel/rt.s                       0x00000000   Number         0  aeabi_idiv0_sigfpe.o ABSOLUTE
    ../clib/angel/rt.s                       0x00000000   Number         0  rt_div0.o ABSOLUTE
    ../clib/angel/rt.s                       0x00000000   Number         0  rt_raise.o ABSOLUTE
    ../clib/angel/scatterp.s                 0x00000000   Number         0  __scatter.o ABSOLUTE
    ../clib/angel/startup.s                  0x00000000   Number         0  __main.o ABSOLUTE
    ../clib/angel/sys.s                      0x00000000   Number         0  sys_stackheap_outer.o ABSOLUTE
    ../clib/angel/sys.s                      0x00000000   Number         0  libspace.o ABSOLUTE
    ../clib/angel/sys.s                      0x00000000   Number         0  tempstk.o ABSOLUTE
    ../clib/angel/sys.s                      0x00000000   Number         0  use_no_semi.o ABSOLUTE
    ../clib/angel/sys.s                      0x00000000   Number         0  indicate_semi.o ABSOLUTE
    ../clib/angel/sysapp.c                   0x00000000   Number         0  sys_wrch.o ABSOLUTE
    ../clib/angel/sysapp.c                   0x00000000   Number         0  sys_wrch_hlt.o ABSOLUTE
    ../clib/angel/sysapp.c                   0x00000000   Number         0  sys_command.o ABSOLUTE
    ../clib/angel/sysapp.c                   0x00000000   Number         0  sys_command_hlt.o ABSOLUTE
    ../clib/armsys.c                         0x00000000   Number         0  argv_veneer.o ABSOLUTE
    ../clib/armsys.c                         0x00000000   Number         0  _get_argv_nomalloc.o ABSOLUTE
    ../clib/armsys.c                         0x00000000   Number         0  no_argv.o ABSOLUTE
    ../clib/division.s                       0x00000000   Number         0  aeabi_sdivfast.o ABSOLUTE
    ../clib/division.s                       0x00000000   Number         0  aeabi_sdivfast_div0.o ABSOLUTE
    ../clib/heapalloc.c                      0x00000000   Number         0  hrguard.o ABSOLUTE
    ../clib/heapaux.c                        0x00000000   Number         0  heapauxi.o ABSOLUTE
    ../clib/libinit.s                        0x00000000   Number         0  libinit.o ABSOLUTE
    ../clib/libinit.s                        0x00000000   Number         0  libinit2.o ABSOLUTE
    ../clib/libinit.s                        0x00000000   Number         0  libshutdown.o ABSOLUTE
    ../clib/libinit.s                        0x00000000   Number         0  libshutdown2.o ABSOLUTE
    ../clib/memcpset.c                       0x00000000   Number         0  rt_memmove.o ABSOLUTE
    ../clib/memcpset.c                       0x00000000   Number         0  rt_memcpy.o ABSOLUTE
    ../clib/memcpset.c                       0x00000000   Number         0  rt_memcpy.o ABSOLUTE
    ../clib/misc.s                           0x00000000   Number         0  printf_stubs.o ABSOLUTE
    ../clib/printf.c                         0x00000000   Number         0  __2sprintf.o ABSOLUTE
    ../clib/printf.c                         0x00000000   Number         0  noretval__2sprintf.o ABSOLUTE
    ../clib/printf.c                         0x00000000   Number         0  __printf.o ABSOLUTE
    ../clib/printf.c                         0x00000000   Number         0  _printf_pad.o ABSOLUTE
    ../clib/printf.c                         0x00000000   Number         0  _printf_hex_ll.o ABSOLUTE
    ../clib/printf.c                         0x00000000   Number         0  _printf_hex_int.o ABSOLUTE
    ../clib/printf.c                         0x00000000   Number         0  _printf_hex_int_ll.o ABSOLUTE
    ../clib/printf.c                         0x00000000   Number         0  _printf_hex_ptr.o ABSOLUTE
    ../clib/printf.c                         0x00000000   Number         0  _printf_hex_int_ptr.o ABSOLUTE
    ../clib/printf.c                         0x00000000   Number         0  _printf_hex_ll_ptr.o ABSOLUTE
    ../clib/printf.c                         0x00000000   Number         0  _printf_hex_int_ll_ptr.o ABSOLUTE
    ../clib/printf.c                         0x00000000   Number         0  __printf_flags.o ABSOLUTE
    ../clib/printf.c                         0x00000000   Number         0  __printf_ss.o ABSOLUTE
    ../clib/printf.c                         0x00000000   Number         0  __printf_flags_ss.o ABSOLUTE
    ../clib/printf.c                         0x00000000   Number         0  __printf_wp.o ABSOLUTE
    ../clib/printf.c                         0x00000000   Number         0  __printf_flags_wp.o ABSOLUTE
    ../clib/printf.c                         0x00000000   Number         0  __printf_ss_wp.o ABSOLUTE
    ../clib/printf.c                         0x00000000   Number         0  __printf_flags_ss_wp.o ABSOLUTE
    ../clib/printf.c                         0x00000000   Number         0  _printf_intcommon.o ABSOLUTE
    ../clib/printf.c                         0x00000000   Number         0  _printf_char_common.o ABSOLUTE
    ../clib/printf.c                         0x00000000   Number         0  _sputc.o ABSOLUTE
    ../clib/printf.c                         0x00000000   Number         0  __printf_nopercent.o ABSOLUTE
    ../clib/printf_percent.s                 0x00000000   Number         0  _printf_x.o ABSOLUTE
    ../clib/printf_percent.s                 0x00000000   Number         0  _printf_percent.o ABSOLUTE
    ../clib/printf_percent.s                 0x00000000   Number         0  _printf_percent_end.o ABSOLUTE
    ../clib/signal.c                         0x00000000   Number         0  defsig_fpe_outer.o ABSOLUTE
    ../clib/signal.c                         0x00000000   Number         0  defsig_fpe_formal.o ABSOLUTE
    ../clib/signal.c                         0x00000000   Number         0  defsig_exit.o ABSOLUTE
    ../clib/signal.c                         0x00000000   Number         0  defsig_fpe_inner.o ABSOLUTE
    ../clib/signal.c                         0x00000000   Number         0  __raise.o ABSOLUTE
    ../clib/signal.c                         0x00000000   Number         0  defsig_general.o ABSOLUTE
    ../clib/signal.c                         0x00000000   Number         0  defsig_abrt_inner.o ABSOLUTE
    ../clib/signal.c                         0x00000000   Number         0  defsig_rtred_inner.o ABSOLUTE
    ../clib/signal.c                         0x00000000   Number         0  defsig_rtmem_inner.o ABSOLUTE
    ../clib/signal.c                         0x00000000   Number         0  defsig_rtmem_outer.o ABSOLUTE
    ../clib/signal.c                         0x00000000   Number         0  defsig_rtmem_formal.o ABSOLUTE
    ../clib/signal.c                         0x00000000   Number         0  defsig_stak_inner.o ABSOLUTE
    ../clib/signal.c                         0x00000000   Number         0  defsig_pvfn_inner.o ABSOLUTE
    ../clib/signal.c                         0x00000000   Number         0  defsig_cppl_inner.o ABSOLUTE
    ../clib/signal.c                         0x00000000   Number         0  defsig_segv_inner.o ABSOLUTE
    ../clib/signal.c                         0x00000000   Number         0  defsig_other.o ABSOLUTE
    ../clib/signal.s                         0x00000000   Number         0  defsig.o ABSOLUTE
    ../clib/stdlib.c                         0x00000000   Number         0  exit.o ABSOLUTE
    ../fplib/cfplib/fdiv.c                   0x00000000   Number         0  fdiv.o ABSOLUTE
    ../fplib/cfplib/ffix.c                   0x00000000   Number         0  ffixui.o ABSOLUTE
    ../fplib/cfplib/fflt.c                   0x00000000   Number         0  fflti.o ABSOLUTE
    ../fplib/cfplib/fpinit.c                 0x00000000   Number         0  fpinit.o ABSOLUTE
    ../fplib/faddsub6m.s                     0x00000000   Number         0  faddsub.o ABSOLUTE
    ../fplib/fmul6m.s                        0x00000000   Number         0  fmul.o ABSOLUTE
    ../fplib/usenofp.s                       0x00000000   Number         0  usenofp.o ABSOLUTE
    ../source/ti/devices/msp/m0p/startup_system_files/keil/startup_mspm0g350x_uvision.s 0x00000000   Number         0  startup_mspm0g350x_uvision.o ABSOLUTE
    board.c                                  0x00000000   Number         0  board.o ABSOLUTE
    bsp_sg90.c                               0x00000000   Number         0  bsp_sg90.o ABSOLUTE
    buzzer.c                                 0x00000000   Number         0  buzzer.o ABSOLUTE
    dc.s                                     0x00000000   Number         0  dc.o ABSOLUTE
    dl_common.c                              0x00000000   Number         0  dl_common.o ABSOLUTE
    dl_timer.c                               0x00000000   Number         0  dl_timer.o ABSOLUTE
    dl_uart.c                                0x00000000   Number         0  dl_uart.o ABSOLUTE
    empty.c                                  0x00000000   Number         0  empty.o ABSOLUTE
    key.c                                    0x00000000   Number         0  key.o ABSOLUTE
    oled.c                                   0x00000000   Number         0  oled.o ABSOLUTE
    oled_show.c                              0x00000000   Number         0  oled_show.o ABSOLUTE
    ti_msp_dl_config.c                       0x00000000   Number         0  ti_msp_dl_config.o ABSOLUTE
    uart.c                                   0x00000000   Number         0  uart.o ABSOLUTE
    RESET                                    0x00000000   Section      192  startup_mspm0g350x_uvision.o(RESET)
    !!!main                                  0x000000c0   Section        8  __main.o(!!!main)
    !!!scatter                               0x000000c8   Section       84  __scatter.o(!!!scatter)
    !!handler_null                           0x00000120   Section        2  __scatter.o(!!handler_null)
    !!handler_zi                             0x00000128   Section       28  __scatter_zi.o(!!handler_zi)
    .ARM.Collect$$_printf_percent$$00000000  0x00000144   Section        2  _printf_percent.o(.ARM.Collect$$_printf_percent$$00000000)
    .ARM.Collect$$_printf_percent$$0000000C  0x00000146   Section       10  _printf_x.o(.ARM.Collect$$_printf_percent$$0000000C)
    .ARM.Collect$$_printf_percent$$00000017  0x00000150   Section        4  _printf_percent_end.o(.ARM.Collect$$_printf_percent$$00000017)
    .ARM.Collect$$libinit$$00000000          0x00000154   Section        2  libinit.o(.ARM.Collect$$libinit$$00000000)
    .ARM.Collect$$libinit$$00000002          0x00000156   Section        0  libinit2.o(.ARM.Collect$$libinit$$00000002)
    .ARM.Collect$$libinit$$00000004          0x00000156   Section        0  libinit2.o(.ARM.Collect$$libinit$$00000004)
    .ARM.Collect$$libinit$$00000006          0x00000156   Section        0  libinit2.o(.ARM.Collect$$libinit$$00000006)
    .ARM.Collect$$libinit$$0000000C          0x00000156   Section        0  libinit2.o(.ARM.Collect$$libinit$$0000000C)
    .ARM.Collect$$libinit$$0000000E          0x00000156   Section        0  libinit2.o(.ARM.Collect$$libinit$$0000000E)
    .ARM.Collect$$libinit$$00000010          0x00000156   Section        0  libinit2.o(.ARM.Collect$$libinit$$00000010)
    .ARM.Collect$$libinit$$00000013          0x00000156   Section        0  libinit2.o(.ARM.Collect$$libinit$$00000013)
    .ARM.Collect$$libinit$$00000015          0x00000156   Section        0  libinit2.o(.ARM.Collect$$libinit$$00000015)
    .ARM.Collect$$libinit$$00000017          0x00000156   Section        0  libinit2.o(.ARM.Collect$$libinit$$00000017)
    .ARM.Collect$$libinit$$00000019          0x00000156   Section        0  libinit2.o(.ARM.Collect$$libinit$$00000019)
    .ARM.Collect$$libinit$$0000001B          0x00000156   Section        0  libinit2.o(.ARM.Collect$$libinit$$0000001B)
    .ARM.Collect$$libinit$$0000001D          0x00000156   Section        0  libinit2.o(.ARM.Collect$$libinit$$0000001D)
    .ARM.Collect$$libinit$$0000001F          0x00000156   Section        0  libinit2.o(.ARM.Collect$$libinit$$0000001F)
    .ARM.Collect$$libinit$$00000021          0x00000156   Section        0  libinit2.o(.ARM.Collect$$libinit$$00000021)
    .ARM.Collect$$libinit$$00000023          0x00000156   Section        0  libinit2.o(.ARM.Collect$$libinit$$00000023)
    .ARM.Collect$$libinit$$00000025          0x00000156   Section        0  libinit2.o(.ARM.Collect$$libinit$$00000025)
    .ARM.Collect$$libinit$$00000027          0x00000156   Section        0  libinit2.o(.ARM.Collect$$libinit$$00000027)
    .ARM.Collect$$libinit$$0000002E          0x00000156   Section        0  libinit2.o(.ARM.Collect$$libinit$$0000002E)
    .ARM.Collect$$libinit$$00000030          0x00000156   Section        0  libinit2.o(.ARM.Collect$$libinit$$00000030)
    .ARM.Collect$$libinit$$00000032          0x00000156   Section        0  libinit2.o(.ARM.Collect$$libinit$$00000032)
    .ARM.Collect$$libinit$$00000034          0x00000156   Section        0  libinit2.o(.ARM.Collect$$libinit$$00000034)
    .ARM.Collect$$libinit$$00000035          0x00000156   Section        2  libinit2.o(.ARM.Collect$$libinit$$00000035)
    .ARM.Collect$$libshutdown$$00000000      0x00000158   Section        2  libshutdown.o(.ARM.Collect$$libshutdown$$00000000)
    .ARM.Collect$$libshutdown$$00000002      0x0000015a   Section        0  libshutdown2.o(.ARM.Collect$$libshutdown$$00000002)
    .ARM.Collect$$libshutdown$$00000004      0x0000015a   Section        0  libshutdown2.o(.ARM.Collect$$libshutdown$$00000004)
    .ARM.Collect$$libshutdown$$00000007      0x0000015a   Section        0  libshutdown2.o(.ARM.Collect$$libshutdown$$00000007)
    .ARM.Collect$$libshutdown$$0000000A      0x0000015a   Section        0  libshutdown2.o(.ARM.Collect$$libshutdown$$0000000A)
    .ARM.Collect$$libshutdown$$0000000C      0x0000015a   Section        0  libshutdown2.o(.ARM.Collect$$libshutdown$$0000000C)
    .ARM.Collect$$libshutdown$$0000000F      0x0000015a   Section        0  libshutdown2.o(.ARM.Collect$$libshutdown$$0000000F)
    .ARM.Collect$$libshutdown$$00000010      0x0000015a   Section        2  libshutdown2.o(.ARM.Collect$$libshutdown$$00000010)
    .ARM.Collect$$rtentry$$00000000          0x0000015c   Section        0  __rtentry.o(.ARM.Collect$$rtentry$$00000000)
    .ARM.Collect$$rtentry$$00000002          0x0000015c   Section        0  __rtentry2.o(.ARM.Collect$$rtentry$$00000002)
    .ARM.Collect$$rtentry$$00000004          0x0000015c   Section        6  __rtentry4.o(.ARM.Collect$$rtentry$$00000004)
    .ARM.Collect$$rtentry$$00000009          0x00000162   Section        0  __rtentry2.o(.ARM.Collect$$rtentry$$00000009)
    .ARM.Collect$$rtentry$$0000000A          0x00000162   Section        4  __rtentry2.o(.ARM.Collect$$rtentry$$0000000A)
    .ARM.Collect$$rtentry$$0000000C          0x00000166   Section        0  __rtentry2.o(.ARM.Collect$$rtentry$$0000000C)
    .ARM.Collect$$rtentry$$0000000D          0x00000166   Section        8  __rtentry2.o(.ARM.Collect$$rtentry$$0000000D)
    .ARM.Collect$$rtexit$$00000000           0x0000016e   Section        2  rtexit.o(.ARM.Collect$$rtexit$$00000000)
    .ARM.Collect$$rtexit$$00000002           0x00000170   Section        0  rtexit2.o(.ARM.Collect$$rtexit$$00000002)
    .ARM.Collect$$rtexit$$00000003           0x00000170   Section        4  rtexit2.o(.ARM.Collect$$rtexit$$00000003)
    .ARM.Collect$$rtexit$$00000004           0x00000174   Section        6  rtexit2.o(.ARM.Collect$$rtexit$$00000004)
    .emb_text                                0x0000017c   Section       56  rt_memcpy.o(.emb_text)
    .text                                    0x000001b4   Section       44  startup_mspm0g350x_uvision.o(.text)
    .text                                    0x000001e0   Section        0  noretval__2sprintf.o(.text)
    .text                                    0x00000208   Section        0  _printf_pad.o(.text)
    .text                                    0x00000258   Section        0  _printf_hex_int.o(.text)
    .text                                    0x000002b0   Section        0  __printf_flags_wp.o(.text)
    .text                                    0x000003e8   Section        0  rt_memmove.o(.text)
    .text                                    0x00000480   Section      504  aeabi_sdivfast.o(.text)
    .text                                    0x00000678   Section        0  heapauxi.o(.text)
    .text                                    0x00000680   Section        0  fdiv.o(.text)
    .text                                    0x000007e0   Section        0  ffixui.o(.text)
    .text                                    0x00000810   Section        0  fflti.o(.text)
    .text                                    0x0000086e   Section        0  _printf_intcommon.o(.text)
    _printf_input_char                       0x00000921   Thumb Code    10  _printf_char_common.o(.text)
    .text                                    0x00000920   Section        0  _printf_char_common.o(.text)
    .text                                    0x00000950   Section        0  _sputc.o(.text)
    .text                                    0x0000095a   Section        0  rt_memcpy.o(.text)
    .text                                    0x000009dc   Section       62  sys_stackheap_outer.o(.text)
    .text                                    0x00000a1a   Section        0  exit.o(.text)
    .text                                    0x00000a2c   Section        8  libspace.o(.text)
    [Anonymous Symbol]                       0x00000a34   Section        0  dl_common.o(.text.DL_Common_delayCycles)
    [Anonymous Symbol]                       0x00000a40   Section        0  dl_timer.o(.text.DL_Timer_initFourCCPWMMode)
    __arm_cp.40_1                            0x00000b34   Number         4  dl_timer.o(.text.DL_Timer_initFourCCPWMMode)
    __arm_cp.40_2                            0x00000b38   Number         4  dl_timer.o(.text.DL_Timer_initFourCCPWMMode)
    __arm_cp.40_4                            0x00000b3c   Number         4  dl_timer.o(.text.DL_Timer_initFourCCPWMMode)
    __arm_cp.40_5                            0x00000b40   Number         4  dl_timer.o(.text.DL_Timer_initFourCCPWMMode)
    __arm_cp.40_6                            0x00000b44   Number         4  dl_timer.o(.text.DL_Timer_initFourCCPWMMode)
    [Anonymous Symbol]                       0x00000b48   Section        0  dl_timer.o(.text.DL_Timer_initTimerMode)
    __arm_cp.2_0                             0x00000c28   Number         4  dl_timer.o(.text.DL_Timer_initTimerMode)
    __arm_cp.2_1                             0x00000c2c   Number         4  dl_timer.o(.text.DL_Timer_initTimerMode)
    __arm_cp.2_2                             0x00000c30   Number         4  dl_timer.o(.text.DL_Timer_initTimerMode)
    __arm_cp.2_3                             0x00000c34   Number         4  dl_timer.o(.text.DL_Timer_initTimerMode)
    [Anonymous Symbol]                       0x00000c38   Section        0  dl_timer.o(.text.DL_Timer_setCaptCompUpdateMethod)
    __arm_cp.23_0                            0x00000c50   Number         4  dl_timer.o(.text.DL_Timer_setCaptCompUpdateMethod)
    [Anonymous Symbol]                       0x00000c54   Section        0  dl_timer.o(.text.DL_Timer_setCaptureCompareOutCtl)
    __arm_cp.27_0                            0x00000c68   Number         4  dl_timer.o(.text.DL_Timer_setCaptureCompareOutCtl)
    [Anonymous Symbol]                       0x00000c6c   Section        0  dl_timer.o(.text.DL_Timer_setCaptureCompareValue)
    __arm_cp.3_0                             0x00000c78   Number         4  dl_timer.o(.text.DL_Timer_setCaptureCompareValue)
    [Anonymous Symbol]                       0x00000c7c   Section        0  dl_timer.o(.text.DL_Timer_setClockConfig)
    __arm_cp.0_0                             0x00000c94   Number         4  dl_timer.o(.text.DL_Timer_setClockConfig)
    [Anonymous Symbol]                       0x00000c98   Section        0  dl_uart.o(.text.DL_UART_init)
    __arm_cp.0_0                             0x00000cd8   Number         4  dl_uart.o(.text.DL_UART_init)
    __arm_cp.0_1                             0x00000cdc   Number         4  dl_uart.o(.text.DL_UART_init)
    [Anonymous Symbol]                       0x00000ce0   Section        0  dl_uart.o(.text.DL_UART_setClockConfig)
    [Anonymous Symbol]                       0x00000cf4   Section        0  oled.o(.text.OLED_Clear)
    __arm_cp.11_1                            0x00000d00   Number         4  oled.o(.text.OLED_Clear)
    [Anonymous Symbol]                       0x00001348   Section        0  oled.o(.text.OLED_Init)
    __arm_cp.22_1                            0x00001434   Number         4  oled.o(.text.OLED_Init)
    [Anonymous Symbol]                       0x00001a84   Section        0  oled.o(.text.OLED_Refresh)
    __arm_cp.10_1                            0x00001b74   Number         4  oled.o(.text.OLED_Refresh)
    [Anonymous Symbol]                       0x00001b78   Section        0  oled.o(.text.OLED_ShowChar)
    __arm_cp.15_0                            0x00001e20   Number         4  oled.o(.text.OLED_ShowChar)
    __arm_cp.15_1                            0x00001e24   Number         4  oled.o(.text.OLED_ShowChar)
    __arm_cp.15_2                            0x00001e28   Number         4  oled.o(.text.OLED_ShowChar)
    __arm_cp.15_3                            0x00001e2c   Number         4  oled.o(.text.OLED_ShowChar)
    __arm_cp.15_4                            0x00001e30   Number         4  oled.o(.text.OLED_ShowChar)
    [Anonymous Symbol]                       0x00001e34   Section        0  oled.o(.text.OLED_ShowNum)
    __arm_cp.18_0                            0x00001ef4   Number         4  oled.o(.text.OLED_ShowNum)
    [Anonymous Symbol]                       0x00001ef8   Section        0  oled.o(.text.OLED_ShowString)
    [Anonymous Symbol]                       0x00001f48   Section        0  oled.o(.text.OLED_WR_Byte)
    __arm_cp.1_0                             0x00001fe4   Number         4  oled.o(.text.OLED_WR_Byte)
    [Anonymous Symbol]                       0x00001fe8   Section        0  ti_msp_dl_config.o(.text.SYSCFG_DL_GPIO_init)
    __arm_cp.2_0                             0x00002080   Number         4  ti_msp_dl_config.o(.text.SYSCFG_DL_GPIO_init)
    __arm_cp.2_1                             0x00002084   Number         4  ti_msp_dl_config.o(.text.SYSCFG_DL_GPIO_init)
    __arm_cp.2_2                             0x00002088   Number         4  ti_msp_dl_config.o(.text.SYSCFG_DL_GPIO_init)
    __arm_cp.2_3                             0x0000208c   Number         4  ti_msp_dl_config.o(.text.SYSCFG_DL_GPIO_init)
    __arm_cp.2_4                             0x00002090   Number         4  ti_msp_dl_config.o(.text.SYSCFG_DL_GPIO_init)
    __arm_cp.2_5                             0x00002094   Number         4  ti_msp_dl_config.o(.text.SYSCFG_DL_GPIO_init)
    __arm_cp.2_6                             0x00002098   Number         4  ti_msp_dl_config.o(.text.SYSCFG_DL_GPIO_init)
    [Anonymous Symbol]                       0x0000209c   Section        0  ti_msp_dl_config.o(.text.SYSCFG_DL_PWM_init)
    __arm_cp.4_0                             0x00002148   Number         4  ti_msp_dl_config.o(.text.SYSCFG_DL_PWM_init)
    __arm_cp.4_1                             0x0000214c   Number         4  ti_msp_dl_config.o(.text.SYSCFG_DL_PWM_init)
    __arm_cp.4_2                             0x00002150   Number         4  ti_msp_dl_config.o(.text.SYSCFG_DL_PWM_init)
    __arm_cp.4_3                             0x00002154   Number         4  ti_msp_dl_config.o(.text.SYSCFG_DL_PWM_init)
    __arm_cp.4_5                             0x00002158   Number         4  ti_msp_dl_config.o(.text.SYSCFG_DL_PWM_init)
    [Anonymous Symbol]                       0x0000215c   Section        0  ti_msp_dl_config.o(.text.SYSCFG_DL_SYSCTL_init)
    __arm_cp.3_0                             0x00002190   Number         4  ti_msp_dl_config.o(.text.SYSCFG_DL_SYSCTL_init)
    __arm_cp.3_1                             0x00002194   Number         4  ti_msp_dl_config.o(.text.SYSCFG_DL_SYSCTL_init)
    [Anonymous Symbol]                       0x00002198   Section        0  ti_msp_dl_config.o(.text.SYSCFG_DL_SYSTICK_init)
    __arm_cp.10_0                            0x000021b0   Number         4  ti_msp_dl_config.o(.text.SYSCFG_DL_SYSTICK_init)
    [Anonymous Symbol]                       0x000021b4   Section        0  ti_msp_dl_config.o(.text.SYSCFG_DL_TIMER_0_init)
    __arm_cp.6_0                             0x000021d8   Number         4  ti_msp_dl_config.o(.text.SYSCFG_DL_TIMER_0_init)
    __arm_cp.6_1                             0x000021dc   Number         4  ti_msp_dl_config.o(.text.SYSCFG_DL_TIMER_0_init)
    __arm_cp.6_2                             0x000021e0   Number         4  ti_msp_dl_config.o(.text.SYSCFG_DL_TIMER_0_init)
    __arm_cp.6_3                             0x000021e4   Number         4  ti_msp_dl_config.o(.text.SYSCFG_DL_TIMER_0_init)
    __arm_cp.6_4                             0x000021e8   Number         4  ti_msp_dl_config.o(.text.SYSCFG_DL_TIMER_0_init)
    [Anonymous Symbol]                       0x000021ec   Section        0  ti_msp_dl_config.o(.text.SYSCFG_DL_TIMER_1_init)
    __arm_cp.7_0                             0x00002210   Number         4  ti_msp_dl_config.o(.text.SYSCFG_DL_TIMER_1_init)
    __arm_cp.7_1                             0x00002214   Number         4  ti_msp_dl_config.o(.text.SYSCFG_DL_TIMER_1_init)
    __arm_cp.7_2                             0x00002218   Number         4  ti_msp_dl_config.o(.text.SYSCFG_DL_TIMER_1_init)
    __arm_cp.7_3                             0x0000221c   Number         4  ti_msp_dl_config.o(.text.SYSCFG_DL_TIMER_1_init)
    __arm_cp.7_4                             0x00002220   Number         4  ti_msp_dl_config.o(.text.SYSCFG_DL_TIMER_1_init)
    [Anonymous Symbol]                       0x00002224   Section        0  ti_msp_dl_config.o(.text.SYSCFG_DL_UART_1_init)
    __arm_cp.8_0                             0x00002278   Number         4  ti_msp_dl_config.o(.text.SYSCFG_DL_UART_1_init)
    __arm_cp.8_1                             0x0000227c   Number         4  ti_msp_dl_config.o(.text.SYSCFG_DL_UART_1_init)
    __arm_cp.8_2                             0x00002280   Number         4  ti_msp_dl_config.o(.text.SYSCFG_DL_UART_1_init)
    __arm_cp.8_3                             0x00002284   Number         4  ti_msp_dl_config.o(.text.SYSCFG_DL_UART_1_init)
    __arm_cp.8_5                             0x00002288   Number         4  ti_msp_dl_config.o(.text.SYSCFG_DL_UART_1_init)
    [Anonymous Symbol]                       0x0000228c   Section        0  ti_msp_dl_config.o(.text.SYSCFG_DL_UART_3_init)
    __arm_cp.9_0                             0x000022e0   Number         4  ti_msp_dl_config.o(.text.SYSCFG_DL_UART_3_init)
    __arm_cp.9_1                             0x000022e4   Number         4  ti_msp_dl_config.o(.text.SYSCFG_DL_UART_3_init)
    __arm_cp.9_2                             0x000022e8   Number         4  ti_msp_dl_config.o(.text.SYSCFG_DL_UART_3_init)
    __arm_cp.9_3                             0x000022ec   Number         4  ti_msp_dl_config.o(.text.SYSCFG_DL_UART_3_init)
    __arm_cp.9_4                             0x000022f0   Number         4  ti_msp_dl_config.o(.text.SYSCFG_DL_UART_3_init)
    __arm_cp.9_5                             0x000022f4   Number         4  ti_msp_dl_config.o(.text.SYSCFG_DL_UART_3_init)
    [Anonymous Symbol]                       0x000022f8   Section        0  ti_msp_dl_config.o(.text.SYSCFG_DL_init)
    __arm_cp.0_0                             0x0000233c   Number         4  ti_msp_dl_config.o(.text.SYSCFG_DL_init)
    __arm_cp.0_1                             0x00002340   Number         4  ti_msp_dl_config.o(.text.SYSCFG_DL_init)
    __arm_cp.0_2                             0x00002344   Number         4  ti_msp_dl_config.o(.text.SYSCFG_DL_init)
    __arm_cp.0_3                             0x00002348   Number         4  ti_msp_dl_config.o(.text.SYSCFG_DL_init)
    [Anonymous Symbol]                       0x0000234c   Section        0  ti_msp_dl_config.o(.text.SYSCFG_DL_initPower)
    __arm_cp.1_0                             0x00002394   Number         4  ti_msp_dl_config.o(.text.SYSCFG_DL_initPower)
    __arm_cp.1_1                             0x00002398   Number         4  ti_msp_dl_config.o(.text.SYSCFG_DL_initPower)
    __arm_cp.1_2                             0x0000239c   Number         4  ti_msp_dl_config.o(.text.SYSCFG_DL_initPower)
    __arm_cp.1_3                             0x000023a0   Number         4  ti_msp_dl_config.o(.text.SYSCFG_DL_initPower)
    __arm_cp.1_4                             0x000023a4   Number         4  ti_msp_dl_config.o(.text.SYSCFG_DL_initPower)
    __arm_cp.1_5                             0x000023a8   Number         4  ti_msp_dl_config.o(.text.SYSCFG_DL_initPower)
    __arm_cp.1_6                             0x000023ac   Number         4  ti_msp_dl_config.o(.text.SYSCFG_DL_initPower)
    __arm_cp.1_7                             0x000023b0   Number         4  ti_msp_dl_config.o(.text.SYSCFG_DL_initPower)
    __arm_cp.1_8                             0x000023b4   Number         4  ti_msp_dl_config.o(.text.SYSCFG_DL_initPower)
    __arm_cp.1_9                             0x000023b8   Number         4  ti_msp_dl_config.o(.text.SYSCFG_DL_initPower)
    [Anonymous Symbol]                       0x000023bc   Section        0  ti_msp_dl_config.o(.text.SYSCFG_DL_servo1_init)
    __arm_cp.5_1                             0x00002418   Number         4  ti_msp_dl_config.o(.text.SYSCFG_DL_servo1_init)
    __arm_cp.5_2                             0x0000241c   Number         4  ti_msp_dl_config.o(.text.SYSCFG_DL_servo1_init)
    __arm_cp.5_3                             0x00002420   Number         4  ti_msp_dl_config.o(.text.SYSCFG_DL_servo1_init)
    __arm_cp.5_4                             0x00002424   Number         4  ti_msp_dl_config.o(.text.SYSCFG_DL_servo1_init)
    __arm_cp.5_5                             0x00002428   Number         4  ti_msp_dl_config.o(.text.SYSCFG_DL_servo1_init)
    [Anonymous Symbol]                       0x0000242c   Section        0  oled.o(.text.Send_Byte)
    __arm_cp.7_0                             0x00002530   Number         4  oled.o(.text.Send_Byte)
    [Anonymous Symbol]                       0x00002534   Section        0  bsp_sg90.o(.text.Set_Servo_Angle)
    [Anonymous Symbol]                       0x000025c0   Section        0  bsp_sg90.o(.text.TIMG0_IRQHandler)
    __arm_cp.2_0                             0x00002754   Number         4  bsp_sg90.o(.text.TIMG0_IRQHandler)
    __arm_cp.2_1                             0x00002758   Number         4  bsp_sg90.o(.text.TIMG0_IRQHandler)
    __arm_cp.2_2                             0x0000275c   Number         4  bsp_sg90.o(.text.TIMG0_IRQHandler)
    __arm_cp.2_3                             0x00002760   Number         4  bsp_sg90.o(.text.TIMG0_IRQHandler)
    __arm_cp.2_4                             0x00002764   Number         4  bsp_sg90.o(.text.TIMG0_IRQHandler)
    __arm_cp.2_5                             0x00002768   Number         4  bsp_sg90.o(.text.TIMG0_IRQHandler)
    __arm_cp.2_6                             0x0000276c   Number         4  bsp_sg90.o(.text.TIMG0_IRQHandler)
    __arm_cp.2_7                             0x00002770   Number         4  bsp_sg90.o(.text.TIMG0_IRQHandler)
    [Anonymous Symbol]                       0x00002774   Section        0  oled_show.o(.text.TIMG6_IRQHandler)
    __arm_cp.5_0                             0x000027bc   Number         4  oled_show.o(.text.TIMG6_IRQHandler)
    __arm_cp.5_1                             0x000027c0   Number         4  oled_show.o(.text.TIMG6_IRQHandler)
    __arm_cp.5_2                             0x000027c4   Number         4  oled_show.o(.text.TIMG6_IRQHandler)
    [Anonymous Symbol]                       0x000027c8   Section        0  uart.o(.text.UART1_IRQHandler)
    __arm_cp.2_0                             0x0000283c   Number         4  uart.o(.text.UART1_IRQHandler)
    __arm_cp.2_2                             0x00002840   Number         4  uart.o(.text.UART1_IRQHandler)
    [Anonymous Symbol]                       0x00002844   Section        0  uart.o(.text.UART3_IRQHandler)
    __arm_cp.3_0                             0x000028b8   Number         4  uart.o(.text.UART3_IRQHandler)
    __arm_cp.3_1                             0x000028bc   Number         4  uart.o(.text.UART3_IRQHandler)
    __arm_cp.3_2                             0x000028c0   Number         4  uart.o(.text.UART3_IRQHandler)
    __arm_cp.3_3                             0x000028c4   Number         4  uart.o(.text.UART3_IRQHandler)
    __arm_cp.3_4                             0x000028c8   Number         4  uart.o(.text.UART3_IRQHandler)
    __arm_cp.3_5                             0x000028cc   Number         4  uart.o(.text.UART3_IRQHandler)
    __arm_cp.3_6                             0x000028d0   Number         4  uart.o(.text.UART3_IRQHandler)
    [Anonymous Symbol]                       0x000028d4   Section        0  board.o(.text._sys_exit)
    [Anonymous Symbol]                       0x000028d8   Section        0  board.o(.text.board_init)
    __arm_cp.0_0                             0x0000292c   Number         4  board.o(.text.board_init)
    __arm_cp.0_1                             0x00002930   Number         4  board.o(.text.board_init)
    [Anonymous Symbol]                       0x00002934   Section        0  buzzer.o(.text.buzzer)
    __arm_cp.0_0                             0x00002960   Number         4  buzzer.o(.text.buzzer)
    [Anonymous Symbol]                       0x00002964   Section        0  board.o(.text.delay_ms)
    [Anonymous Symbol]                       0x000029a8   Section        0  board.o(.text.delay_us)
    __arm_cp.1_0                             0x000029e8   Number         4  board.o(.text.delay_us)
    [Anonymous Symbol]                       0x000029ec   Section        0  empty.o(.text.main)
    [Anonymous Symbol]                       0x00002a04   Section        0  oled_show.o(.text.oled_progress)
    __arm_cp.1_0                             0x00002b28   Number         4  oled_show.o(.text.oled_progress)
    __arm_cp.1_1                             0x00002b2c   Number         4  oled_show.o(.text.oled_progress)
    __arm_cp.1_2                             0x00002b30   Number         4  oled_show.o(.text.oled_progress)
    __arm_cp.1_3                             0x00002b34   Number         4  oled_show.o(.text.oled_progress)
    __arm_cp.1_4                             0x00002b38   Number         4  oled_show.o(.text.oled_progress)
    __arm_cp.1_5                             0x00002b3c   Number         4  oled_show.o(.text.oled_progress)
    __arm_cp.1_6                             0x00002b40   Number         4  oled_show.o(.text.oled_progress)
    __arm_cp.1_7                             0x00002b44   Number         4  oled_show.o(.text.oled_progress)
    __arm_cp.1_9                             0x00002b58   Number         4  oled_show.o(.text.oled_progress)
    [Anonymous Symbol]                       0x00002b5c   Section        0  oled_show.o(.text.oled_show)
    __arm_cp.3_1                             0x00002bf4   Number         4  oled_show.o(.text.oled_show)
    [Anonymous Symbol]                       0x00002bf8   Section        0  uart.o(.text.process)
    __arm_cp.4_16                            0x00002c8c   Number         4  uart.o(.text.process)
    __arm_cp.4_18                            0x00002ca8   Number         4  uart.o(.text.process)
    __arm_cp.4_20                            0x00003060   Number         4  uart.o(.text.process)
    __arm_cp.4_22                            0x00003068   Number         4  uart.o(.text.process)
    __arm_cp.4_23                            0x0000306c   Number         4  uart.o(.text.process)
    __arm_cp.4_24                            0x00003070   Number         4  uart.o(.text.process)
    __arm_cp.4_1                             0x000033d4   Number         4  uart.o(.text.process)
    __arm_cp.4_6                             0x000033ec   Number         4  uart.o(.text.process)
    __arm_cp.4_8                             0x000033f0   Number         4  uart.o(.text.process)
    __arm_cp.4_11                            0x000033f4   Number         4  uart.o(.text.process)
    [Anonymous Symbol]                       0x000033f8   Section        0  uart.o(.text.uart_send_string)
    __arm_cp.1_0                             0x0000342c   Number         4  uart.o(.text.uart_send_string)
    .text_divfast                            0x00003430   Section      502  aeabi_sdivfast.o(.text_divfast)
    i._is_digit                              0x00003626   Section        0  __printf_wp.o(i._is_digit)
    x$fpl$fadd                               0x00003634   Section      140  faddsub.o(x$fpl$fadd)
    _fadd1                                   0x00003641   Thumb Code     0  faddsub.o(x$fpl$fadd)
    x$fpl$fmul                               0x000036c0   Section      176  fmul.o(x$fpl$fmul)
    x$fpl$fsub                               0x00003770   Section      208  faddsub.o(x$fpl$fsub)
    _fsub1                                   0x0000377d   Thumb Code     0  faddsub.o(x$fpl$fsub)
    uc_hextab                                0x00003840   Data          20  _printf_hex_int.o(.constdata)
    .constdata                               0x00003840   Section       40  _printf_hex_int.o(.constdata)
    x$fpl$usenofp                            0x00003840   Section        0  usenofp.o(x$fpl$usenofp)
    lc_hextab                                0x00003854   Data          20  _printf_hex_int.o(.constdata)
    maptable                                 0x00003868   Data          17  __printf_flags_wp.o(.constdata)
    .constdata                               0x00003868   Section       17  __printf_flags_wp.o(.constdata)
    fdiv_tab                                 0x00003879   Data          64  fdiv.o(.constdata)
    .constdata                               0x00003879   Section       64  fdiv.o(.constdata)
    gPWMClockConfig                          0x000052a1   Data           3  ti_msp_dl_config.o(.rodata.gPWMClockConfig)
    [Anonymous Symbol]                       0x000052a1   Section        0  ti_msp_dl_config.o(.rodata.gPWMClockConfig)
    gPWMConfig                               0x000052a4   Data           8  ti_msp_dl_config.o(.rodata.gPWMConfig)
    [Anonymous Symbol]                       0x000052a4   Section        0  ti_msp_dl_config.o(.rodata.gPWMConfig)
    gTIMER_0ClockConfig                      0x000052ac   Data           3  ti_msp_dl_config.o(.rodata.gTIMER_0ClockConfig)
    [Anonymous Symbol]                       0x000052ac   Section        0  ti_msp_dl_config.o(.rodata.gTIMER_0ClockConfig)
    gTIMER_0TimerConfig                      0x000052b0   Data          20  ti_msp_dl_config.o(.rodata.gTIMER_0TimerConfig)
    [Anonymous Symbol]                       0x000052b0   Section        0  ti_msp_dl_config.o(.rodata.gTIMER_0TimerConfig)
    gTIMER_1ClockConfig                      0x000052c4   Data           3  ti_msp_dl_config.o(.rodata.gTIMER_1ClockConfig)
    [Anonymous Symbol]                       0x000052c4   Section        0  ti_msp_dl_config.o(.rodata.gTIMER_1ClockConfig)
    gTIMER_1TimerConfig                      0x000052c8   Data          20  ti_msp_dl_config.o(.rodata.gTIMER_1TimerConfig)
    [Anonymous Symbol]                       0x000052c8   Section        0  ti_msp_dl_config.o(.rodata.gTIMER_1TimerConfig)
    gUART_1ClockConfig                       0x000052dc   Data           2  ti_msp_dl_config.o(.rodata.gUART_1ClockConfig)
    [Anonymous Symbol]                       0x000052dc   Section        0  ti_msp_dl_config.o(.rodata.gUART_1ClockConfig)
    gUART_1Config                            0x000052de   Data          10  ti_msp_dl_config.o(.rodata.gUART_1Config)
    [Anonymous Symbol]                       0x000052de   Section        0  ti_msp_dl_config.o(.rodata.gUART_1Config)
    gUART_3ClockConfig                       0x000052e8   Data           2  ti_msp_dl_config.o(.rodata.gUART_3ClockConfig)
    [Anonymous Symbol]                       0x000052e8   Section        0  ti_msp_dl_config.o(.rodata.gUART_3ClockConfig)
    gUART_3Config                            0x000052ea   Data          10  ti_msp_dl_config.o(.rodata.gUART_3Config)
    [Anonymous Symbol]                       0x000052ea   Section        0  ti_msp_dl_config.o(.rodata.gUART_3Config)
    gservo1ClockConfig                       0x000052f4   Data           3  ti_msp_dl_config.o(.rodata.gservo1ClockConfig)
    [Anonymous Symbol]                       0x000052f4   Section        0  ti_msp_dl_config.o(.rodata.gservo1ClockConfig)
    gservo1Config                            0x000052f8   Data           8  ti_msp_dl_config.o(.rodata.gservo1Config)
    [Anonymous Symbol]                       0x000052f8   Section        0  ti_msp_dl_config.o(.rodata.gservo1Config)
    [Anonymous Symbol]                       0x00005300   Section        0  uart.o(.rodata.str1.1)
    [Anonymous Symbol]                       0x00005398   Section        0  oled_show.o(.rodata.str1.1)
    .bss                                     0x20200000   Section       96  libspace.o(.bss)
    TIMG0_IRQHandler.tick_counter            0x202004e8   Data           4  bsp_sg90.o(.bss.TIMG0_IRQHandler.tick_counter)
    [Anonymous Symbol]                       0x202004e8   Section        0  bsp_sg90.o(.bss.TIMG0_IRQHandler.tick_counter)
    TIMG6_IRQHandler.CurrState               0x202004ec   Data           1  oled_show.o(.bss.TIMG6_IRQHandler.CurrState)
    [Anonymous Symbol]                       0x202004ec   Section        0  oled_show.o(.bss.TIMG6_IRQHandler.CurrState)
    Heap_Mem                                 0x202008c8   Data           0  startup_mspm0g350x_uvision.o(HEAP)
    Stack_Mem                                0x202008c8   Data         256  startup_mspm0g350x_uvision.o(STACK)
    HEAP                                     0x202008c8   Section        0  startup_mspm0g350x_uvision.o(HEAP)
    STACK                                    0x202008c8   Section      256  startup_mspm0g350x_uvision.o(STACK)
    __initial_sp                             0x202009c8   Data           0  startup_mspm0g350x_uvision.o(STACK)

    Global Symbols

    Symbol Name                              Value     Ov Type        Size  Object(Section)

    BuildAttributes$$THM_ISAv3M$S$PE$A:L22$X:L11$S22$IEEE1$IW$~IW$USESV6$~STKCKD$USESV7$~SHL$OTIME$ROPI$EBA8$UX$STANDARDLIB$REQ8$PRES8$EABIv2 0x00000000   Number         0  anon$$obj.o ABSOLUTE
    __Vectors                                0x00000000   Data           4  startup_mspm0g350x_uvision.o(RESET)
    _printf_flags                            0x00000000   Number         0  printf_stubs.o ABSOLUTE
    _printf_return_value                     0x00000000   Number         0  printf_stubs.o ABSOLUTE
    _printf_sizespec                         0x00000000   Number         0  printf_stubs.o ABSOLUTE
    _printf_widthprec                        0x00000000   Number         0  printf_stubs.o ABSOLUTE
    __ARM_exceptions_init                     - Undefined Weak Reference
    __alloca_initialize                       - Undefined Weak Reference
    __arm_preinit_                            - Undefined Weak Reference
    __arm_relocate_pie_                       - Undefined Weak Reference
    __cpp_initialize__aeabi_                  - Undefined Weak Reference
    __cxa_finalize                            - Undefined Weak Reference
    __rt_locale                               - Undefined Weak Reference
    __sigvec_lookup                           - Undefined Weak Reference
    _atexit_init                              - Undefined Weak Reference
    _call_atexit_fns                          - Undefined Weak Reference
    _clock_init                               - Undefined Weak Reference
    _fp_trap_init                             - Undefined Weak Reference
    _fp_trap_shutdown                         - Undefined Weak Reference
    _get_lc_collate                           - Undefined Weak Reference
    _get_lc_ctype                             - Undefined Weak Reference
    _get_lc_monetary                          - Undefined Weak Reference
    _get_lc_numeric                           - Undefined Weak Reference
    _get_lc_time                              - Undefined Weak Reference
    _getenv_init                              - Undefined Weak Reference
    _handle_redirection                       - Undefined Weak Reference
    _init_alloc                               - Undefined Weak Reference
    _init_user_alloc                          - Undefined Weak Reference
    _initio                                   - Undefined Weak Reference
    _printf_truncate_unsigned                 - Undefined Weak Reference
    _rand_init                                - Undefined Weak Reference
    _signal_finish                            - Undefined Weak Reference
    _signal_init                              - Undefined Weak Reference
    _terminate_alloc                          - Undefined Weak Reference
    _terminate_user_alloc                     - Undefined Weak Reference
    _terminateio                              - Undefined Weak Reference
    __Vectors_End                            0x000000c0   Data           0  startup_mspm0g350x_uvision.o(RESET)
    __Vectors_Size                           0x000000c0   Number         0  startup_mspm0g350x_uvision.o ABSOLUTE
    __main                                   0x000000c1   Thumb Code     8  __main.o(!!!main)
    __scatterload                            0x000000c9   Thumb Code     0  __scatter.o(!!!scatter)
    __scatterload_rt2                        0x000000c9   Thumb Code    74  __scatter.o(!!!scatter)
    __scatterload_rt2_thumb_only             0x000000c9   Thumb Code     0  __scatter.o(!!!scatter)
    __scatterload_loop                       0x000000d3   Thumb Code     0  __scatter.o(!!!scatter)
    __scatterload_null                       0x00000121   Thumb Code     2  __scatter.o(!!handler_null)
    __scatterload_zeroinit                   0x00000129   Thumb Code    28  __scatter_zi.o(!!handler_zi)
    _printf_percent                          0x00000145   Thumb Code     0  _printf_percent.o(.ARM.Collect$$_printf_percent$$00000000)
    _printf_x                                0x00000147   Thumb Code     0  _printf_x.o(.ARM.Collect$$_printf_percent$$0000000C)
    _printf_percent_end                      0x00000151   Thumb Code     0  _printf_percent_end.o(.ARM.Collect$$_printf_percent$$00000017)
    __rt_lib_init                            0x00000155   Thumb Code     0  libinit.o(.ARM.Collect$$libinit$$00000000)
    __rt_lib_init_alloca_1                   0x00000157   Thumb Code     0  libinit2.o(.ARM.Collect$$libinit$$00000030)
    __rt_lib_init_argv_1                     0x00000157   Thumb Code     0  libinit2.o(.ARM.Collect$$libinit$$0000002E)
    __rt_lib_init_atexit_1                   0x00000157   Thumb Code     0  libinit2.o(.ARM.Collect$$libinit$$0000001D)
    __rt_lib_init_clock_1                    0x00000157   Thumb Code     0  libinit2.o(.ARM.Collect$$libinit$$00000023)
    __rt_lib_init_cpp_1                      0x00000157   Thumb Code     0  libinit2.o(.ARM.Collect$$libinit$$00000034)
    __rt_lib_init_exceptions_1               0x00000157   Thumb Code     0  libinit2.o(.ARM.Collect$$libinit$$00000032)
    __rt_lib_init_fp_1                       0x00000157   Thumb Code     0  libinit2.o(.ARM.Collect$$libinit$$00000002)
    __rt_lib_init_fp_trap_1                  0x00000157   Thumb Code     0  libinit2.o(.ARM.Collect$$libinit$$00000021)
    __rt_lib_init_getenv_1                   0x00000157   Thumb Code     0  libinit2.o(.ARM.Collect$$libinit$$00000025)
    __rt_lib_init_heap_1                     0x00000157   Thumb Code     0  libinit2.o(.ARM.Collect$$libinit$$0000000C)
    __rt_lib_init_lc_collate_1               0x00000157   Thumb Code     0  libinit2.o(.ARM.Collect$$libinit$$00000013)
    __rt_lib_init_lc_ctype_1                 0x00000157   Thumb Code     0  libinit2.o(.ARM.Collect$$libinit$$00000015)
    __rt_lib_init_lc_monetary_1              0x00000157   Thumb Code     0  libinit2.o(.ARM.Collect$$libinit$$00000017)
    __rt_lib_init_lc_numeric_1               0x00000157   Thumb Code     0  libinit2.o(.ARM.Collect$$libinit$$00000019)
    __rt_lib_init_lc_time_1                  0x00000157   Thumb Code     0  libinit2.o(.ARM.Collect$$libinit$$0000001B)
    __rt_lib_init_preinit_1                  0x00000157   Thumb Code     0  libinit2.o(.ARM.Collect$$libinit$$00000006)
    __rt_lib_init_rand_1                     0x00000157   Thumb Code     0  libinit2.o(.ARM.Collect$$libinit$$00000010)
    __rt_lib_init_relocate_pie_1             0x00000157   Thumb Code     0  libinit2.o(.ARM.Collect$$libinit$$00000004)
    __rt_lib_init_return                     0x00000157   Thumb Code     0  libinit2.o(.ARM.Collect$$libinit$$00000035)
    __rt_lib_init_signal_1                   0x00000157   Thumb Code     0  libinit2.o(.ARM.Collect$$libinit$$0000001F)
    __rt_lib_init_stdio_1                    0x00000157   Thumb Code     0  libinit2.o(.ARM.Collect$$libinit$$00000027)
    __rt_lib_init_user_alloc_1               0x00000157   Thumb Code     0  libinit2.o(.ARM.Collect$$libinit$$0000000E)
    __rt_lib_shutdown                        0x00000159   Thumb Code     0  libshutdown.o(.ARM.Collect$$libshutdown$$00000000)
    __rt_lib_shutdown_cpp_1                  0x0000015b   Thumb Code     0  libshutdown2.o(.ARM.Collect$$libshutdown$$00000002)
    __rt_lib_shutdown_fp_trap_1              0x0000015b   Thumb Code     0  libshutdown2.o(.ARM.Collect$$libshutdown$$00000007)
    __rt_lib_shutdown_heap_1                 0x0000015b   Thumb Code     0  libshutdown2.o(.ARM.Collect$$libshutdown$$0000000F)
    __rt_lib_shutdown_return                 0x0000015b   Thumb Code     0  libshutdown2.o(.ARM.Collect$$libshutdown$$00000010)
    __rt_lib_shutdown_signal_1               0x0000015b   Thumb Code     0  libshutdown2.o(.ARM.Collect$$libshutdown$$0000000A)
    __rt_lib_shutdown_stdio_1                0x0000015b   Thumb Code     0  libshutdown2.o(.ARM.Collect$$libshutdown$$00000004)
    __rt_lib_shutdown_user_alloc_1           0x0000015b   Thumb Code     0  libshutdown2.o(.ARM.Collect$$libshutdown$$0000000C)
    __rt_entry                               0x0000015d   Thumb Code     0  __rtentry.o(.ARM.Collect$$rtentry$$00000000)
    __rt_entry_presh_1                       0x0000015d   Thumb Code     0  __rtentry2.o(.ARM.Collect$$rtentry$$00000002)
    __rt_entry_sh                            0x0000015d   Thumb Code     0  __rtentry4.o(.ARM.Collect$$rtentry$$00000004)
    __rt_entry_li                            0x00000163   Thumb Code     0  __rtentry2.o(.ARM.Collect$$rtentry$$0000000A)
    __rt_entry_postsh_1                      0x00000163   Thumb Code     0  __rtentry2.o(.ARM.Collect$$rtentry$$00000009)
    __rt_entry_main                          0x00000167   Thumb Code     0  __rtentry2.o(.ARM.Collect$$rtentry$$0000000D)
    __rt_entry_postli_1                      0x00000167   Thumb Code     0  __rtentry2.o(.ARM.Collect$$rtentry$$0000000C)
    __rt_exit                                0x0000016f   Thumb Code     0  rtexit.o(.ARM.Collect$$rtexit$$00000000)
    __rt_exit_ls                             0x00000171   Thumb Code     0  rtexit2.o(.ARM.Collect$$rtexit$$00000003)
    __rt_exit_prels_1                        0x00000171   Thumb Code     0  rtexit2.o(.ARM.Collect$$rtexit$$00000002)
    __rt_exit_exit                           0x00000175   Thumb Code     0  rtexit2.o(.ARM.Collect$$rtexit$$00000004)
    __aeabi_memcpy4                          0x0000017d   Thumb Code    56  rt_memcpy.o(.emb_text)
    __aeabi_memcpy8                          0x0000017d   Thumb Code     0  rt_memcpy.o(.emb_text)
    Reset_Handler                            0x000001b5   Thumb Code     4  startup_mspm0g350x_uvision.o(.text)
    NMI_Handler                              0x000001b9   Thumb Code     2  startup_mspm0g350x_uvision.o(.text)
    HardFault_Handler                        0x000001bb   Thumb Code     2  startup_mspm0g350x_uvision.o(.text)
    SVC_Handler                              0x000001bd   Thumb Code     2  startup_mspm0g350x_uvision.o(.text)
    PendSV_Handler                           0x000001bf   Thumb Code     2  startup_mspm0g350x_uvision.o(.text)
    SysTick_Handler                          0x000001c1   Thumb Code     2  startup_mspm0g350x_uvision.o(.text)
    ADC0_IRQHandler                          0x000001c3   Thumb Code     0  startup_mspm0g350x_uvision.o(.text)
    ADC1_IRQHandler                          0x000001c3   Thumb Code     0  startup_mspm0g350x_uvision.o(.text)
    AES_IRQHandler                           0x000001c3   Thumb Code     0  startup_mspm0g350x_uvision.o(.text)
    CANFD0_IRQHandler                        0x000001c3   Thumb Code     0  startup_mspm0g350x_uvision.o(.text)
    DAC0_IRQHandler                          0x000001c3   Thumb Code     0  startup_mspm0g350x_uvision.o(.text)
    DMA_IRQHandler                           0x000001c3   Thumb Code     0  startup_mspm0g350x_uvision.o(.text)
    Default_Handler                          0x000001c3   Thumb Code     2  startup_mspm0g350x_uvision.o(.text)
    GROUP0_IRQHandler                        0x000001c3   Thumb Code     0  startup_mspm0g350x_uvision.o(.text)
    GROUP1_IRQHandler                        0x000001c3   Thumb Code     0  startup_mspm0g350x_uvision.o(.text)
    I2C0_IRQHandler                          0x000001c3   Thumb Code     0  startup_mspm0g350x_uvision.o(.text)
    I2C1_IRQHandler                          0x000001c3   Thumb Code     0  startup_mspm0g350x_uvision.o(.text)
    RTC_IRQHandler                           0x000001c3   Thumb Code     0  startup_mspm0g350x_uvision.o(.text)
    SPI0_IRQHandler                          0x000001c3   Thumb Code     0  startup_mspm0g350x_uvision.o(.text)
    SPI1_IRQHandler                          0x000001c3   Thumb Code     0  startup_mspm0g350x_uvision.o(.text)
    TIMA0_IRQHandler                         0x000001c3   Thumb Code     0  startup_mspm0g350x_uvision.o(.text)
    TIMA1_IRQHandler                         0x000001c3   Thumb Code     0  startup_mspm0g350x_uvision.o(.text)
    TIMG12_IRQHandler                        0x000001c3   Thumb Code     0  startup_mspm0g350x_uvision.o(.text)
    TIMG7_IRQHandler                         0x000001c3   Thumb Code     0  startup_mspm0g350x_uvision.o(.text)
    TIMG8_IRQHandler                         0x000001c3   Thumb Code     0  startup_mspm0g350x_uvision.o(.text)
    UART0_IRQHandler                         0x000001c3   Thumb Code     0  startup_mspm0g350x_uvision.o(.text)
    UART2_IRQHandler                         0x000001c3   Thumb Code     0  startup_mspm0g350x_uvision.o(.text)
    __user_initial_stackheap                 0x000001c5   Thumb Code    10  startup_mspm0g350x_uvision.o(.text)
    __2sprintf                               0x000001e1   Thumb Code    36  noretval__2sprintf.o(.text)
    _printf_pre_padding                      0x00000209   Thumb Code    44  _printf_pad.o(.text)
    _printf_post_padding                     0x00000235   Thumb Code    34  _printf_pad.o(.text)
    _printf_int_hex                          0x00000259   Thumb Code    84  _printf_hex_int.o(.text)
    _printf_longlong_hex                     0x00000259   Thumb Code     0  _printf_hex_int.o(.text)
    __printf                                 0x000002b1   Thumb Code   306  __printf_flags_wp.o(.text)
    __aeabi_memmove4                         0x000003e9   Thumb Code    70  rt_memmove.o(.text)
    __aeabi_memmove8                         0x000003e9   Thumb Code     0  rt_memmove.o(.text)
    __aeabi_memmove                          0x0000042f   Thumb Code    80  rt_memmove.o(.text)
    __rt_memmove                             0x0000042f   Thumb Code     0  rt_memmove.o(.text)
    __aeabi_uidivmod                         0x00000481   Thumb Code    28  aeabi_sdivfast.o(.text)
    __aeabi_idivmod                          0x0000049d   Thumb Code   472  aeabi_sdivfast.o(.text)
    __use_two_region_memory                  0x00000679   Thumb Code     2  heapauxi.o(.text)
    __rt_heap_escrow$2region                 0x0000067b   Thumb Code     2  heapauxi.o(.text)
    __rt_heap_expand$2region                 0x0000067d   Thumb Code     2  heapauxi.o(.text)
    __aeabi_fdiv                             0x00000681   Thumb Code     0  fdiv.o(.text)
    __divsf3                                 0x00000681   Thumb Code     0  fdiv.o(.text)
    _fdiv                                    0x00000681   Thumb Code   334  fdiv.o(.text)
    _frdiv                                   0x000007cf   Thumb Code     8  fdiv.o(.text)
    __aeabi_f2uiz                            0x000007e1   Thumb Code     0  ffixui.o(.text)
    _ffixu                                   0x000007e1   Thumb Code    48  ffixui.o(.text)
    __aeabi_i2f_normalise                    0x00000811   Thumb Code    72  fflti.o(.text)
    __aeabi_i2f                              0x00000859   Thumb Code    16  fflti.o(.text)
    _fflt                                    0x00000859   Thumb Code     0  fflti.o(.text)
    __aeabi_ui2f                             0x00000869   Thumb Code     6  fflti.o(.text)
    _ffltu                                   0x00000869   Thumb Code     0  fflti.o(.text)
    _printf_int_common                       0x0000086f   Thumb Code   176  _printf_intcommon.o(.text)
    _printf_char_common                      0x0000092b   Thumb Code    32  _printf_char_common.o(.text)
    _sputc                                   0x00000951   Thumb Code    10  _sputc.o(.text)
    __aeabi_memcpy                           0x0000095b   Thumb Code   130  rt_memcpy.o(.text)
    __rt_memcpy                              0x0000095b   Thumb Code     0  rt_memcpy.o(.text)
    __user_setup_stackheap                   0x000009dd   Thumb Code    62  sys_stackheap_outer.o(.text)
    exit                                     0x00000a1b   Thumb Code    16  exit.o(.text)
    __user_libspace                          0x00000a2d   Thumb Code     8  libspace.o(.text)
    __user_perproc_libspace                  0x00000a2d   Thumb Code     0  libspace.o(.text)
    __user_perthread_libspace                0x00000a2d   Thumb Code     0  libspace.o(.text)
    DL_Common_delayCycles                    0x00000a35   Thumb Code    10  dl_common.o(.text.DL_Common_delayCycles)
    DL_Timer_initFourCCPWMMode               0x00000a41   Thumb Code   264  dl_timer.o(.text.DL_Timer_initFourCCPWMMode)
    DL_Timer_initTimerMode                   0x00000b49   Thumb Code   240  dl_timer.o(.text.DL_Timer_initTimerMode)
    DL_Timer_setCaptCompUpdateMethod         0x00000c39   Thumb Code    28  dl_timer.o(.text.DL_Timer_setCaptCompUpdateMethod)
    DL_Timer_setCaptureCompareOutCtl         0x00000c55   Thumb Code    24  dl_timer.o(.text.DL_Timer_setCaptureCompareOutCtl)
    DL_Timer_setCaptureCompareValue          0x00000c6d   Thumb Code    16  dl_timer.o(.text.DL_Timer_setCaptureCompareValue)
    DL_Timer_setClockConfig                  0x00000c7d   Thumb Code    28  dl_timer.o(.text.DL_Timer_setClockConfig)
    DL_UART_init                             0x00000c99   Thumb Code    72  dl_uart.o(.text.DL_UART_init)
    DL_UART_setClockConfig                   0x00000ce1   Thumb Code    18  dl_uart.o(.text.DL_UART_setClockConfig)
    OLED_Clear                               0x00000cf5   Thumb Code  1620  oled.o(.text.OLED_Clear)
    OLED_Init                                0x00001349   Thumb Code  1852  oled.o(.text.OLED_Init)
    OLED_Refresh                             0x00001a85   Thumb Code   240  oled.o(.text.OLED_Refresh)
    OLED_ShowChar                            0x00001b79   Thumb Code   680  oled.o(.text.OLED_ShowChar)
    OLED_ShowNum                             0x00001e35   Thumb Code   192  oled.o(.text.OLED_ShowNum)
    OLED_ShowString                          0x00001ef9   Thumb Code    80  oled.o(.text.OLED_ShowString)
    OLED_WR_Byte                             0x00001f49   Thumb Code   156  oled.o(.text.OLED_WR_Byte)
    SYSCFG_DL_GPIO_init                      0x00001fe9   Thumb Code   152  ti_msp_dl_config.o(.text.SYSCFG_DL_GPIO_init)
    SYSCFG_DL_PWM_init                       0x0000209d   Thumb Code   172  ti_msp_dl_config.o(.text.SYSCFG_DL_PWM_init)
    SYSCFG_DL_SYSCTL_init                    0x0000215d   Thumb Code    52  ti_msp_dl_config.o(.text.SYSCFG_DL_SYSCTL_init)
    SYSCFG_DL_SYSTICK_init                   0x00002199   Thumb Code    24  ti_msp_dl_config.o(.text.SYSCFG_DL_SYSTICK_init)
    SYSCFG_DL_TIMER_0_init                   0x000021b5   Thumb Code    36  ti_msp_dl_config.o(.text.SYSCFG_DL_TIMER_0_init)
    SYSCFG_DL_TIMER_1_init                   0x000021ed   Thumb Code    36  ti_msp_dl_config.o(.text.SYSCFG_DL_TIMER_1_init)
    SYSCFG_DL_UART_1_init                    0x00002225   Thumb Code    84  ti_msp_dl_config.o(.text.SYSCFG_DL_UART_1_init)
    SYSCFG_DL_UART_3_init                    0x0000228d   Thumb Code    84  ti_msp_dl_config.o(.text.SYSCFG_DL_UART_3_init)
    SYSCFG_DL_init                           0x000022f9   Thumb Code    68  ti_msp_dl_config.o(.text.SYSCFG_DL_init)
    SYSCFG_DL_initPower                      0x0000234d   Thumb Code    72  ti_msp_dl_config.o(.text.SYSCFG_DL_initPower)
    SYSCFG_DL_servo1_init                    0x000023bd   Thumb Code    92  ti_msp_dl_config.o(.text.SYSCFG_DL_servo1_init)
    Send_Byte                                0x0000242d   Thumb Code   260  oled.o(.text.Send_Byte)
    Set_Servo_Angle                          0x00002535   Thumb Code   140  bsp_sg90.o(.text.Set_Servo_Angle)
    TIMG0_IRQHandler                         0x000025c1   Thumb Code   404  bsp_sg90.o(.text.TIMG0_IRQHandler)
    TIMG6_IRQHandler                         0x00002775   Thumb Code    72  oled_show.o(.text.TIMG6_IRQHandler)
    UART1_IRQHandler                         0x000027c9   Thumb Code   116  uart.o(.text.UART1_IRQHandler)
    UART3_IRQHandler                         0x00002845   Thumb Code   116  uart.o(.text.UART3_IRQHandler)
    _sys_exit                                0x000028d5   Thumb Code     2  board.o(.text._sys_exit)
    board_init                               0x000028d9   Thumb Code    84  board.o(.text.board_init)
    buzzer                                   0x00002935   Thumb Code    44  buzzer.o(.text.buzzer)
    delay_ms                                 0x00002965   Thumb Code    68  board.o(.text.delay_ms)
    delay_us                                 0x000029a9   Thumb Code    64  board.o(.text.delay_us)
    main                                     0x000029ed   Thumb Code    24  empty.o(.text.main)
    oled_progress                            0x00002a05   Thumb Code   292  oled_show.o(.text.oled_progress)
    oled_show                                0x00002b5d   Thumb Code   136  oled_show.o(.text.oled_show)
    process                                  0x00002bf9   Thumb Code  2008  uart.o(.text.process)
    uart_send_string                         0x000033f9   Thumb Code    52  uart.o(.text.uart_send_string)
    __aeabi_uidiv                            0x00003431   Thumb Code    68  aeabi_sdivfast.o(.text_divfast)
    __aeabi_idiv                             0x00003475   Thumb Code   434  aeabi_sdivfast.o(.text_divfast)
    _is_digit                                0x00003627   Thumb Code    14  __printf_wp.o(i._is_digit)
    __aeabi_fadd                             0x00003635   Thumb Code     0  faddsub.o(x$fpl$fadd)
    _fadd                                    0x00003635   Thumb Code   134  faddsub.o(x$fpl$fadd)
    __aeabi_fmul                             0x000036c1   Thumb Code     0  fmul.o(x$fpl$fmul)
    _fmul                                    0x000036c1   Thumb Code   172  fmul.o(x$fpl$fmul)
    __aeabi_fsub                             0x00003771   Thumb Code     0  faddsub.o(x$fpl$fsub)
    _fsub                                    0x00003771   Thumb Code   204  faddsub.o(x$fpl$fsub)
    __I$use$fp                               0x00003840   Number         0  usenofp.o(x$fpl$usenofp)
    asc2_0806                                0x000038b9   Data         552  oled.o(.rodata.asc2_0806)
    asc2_1206                                0x00003ae1   Data        1140  oled.o(.rodata.asc2_1206)
    asc2_1608                                0x00003f55   Data        1520  oled.o(.rodata.asc2_1608)
    asc2_2412                                0x00004545   Data        3420  oled.o(.rodata.asc2_2412)
    Region$$Table$$Base                      0x000053a0   Number         0  anon$$obj.o(Region$$Table)
    Region$$Table$$Limit                     0x000053b0   Number         0  anon$$obj.o(Region$$Table)
    __libspace_start                         0x20200000   Data          96  libspace.o(.bss)
    KeyNum                                   0x20200060   Data           1  oled_show.o(.bss.KeyNum)
    __temporary_stack_top$libspace           0x20200060   Data           0  libspace.o(.bss)
    Key_Num                                  0x20200061   Data           1  oled_show.o(.bss.Key_Num)
    OLED_GRAM                                0x20200062   Data        1152  oled.o(.bss.OLED_GRAM)
    Servo_Angle                              0x202004e4   Data           4  bsp_sg90.o(.bss.Servo_Angle)
    bfr                                      0x202004f0   Data           4  uart.o(.bss.bfr)
    bfw                                      0x202004f4   Data           4  uart.o(.bss.bfw)
    buflen                                   0x202004f8   Data           4  uart.o(.bss.buflen)
    count                                    0x202004fc   Data           4  uart.o(.bss.count)
    flag                                     0x20200500   Data           1  uart.o(.bss.flag)
    flag1                                    0x20200501   Data           1  oled_show.o(.bss.flag1)
    gPWMBackup                               0x20200504   Data         188  ti_msp_dl_config.o(.bss.gPWMBackup)
    gTIMER_1Backup                           0x202005c0   Data         160  ti_msp_dl_config.o(.bss.gTIMER_1Backup)
    gUART_3Backup                            0x20200660   Data          48  ti_msp_dl_config.o(.bss.gUART_3Backup)
    gservo1Backup                            0x20200690   Data         188  ti_msp_dl_config.o(.bss.gservo1Backup)
    i                                        0x2020074c   Data           2  oled_show.o(.bss.i)
    keynum                                   0x2020074e   Data           1  oled_show.o(.bss.keynum)
    motors                                   0x20200750   Data          48  bsp_sg90.o(.bss.motors)
    range1                                   0x20200780   Data           1  oled_show.o(.bss.range1)
    receivedData                             0x20200781   Data         320  uart.o(.bss.receivedData)
    user_pwd                                 0x202008c1   Data           6  oled_show.o(.bss.user_pwd)



==============================================================================

Memory Map of the image

  Image Entry point : 0x000000c1

  Load Region LR_IROM1 (Base: 0x00000000, Size: 0x000053b0, Max: 0x00020000, ABSOLUTE)

    Execution Region ER_IROM1 (Exec base: 0x00000000, Load base: 0x00000000, Size: 0x000053b0, Max: 0x00020000, ABSOLUTE)

    Exec Addr    Load Addr    Size         Type   Attr      Idx    E Section Name        Object

    0x00000000   0x00000000   0x000000c0   Data   RO            3    RESET               startup_mspm0g350x_uvision.o
    0x000000c0   0x000000c0   0x00000008   Code   RO          453  * !!!main             c_p.l(__main.o)
    0x000000c8   0x000000c8   0x00000054   Code   RO          655    !!!scatter          c_p.l(__scatter.o)
    0x0000011c   0x0000011c   0x00000004   PAD
    0x00000120   0x00000120   0x00000002   Code   RO          656    !!handler_null      c_p.l(__scatter.o)
    0x00000122   0x00000122   0x00000006   PAD
    0x00000128   0x00000128   0x0000001c   Code   RO          659    !!handler_zi        c_p.l(__scatter_zi.o)
    0x00000144   0x00000144   0x00000002   Code   RO          440    .ARM.Collect$$_printf_percent$$00000000  c_p.l(_printf_percent.o)
    0x00000146   0x00000146   0x0000000a   Code   RO          439    .ARM.Collect$$_printf_percent$$0000000C  c_p.l(_printf_x.o)
    0x00000150   0x00000150   0x00000004   Code   RO          481    .ARM.Collect$$_printf_percent$$00000017  c_p.l(_printf_percent_end.o)
    0x00000154   0x00000154   0x00000002   Code   RO          520    .ARM.Collect$$libinit$$00000000  c_p.l(libinit.o)
    0x00000156   0x00000156   0x00000000   Code   RO          534    .ARM.Collect$$libinit$$00000002  c_p.l(libinit2.o)
    0x00000156   0x00000156   0x00000000   Code   RO          536    .ARM.Collect$$libinit$$00000004  c_p.l(libinit2.o)
    0x00000156   0x00000156   0x00000000   Code   RO          538    .ARM.Collect$$libinit$$00000006  c_p.l(libinit2.o)
    0x00000156   0x00000156   0x00000000   Code   RO          541    .ARM.Collect$$libinit$$0000000C  c_p.l(libinit2.o)
    0x00000156   0x00000156   0x00000000   Code   RO          543    .ARM.Collect$$libinit$$0000000E  c_p.l(libinit2.o)
    0x00000156   0x00000156   0x00000000   Code   RO          545    .ARM.Collect$$libinit$$00000010  c_p.l(libinit2.o)
    0x00000156   0x00000156   0x00000000   Code   RO          548    .ARM.Collect$$libinit$$00000013  c_p.l(libinit2.o)
    0x00000156   0x00000156   0x00000000   Code   RO          550    .ARM.Collect$$libinit$$00000015  c_p.l(libinit2.o)
    0x00000156   0x00000156   0x00000000   Code   RO          552    .ARM.Collect$$libinit$$00000017  c_p.l(libinit2.o)
    0x00000156   0x00000156   0x00000000   Code   RO          554    .ARM.Collect$$libinit$$00000019  c_p.l(libinit2.o)
    0x00000156   0x00000156   0x00000000   Code   RO          556    .ARM.Collect$$libinit$$0000001B  c_p.l(libinit2.o)
    0x00000156   0x00000156   0x00000000   Code   RO          558    .ARM.Collect$$libinit$$0000001D  c_p.l(libinit2.o)
    0x00000156   0x00000156   0x00000000   Code   RO          560    .ARM.Collect$$libinit$$0000001F  c_p.l(libinit2.o)
    0x00000156   0x00000156   0x00000000   Code   RO          562    .ARM.Collect$$libinit$$00000021  c_p.l(libinit2.o)
    0x00000156   0x00000156   0x00000000   Code   RO          564    .ARM.Collect$$libinit$$00000023  c_p.l(libinit2.o)
    0x00000156   0x00000156   0x00000000   Code   RO          566    .ARM.Collect$$libinit$$00000025  c_p.l(libinit2.o)
    0x00000156   0x00000156   0x00000000   Code   RO          568    .ARM.Collect$$libinit$$00000027  c_p.l(libinit2.o)
    0x00000156   0x00000156   0x00000000   Code   RO          572    .ARM.Collect$$libinit$$0000002E  c_p.l(libinit2.o)
    0x00000156   0x00000156   0x00000000   Code   RO          574    .ARM.Collect$$libinit$$00000030  c_p.l(libinit2.o)
    0x00000156   0x00000156   0x00000000   Code   RO          576    .ARM.Collect$$libinit$$00000032  c_p.l(libinit2.o)
    0x00000156   0x00000156   0x00000000   Code   RO          578    .ARM.Collect$$libinit$$00000034  c_p.l(libinit2.o)
    0x00000156   0x00000156   0x00000002   Code   RO          579    .ARM.Collect$$libinit$$00000035  c_p.l(libinit2.o)
    0x00000158   0x00000158   0x00000002   Code   RO          607    .ARM.Collect$$libshutdown$$00000000  c_p.l(libshutdown.o)
    0x0000015a   0x0000015a   0x00000000   Code   RO          638    .ARM.Collect$$libshutdown$$00000002  c_p.l(libshutdown2.o)
    0x0000015a   0x0000015a   0x00000000   Code   RO          640    .ARM.Collect$$libshutdown$$00000004  c_p.l(libshutdown2.o)
    0x0000015a   0x0000015a   0x00000000   Code   RO          643    .ARM.Collect$$libshutdown$$00000007  c_p.l(libshutdown2.o)
    0x0000015a   0x0000015a   0x00000000   Code   RO          646    .ARM.Collect$$libshutdown$$0000000A  c_p.l(libshutdown2.o)
    0x0000015a   0x0000015a   0x00000000   Code   RO          648    .ARM.Collect$$libshutdown$$0000000C  c_p.l(libshutdown2.o)
    0x0000015a   0x0000015a   0x00000000   Code   RO          651    .ARM.Collect$$libshutdown$$0000000F  c_p.l(libshutdown2.o)
    0x0000015a   0x0000015a   0x00000002   Code   RO          652    .ARM.Collect$$libshutdown$$00000010  c_p.l(libshutdown2.o)
    0x0000015c   0x0000015c   0x00000000   Code   RO          470    .ARM.Collect$$rtentry$$00000000  c_p.l(__rtentry.o)
    0x0000015c   0x0000015c   0x00000000   Code   RO          488    .ARM.Collect$$rtentry$$00000002  c_p.l(__rtentry2.o)
    0x0000015c   0x0000015c   0x00000006   Code   RO          500    .ARM.Collect$$rtentry$$00000004  c_p.l(__rtentry4.o)
    0x00000162   0x00000162   0x00000000   Code   RO          490    .ARM.Collect$$rtentry$$00000009  c_p.l(__rtentry2.o)
    0x00000162   0x00000162   0x00000004   Code   RO          491    .ARM.Collect$$rtentry$$0000000A  c_p.l(__rtentry2.o)
    0x00000166   0x00000166   0x00000000   Code   RO          493    .ARM.Collect$$rtentry$$0000000C  c_p.l(__rtentry2.o)
    0x00000166   0x00000166   0x00000008   Code   RO          494    .ARM.Collect$$rtentry$$0000000D  c_p.l(__rtentry2.o)
    0x0000016e   0x0000016e   0x00000002   Code   RO          525    .ARM.Collect$$rtexit$$00000000  c_p.l(rtexit.o)
    0x00000170   0x00000170   0x00000000   Code   RO          581    .ARM.Collect$$rtexit$$00000002  c_p.l(rtexit2.o)
    0x00000170   0x00000170   0x00000004   Code   RO          582    .ARM.Collect$$rtexit$$00000003  c_p.l(rtexit2.o)
    0x00000174   0x00000174   0x00000006   Code   RO          583    .ARM.Collect$$rtexit$$00000004  c_p.l(rtexit2.o)
    0x0000017a   0x0000017a   0x00000002   PAD
    0x0000017c   0x0000017c   0x00000038   Code   RO          482    .emb_text           c_p.l(rt_memcpy.o)
    0x000001b4   0x000001b4   0x0000002c   Code   RO            4    .text               startup_mspm0g350x_uvision.o
    0x000001e0   0x000001e0   0x00000028   Code   RO          392    .text               c_p.l(noretval__2sprintf.o)
    0x00000208   0x00000208   0x0000004e   Code   RO          396    .text               c_p.l(_printf_pad.o)
    0x00000256   0x00000256   0x00000002   PAD
    0x00000258   0x00000258   0x00000058   Code   RO          401    .text               c_p.l(_printf_hex_int.o)
    0x000002b0   0x000002b0   0x00000138   Code   RO          431    .text               c_p.l(__printf_flags_wp.o)
    0x000003e8   0x000003e8   0x00000096   Code   RO          441    .text               c_p.l(rt_memmove.o)
    0x0000047e   0x0000047e   0x00000002   PAD
    0x00000480   0x00000480   0x000001f8   Code   RO          443    .text               c_p.l(aeabi_sdivfast.o)
    0x00000678   0x00000678   0x00000006   Code   RO          451    .text               c_p.l(heapauxi.o)
    0x0000067e   0x0000067e   0x00000002   PAD
    0x00000680   0x00000680   0x00000160   Code   RO          461    .text               fz_ps.l(fdiv.o)
    0x000007e0   0x000007e0   0x00000030   Code   RO          464    .text               fz_ps.l(ffixui.o)
    0x00000810   0x00000810   0x0000005e   Code   RO          466    .text               fz_ps.l(fflti.o)
    0x0000086e   0x0000086e   0x000000b0   Code   RO          475    .text               c_p.l(_printf_intcommon.o)
    0x0000091e   0x0000091e   0x00000002   PAD
    0x00000920   0x00000920   0x00000030   Code   RO          477    .text               c_p.l(_printf_char_common.o)
    0x00000950   0x00000950   0x0000000a   Code   RO          479    .text               c_p.l(_sputc.o)
    0x0000095a   0x0000095a   0x00000082   Code   RO          483    .text               c_p.l(rt_memcpy.o)
    0x000009dc   0x000009dc   0x0000003e   Code   RO          506    .text               c_p.l(sys_stackheap_outer.o)
    0x00000a1a   0x00000a1a   0x00000010   Code   RO          509    .text               c_p.l(exit.o)
    0x00000a2a   0x00000a2a   0x00000002   PAD
    0x00000a2c   0x00000a2c   0x00000008   Code   RO          521    .text               c_p.l(libspace.o)
    0x00000a34   0x00000a34   0x0000000a   Code   RO          239    .text.DL_Common_delayCycles  driverlib.a(dl_common.o)
    0x00000a3e   0x00000a3e   0x00000002   PAD
    0x00000a40   0x00000a40   0x00000108   Code   RO          328    .text.DL_Timer_initFourCCPWMMode  driverlib.a(dl_timer.o)
    0x00000b48   0x00000b48   0x000000f0   Code   RO          252    .text.DL_Timer_initTimerMode  driverlib.a(dl_timer.o)
    0x00000c38   0x00000c38   0x0000001c   Code   RO          294    .text.DL_Timer_setCaptCompUpdateMethod  driverlib.a(dl_timer.o)
    0x00000c54   0x00000c54   0x00000018   Code   RO          302    .text.DL_Timer_setCaptureCompareOutCtl  driverlib.a(dl_timer.o)
    0x00000c6c   0x00000c6c   0x00000010   Code   RO          254    .text.DL_Timer_setCaptureCompareValue  driverlib.a(dl_timer.o)
    0x00000c7c   0x00000c7c   0x0000001c   Code   RO          248    .text.DL_Timer_setClockConfig  driverlib.a(dl_timer.o)
    0x00000c98   0x00000c98   0x00000048   Code   RO          349    .text.DL_UART_init  driverlib.a(dl_uart.o)
    0x00000ce0   0x00000ce0   0x00000012   Code   RO          351    .text.DL_UART_setClockConfig  driverlib.a(dl_uart.o)
    0x00000cf2   0x00000cf2   0x00000002   PAD
    0x00000cf4   0x00000cf4   0x00000654   Code   RO          168    .text.OLED_Clear    oled.o
    0x00001348   0x00001348   0x0000073c   Code   RO          190    .text.OLED_Init     oled.o
    0x00001a84   0x00001a84   0x000000f4   Code   RO          166    .text.OLED_Refresh  oled.o
    0x00001b78   0x00001b78   0x000002bc   Code   RO          176    .text.OLED_ShowChar  oled.o
    0x00001e34   0x00001e34   0x000000c4   Code   RO          182    .text.OLED_ShowNum  oled.o
    0x00001ef8   0x00001ef8   0x00000050   Code   RO          178    .text.OLED_ShowString  oled.o
    0x00001f48   0x00001f48   0x000000a0   Code   RO          148    .text.OLED_WR_Byte  oled.o
    0x00001fe8   0x00001fe8   0x000000b4   Code   RO           25    .text.SYSCFG_DL_GPIO_init  ti_msp_dl_config.o
    0x0000209c   0x0000209c   0x000000c0   Code   RO           29    .text.SYSCFG_DL_PWM_init  ti_msp_dl_config.o
    0x0000215c   0x0000215c   0x0000003c   Code   RO           27    .text.SYSCFG_DL_SYSCTL_init  ti_msp_dl_config.o
    0x00002198   0x00002198   0x0000001c   Code   RO           41    .text.SYSCFG_DL_SYSTICK_init  ti_msp_dl_config.o
    0x000021b4   0x000021b4   0x00000038   Code   RO           33    .text.SYSCFG_DL_TIMER_0_init  ti_msp_dl_config.o
    0x000021ec   0x000021ec   0x00000038   Code   RO           35    .text.SYSCFG_DL_TIMER_1_init  ti_msp_dl_config.o
    0x00002224   0x00002224   0x00000068   Code   RO           37    .text.SYSCFG_DL_UART_1_init  ti_msp_dl_config.o
    0x0000228c   0x0000228c   0x0000006c   Code   RO           39    .text.SYSCFG_DL_UART_3_init  ti_msp_dl_config.o
    0x000022f8   0x000022f8   0x00000054   Code   RO           21    .text.SYSCFG_DL_init  ti_msp_dl_config.o
    0x0000234c   0x0000234c   0x00000070   Code   RO           23    .text.SYSCFG_DL_initPower  ti_msp_dl_config.o
    0x000023bc   0x000023bc   0x00000070   Code   RO           31    .text.SYSCFG_DL_servo1_init  ti_msp_dl_config.o
    0x0000242c   0x0000242c   0x00000108   Code   RO          160    .text.Send_Byte     oled.o
    0x00002534   0x00002534   0x0000008c   Code   RO           71    .text.Set_Servo_Angle  bsp_sg90.o
    0x000025c0   0x000025c0   0x000001b4   Code   RO           75    .text.TIMG0_IRQHandler  bsp_sg90.o
    0x00002774   0x00002774   0x00000054   Code   RO          219    .text.TIMG6_IRQHandler  oled_show.o
    0x000027c8   0x000027c8   0x0000007c   Code   RO          115    .text.UART1_IRQHandler  uart.o
    0x00002844   0x00002844   0x00000090   Code   RO          117    .text.UART3_IRQHandler  uart.o
    0x000028d4   0x000028d4   0x00000002   Code   RO           98    .text._sys_exit     board.o
    0x000028d6   0x000028d6   0x00000002   PAD
    0x000028d8   0x000028d8   0x0000005c   Code   RO           88    .text.board_init    board.o
    0x00002934   0x00002934   0x00000030   Code   RO          136    .text.buzzer        buzzer.o
    0x00002964   0x00002964   0x00000044   Code   RO           92    .text.delay_ms      board.o
    0x000029a8   0x000029a8   0x00000044   Code   RO           90    .text.delay_us      board.o
    0x000029ec   0x000029ec   0x00000018   Code   RO           11    .text.main          empty.o
    0x00002a04   0x00002a04   0x00000158   Code   RO          211    .text.oled_progress  oled_show.o
    0x00002b5c   0x00002b5c   0x0000009c   Code   RO          215    .text.oled_show     oled_show.o
    0x00002bf8   0x00002bf8   0x00000800   Code   RO          119    .text.process       uart.o
    0x000033f8   0x000033f8   0x00000038   Code   RO          113    .text.uart_send_string  uart.o
    0x00003430   0x00003430   0x000001f6   Code   RO          444    .text_divfast       c_p.l(aeabi_sdivfast.o)
    0x00003626   0x00003626   0x0000000e   Code   RO          429    i._is_digit         c_p.l(__printf_wp.o)
    0x00003634   0x00003634   0x0000008c   Code   RO          455    x$fpl$fadd          fz_ps.l(faddsub.o)
    0x000036c0   0x000036c0   0x000000b0   Code   RO          468    x$fpl$fmul          fz_ps.l(fmul.o)
    0x00003770   0x00003770   0x000000d0   Code   RO          457    x$fpl$fsub          fz_ps.l(faddsub.o)
    0x00003840   0x00003840   0x00000000   Code   RO          486    x$fpl$usenofp       fz_ps.l(usenofp.o)
    0x00003840   0x00003840   0x00000028   Data   RO          402    .constdata          c_p.l(_printf_hex_int.o)
    0x00003868   0x00003868   0x00000011   Data   RO          432    .constdata          c_p.l(__printf_flags_wp.o)
    0x00003879   0x00003879   0x00000040   Data   RO          462    .constdata          fz_ps.l(fdiv.o)
    0x000038b9   0x000038b9   0x00000228   Data   RO          192    .rodata.asc2_0806   oled.o
    0x00003ae1   0x00003ae1   0x00000474   Data   RO          193    .rodata.asc2_1206   oled.o
    0x00003f55   0x00003f55   0x000005f0   Data   RO          194    .rodata.asc2_1608   oled.o
    0x00004545   0x00004545   0x00000d5c   Data   RO          195    .rodata.asc2_2412   oled.o
    0x000052a1   0x000052a1   0x00000003   Data   RO           51    .rodata.gPWMClockConfig  ti_msp_dl_config.o
    0x000052a4   0x000052a4   0x00000008   Data   RO           52    .rodata.gPWMConfig  ti_msp_dl_config.o
    0x000052ac   0x000052ac   0x00000003   Data   RO           55    .rodata.gTIMER_0ClockConfig  ti_msp_dl_config.o
    0x000052af   0x000052af   0x00000001   PAD
    0x000052b0   0x000052b0   0x00000014   Data   RO           56    .rodata.gTIMER_0TimerConfig  ti_msp_dl_config.o
    0x000052c4   0x000052c4   0x00000003   Data   RO           57    .rodata.gTIMER_1ClockConfig  ti_msp_dl_config.o
    0x000052c7   0x000052c7   0x00000001   PAD
    0x000052c8   0x000052c8   0x00000014   Data   RO           58    .rodata.gTIMER_1TimerConfig  ti_msp_dl_config.o
    0x000052dc   0x000052dc   0x00000002   Data   RO           59    .rodata.gUART_1ClockConfig  ti_msp_dl_config.o
    0x000052de   0x000052de   0x0000000a   Data   RO           60    .rodata.gUART_1Config  ti_msp_dl_config.o
    0x000052e8   0x000052e8   0x00000002   Data   RO           61    .rodata.gUART_3ClockConfig  ti_msp_dl_config.o
    0x000052ea   0x000052ea   0x0000000a   Data   RO           62    .rodata.gUART_3Config  ti_msp_dl_config.o
    0x000052f4   0x000052f4   0x00000003   Data   RO           53    .rodata.gservo1ClockConfig  ti_msp_dl_config.o
    0x000052f7   0x000052f7   0x00000001   PAD
    0x000052f8   0x000052f8   0x00000008   Data   RO           54    .rodata.gservo1Config  ti_msp_dl_config.o
    0x00005300   0x00005300   0x00000098   Data   RO          127    .rodata.str1.1      uart.o
    0x00005398   0x00005398   0x00000003   Data   RO          225    .rodata.str1.1      oled_show.o
    0x0000539b   0x0000539b   0x00000005   PAD
    0x000053a0   0x000053a0   0x00000010   Data   RO          654    Region$$Table       anon$$obj.o


    Execution Region RW_IRAM2 (Exec base: 0x20200000, Load base: 0x000053b0, Size: 0x000009c8, Max: 0x00008000, ABSOLUTE)

    Exec Addr    Load Addr    Size         Type   Attr      Idx    E Section Name        Object

    0x20200000        -       0x00000060   Zero   RW          522    .bss                c_p.l(libspace.o)
    0x20200060        -       0x00000001   Zero   RW          226    .bss.KeyNum         oled_show.o
    0x20200061        -       0x00000001   Zero   RW          228    .bss.Key_Num        oled_show.o
    0x20200062        -       0x00000480   Zero   RW          200    .bss.OLED_GRAM      oled.o
    0x202004e2   0x000053b0   0x00000002   PAD
    0x202004e4        -       0x00000004   Zero   RW           77    .bss.Servo_Angle    bsp_sg90.o
    0x202004e8        -       0x00000004   Zero   RW           78    .bss.TIMG0_IRQHandler.tick_counter  bsp_sg90.o
    0x202004ec        -       0x00000001   Zero   RW          229    .bss.TIMG6_IRQHandler.CurrState  oled_show.o
    0x202004ed   0x000053b0   0x00000003   PAD
    0x202004f0        -       0x00000004   Zero   RW          125    .bss.bfr            uart.o
    0x202004f4        -       0x00000004   Zero   RW          124    .bss.bfw            uart.o
    0x202004f8        -       0x00000004   Zero   RW          122    .bss.buflen         uart.o
    0x202004fc        -       0x00000004   Zero   RW          123    .bss.count          uart.o
    0x20200500        -       0x00000001   Zero   RW          121    .bss.flag           uart.o
    0x20200501        -       0x00000001   Zero   RW          223    .bss.flag1          oled_show.o
    0x20200502   0x000053b0   0x00000002   PAD
    0x20200504        -       0x000000bc   Zero   RW           47    .bss.gPWMBackup     ti_msp_dl_config.o
    0x202005c0        -       0x000000a0   Zero   RW           49    .bss.gTIMER_1Backup  ti_msp_dl_config.o
    0x20200660        -       0x00000030   Zero   RW           50    .bss.gUART_3Backup  ti_msp_dl_config.o
    0x20200690        -       0x000000bc   Zero   RW           48    .bss.gservo1Backup  ti_msp_dl_config.o
    0x2020074c        -       0x00000002   Zero   RW          227    .bss.i              oled_show.o
    0x2020074e        -       0x00000001   Zero   RW          221    .bss.keynum         oled_show.o
    0x2020074f   0x000053b0   0x00000001   PAD
    0x20200750        -       0x00000030   Zero   RW           79    .bss.motors         bsp_sg90.o
    0x20200780        -       0x00000001   Zero   RW          224    .bss.range1         oled_show.o
    0x20200781        -       0x00000140   Zero   RW          126    .bss.receivedData   uart.o
    0x202008c1        -       0x00000006   Zero   RW          222    .bss.user_pwd       oled_show.o
    0x202008c7   0x000053b0   0x00000001   PAD
    0x202008c8        -       0x00000000   Zero   RW            2    HEAP                startup_mspm0g350x_uvision.o
    0x202008c8        -       0x00000100   Zero   RW            1    STACK               startup_mspm0g350x_uvision.o



  Load Region LR_BCR (Base: 0x41c00000, Size: 0x00000000, Max: 0x00000100, ABSOLUTE)

    Execution Region BCR_CONFIG (Exec base: 0x41c00000, Load base: 0x41c00000, Size: 0x00000000, Max: 0x000000ff, ABSOLUTE)

    **** No section assigned to this execution region ****



  Load Region LR_BSL (Base: 0x41c00100, Size: 0x00000000, Max: 0x00000100, ABSOLUTE)

    Execution Region BSL_CONFIG (Exec base: 0x41c00100, Load base: 0x41c00100, Size: 0x00000000, Max: 0x00000080, ABSOLUTE)

    **** No section assigned to this execution region ****


==============================================================================

Image component sizes


      Code (inc. data)   RO Data    RW Data    ZI Data      Debug   Object Name

       230         12          0          0          0       7505   board.o
       576         36          0          0         56       5726   bsp_sg90.o
        48          4          0          0          0       3625   buzzer.o
        24          0          0          0          0        423   empty.o
      5116         44       6632          0       1152      26689   oled.o
       584         84          3          0         14       9871   oled_show.o
        44         18        192          0        256        768   startup_mspm0g350x_uvision.o
      1092        220         92          0        584      26022   ti_msp_dl_config.o
      2372        160        152          0        337      19787   uart.o

    ----------------------------------------------------------------------
     10088        578       7095          0       2408     100416   Object Totals
         0          0         16          0          0          0   (incl. Generated)
         2          0          8          0          9          0   (incl. Padding)

    ----------------------------------------------------------------------

      Code (inc. data)   RO Data    RW Data    ZI Data      Debug   Library Member Name

         8          0          0          0          0         68   __main.o
       312          6         17          0          0         76   __printf_flags_wp.o
        14          0          0          0          0         60   __printf_wp.o
         0          0          0          0          0          0   __rtentry.o
        12          0          0          0          0          0   __rtentry2.o
         6          0          0          0          0          0   __rtentry4.o
        86         10          0          0          0          0   __scatter.o
        28          0          0          0          0          0   __scatter_zi.o
        48          6          0          0          0         88   _printf_char_common.o
        88          4         40          0          0         72   _printf_hex_int.o
       176          0          0          0          0         84   _printf_intcommon.o
        78          0          0          0          0        100   _printf_pad.o
         2          0          0          0          0          0   _printf_percent.o
         4          0          0          0          0          0   _printf_percent_end.o
        10          0          0          0          0          0   _printf_x.o
        10          0          0          0          0         60   _sputc.o
      1006          4          0          0          0        184   aeabi_sdivfast.o
        16          0          0          0          0         68   exit.o
         6          0          0          0          0        136   heapauxi.o
         2          0          0          0          0          0   libinit.o
         2          0          0          0          0          0   libinit2.o
         2          0          0          0          0          0   libshutdown.o
         2          0          0          0          0          0   libshutdown2.o
         8          4          0          0         96         68   libspace.o
        40          4          0          0          0         84   noretval__2sprintf.o
       186          0          0          0          0        144   rt_memcpy.o
       150          0          0          0          0        104   rt_memmove.o
         2          0          0          0          0          0   rtexit.o
        10          0          0          0          0          0   rtexit2.o
        62          0          0          0          0         80   sys_stackheap_outer.o
        10          0          0          0          0        803   dl_common.o
       600        192          0          0          0      41557   dl_timer.o
        90          8          0          0          0      14163   dl_uart.o
       348          8          0          0          0        160   faddsub.o
       352         10         64          0          0         92   fdiv.o
        48          0          0          0          0         60   ffixui.o
        94          0          0          0          0         92   fflti.o
       176          4          0          0          0         80   fmul.o
         0          0          0          0          0          0   usenofp.o

    ----------------------------------------------------------------------
      4120        264        121          0         96      58483   Library Totals
        26          4          0          0          0          0   (incl. Padding)

    ----------------------------------------------------------------------

      Code (inc. data)   RO Data    RW Data    ZI Data      Debug   Library Name

      2376         38         57          0         96       1476   c_p.l
       700        200          0          0          0      56523   driverlib.a
      1018         22         64          0          0        484   fz_ps.l

    ----------------------------------------------------------------------
      4120        264        121          0         96      58483   Library Totals

    ----------------------------------------------------------------------

==============================================================================


      Code (inc. data)   RO Data    RW Data    ZI Data      Debug   

     14208        842       7216          0       2504     157819   Grand Totals
     14208        842       7216          0       2504     157819   ELF Image Totals
     14208        842       7216          0          0          0   ROM Totals

==============================================================================

    Total RO  Size (Code + RO Data)                21424 (  20.92kB)
    Total RW  Size (RW Data + ZI Data)              2504 (   2.45kB)
    Total ROM Size (Code + RO Data + RW Data)      21424 (  20.92kB)

==============================================================================

