Component: Arm Compiler for Embedded 6.22 Tool: armlink [5ee90200]

==============================================================================

Section Cross References

    startup_mspm0g350x_uvision.o(STACK) refers (Special) to heapauxi.o(.text) for __use_two_region_memory
    startup_mspm0g350x_uvision.o(HEAP) refers (Special) to heapauxi.o(.text) for __use_two_region_memory
    startup_mspm0g350x_uvision.o(RESET) refers (Special) to heapauxi.o(.text) for __use_two_region_memory
    startup_mspm0g350x_uvision.o(RESET) refers to startup_mspm0g350x_uvision.o(STACK) for __initial_sp
    startup_mspm0g350x_uvision.o(RESET) refers to startup_mspm0g350x_uvision.o(.text) for Reset_Handler
    startup_mspm0g350x_uvision.o(RESET) refers to uart.o(.text.UART3_IRQHandler) for UART3_IRQHandler
    startup_mspm0g350x_uvision.o(RESET) refers to uart.o(.text.UART1_IRQHandler) for UART1_IRQHandler
    startup_mspm0g350x_uvision.o(RESET) refers to bsp_sg90.o(.text.TIMG0_IRQHandler) for TIMG0_IRQHandler
    startup_mspm0g350x_uvision.o(RESET) refers to oled_show.o(.text.TIMG6_IRQHandler) for TIMG6_IRQHandler
    startup_mspm0g350x_uvision.o(.text) refers (Special) to heapauxi.o(.text) for __use_two_region_memory
    startup_mspm0g350x_uvision.o(.text) refers to __main.o(!!!main) for __main
    startup_mspm0g350x_uvision.o(.text) refers to startup_mspm0g350x_uvision.o(HEAP) for Heap_Mem
    startup_mspm0g350x_uvision.o(.text) refers to startup_mspm0g350x_uvision.o(STACK) for Stack_Mem
    empty.o(.text.main) refers to board.o(.text.board_init) for board_init
    empty.o(.text.main) refers to oled_show.o(.text.oled_first) for oled_first
    empty.o(.text.main) refers to oled_show.o(.text.oled_progress) for oled_progress
    empty.o(.text.main) refers to uart.o(.text.uart_process) for uart_process
    empty.o(.text.main) refers to bsp_sg90.o(.text.servo_progress2) for servo_progress2
    empty.o(.ARM.exidx.text.main) refers to empty.o(.text.main) for [Anonymous Symbol]
    ti_msp_dl_config.o(.text.SYSCFG_DL_init) refers to ti_msp_dl_config.o(.text.SYSCFG_DL_initPower) for SYSCFG_DL_initPower
    ti_msp_dl_config.o(.text.SYSCFG_DL_init) refers to ti_msp_dl_config.o(.text.SYSCFG_DL_GPIO_init) for SYSCFG_DL_GPIO_init
    ti_msp_dl_config.o(.text.SYSCFG_DL_init) refers to ti_msp_dl_config.o(.text.SYSCFG_DL_SYSCTL_init) for SYSCFG_DL_SYSCTL_init
    ti_msp_dl_config.o(.text.SYSCFG_DL_init) refers to ti_msp_dl_config.o(.text.SYSCFG_DL_PWM_init) for SYSCFG_DL_PWM_init
    ti_msp_dl_config.o(.text.SYSCFG_DL_init) refers to ti_msp_dl_config.o(.text.SYSCFG_DL_servo1_init) for SYSCFG_DL_servo1_init
    ti_msp_dl_config.o(.text.SYSCFG_DL_init) refers to ti_msp_dl_config.o(.text.SYSCFG_DL_TIMER_0_init) for SYSCFG_DL_TIMER_0_init
    ti_msp_dl_config.o(.text.SYSCFG_DL_init) refers to ti_msp_dl_config.o(.text.SYSCFG_DL_TIMER_1_init) for SYSCFG_DL_TIMER_1_init
    ti_msp_dl_config.o(.text.SYSCFG_DL_init) refers to ti_msp_dl_config.o(.text.SYSCFG_DL_UART_1_init) for SYSCFG_DL_UART_1_init
    ti_msp_dl_config.o(.text.SYSCFG_DL_init) refers to ti_msp_dl_config.o(.text.SYSCFG_DL_UART_3_init) for SYSCFG_DL_UART_3_init
    ti_msp_dl_config.o(.text.SYSCFG_DL_init) refers to ti_msp_dl_config.o(.text.SYSCFG_DL_SYSTICK_init) for SYSCFG_DL_SYSTICK_init
    ti_msp_dl_config.o(.text.SYSCFG_DL_init) refers to ti_msp_dl_config.o(.bss.gservo1Backup) for gservo1Backup
    ti_msp_dl_config.o(.text.SYSCFG_DL_init) refers to ti_msp_dl_config.o(.bss.gPWMBackup) for gPWMBackup
    ti_msp_dl_config.o(.text.SYSCFG_DL_init) refers to ti_msp_dl_config.o(.bss.gTIMER_1Backup) for gTIMER_1Backup
    ti_msp_dl_config.o(.text.SYSCFG_DL_init) refers to ti_msp_dl_config.o(.bss.gUART_3Backup) for gUART_3Backup
    ti_msp_dl_config.o(.ARM.exidx.text.SYSCFG_DL_init) refers to ti_msp_dl_config.o(.text.SYSCFG_DL_init) for [Anonymous Symbol]
    ti_msp_dl_config.o(.text.SYSCFG_DL_initPower) refers to dl_common.o(.text.DL_Common_delayCycles) for DL_Common_delayCycles
    ti_msp_dl_config.o(.ARM.exidx.text.SYSCFG_DL_initPower) refers to ti_msp_dl_config.o(.text.SYSCFG_DL_initPower) for [Anonymous Symbol]
    ti_msp_dl_config.o(.ARM.exidx.text.SYSCFG_DL_GPIO_init) refers to ti_msp_dl_config.o(.text.SYSCFG_DL_GPIO_init) for [Anonymous Symbol]
    ti_msp_dl_config.o(.ARM.exidx.text.SYSCFG_DL_SYSCTL_init) refers to ti_msp_dl_config.o(.text.SYSCFG_DL_SYSCTL_init) for [Anonymous Symbol]
    ti_msp_dl_config.o(.text.SYSCFG_DL_PWM_init) refers to dl_timer.o(.text.DL_Timer_setClockConfig) for DL_Timer_setClockConfig
    ti_msp_dl_config.o(.text.SYSCFG_DL_PWM_init) refers to dl_timer.o(.text.DL_Timer_initFourCCPWMMode) for DL_Timer_initFourCCPWMMode
    ti_msp_dl_config.o(.text.SYSCFG_DL_PWM_init) refers to dl_timer.o(.text.DL_Timer_setCaptureCompareOutCtl) for DL_Timer_setCaptureCompareOutCtl
    ti_msp_dl_config.o(.text.SYSCFG_DL_PWM_init) refers to dl_timer.o(.text.DL_Timer_setCaptCompUpdateMethod) for DL_Timer_setCaptCompUpdateMethod
[...]
    ../clib/angel/startup.s                  0x00000000   Number         0  __main.o ABSOLUTE
    ../clib/angel/sys.s                      0x00000000   Number         0  sys_stackheap_outer.o ABSOLUTE
    ../clib/angel/sys.s                      0x00000000   Number         0  libspace.o ABSOLUTE
    ../clib/angel/sys.s                      0x00000000   Number         0  tempstk.o ABSOLUTE
    ../clib/angel/sys.s                      0x00000000   Number         0  use_no_semi.o ABSOLUTE
    ../clib/angel/sys.s                      0x00000000   Number         0  indicate_semi.o ABSOLUTE
    ../clib/angel/sysapp.c                   0x00000000   Number         0  sys_wrch.o ABSOLUTE
    ../clib/angel/sysapp.c                   0x00000000   Number         0  sys_wrch_hlt.o ABSOLUTE
    ../clib/angel/sysapp.c                   0x00000000   Number         0  sys_command.o ABSOLUTE
    ../clib/angel/sysapp.c                   0x00000000   Number         0  sys_command_hlt.o ABSOLUTE
    ../clib/armsys.c                         0x00000000   Number         0  argv_veneer.o ABSOLUTE
    ../clib/armsys.c                         0x00000000   Number         0  _get_argv_nomalloc.o ABSOLUTE
    ../clib/armsys.c                         0x00000000   Number         0  no_argv.o ABSOLUTE
    ../clib/division.s                       0x00000000   Number         0  aeabi_sdivfast.o ABSOLUTE
    ../clib/division.s                       0x00000000   Number         0  aeabi_sdivfast_div0.o ABSOLUTE
    ../clib/heapalloc.c                      0x00000000   Number         0  hrguard.o ABSOLUTE
    ../clib/heapaux.c                        0x00000000   Number         0  heapauxi.o ABSOLUTE
    ../clib/libinit.s                        0x00000000   Number         0  libinit.o ABSOLUTE
    ../clib/libinit.s                        0x00000000   Number         0  libinit2.o ABSOLUTE
    ../clib/libinit.s                        0x00000000   Number         0  libshutdown.o ABSOLUTE
    ../clib/libinit.s                        0x00000000   Number         0  libshutdown2.o ABSOLUTE
    ../clib/misc.s                           0x00000000   Number         0  printf_stubs.o ABSOLUTE
    ../clib/printf.c                         0x00000000   Number         0  __2sprintf.o ABSOLUTE
    ../clib/printf.c                         0x00000000   Number         0  noretval__2sprintf.o ABSOLUTE
    ../clib/printf.c                         0x00000000   Number         0  __printf.o ABSOLUTE
    ../clib/printf.c                         0x00000000   Number         0  _printf_pad.o ABSOLUTE
    ../clib/printf.c                         0x00000000   Number         0  _printf_hex_ll.o ABSOLUTE
    ../clib/printf.c                         0x00000000   Number         0  _printf_hex_int.o ABSOLUTE
    ../clib/printf.c                         0x00000000   Number         0  _printf_hex_int_ll.o ABSOLUTE
    ../clib/printf.c                         0x00000000   Number         0  _printf_hex_ptr.o ABSOLUTE
    ../clib/printf.c                         0x00000000   Number         0  _printf_hex_int_ptr.o ABSOLUTE
    ../clib/printf.c                         0x00000000   Number         0  _printf_hex_ll_ptr.o ABSOLUTE
    ../clib/printf.c                         0x00000000   Number         0  _printf_hex_int_ll_ptr.o ABSOLUTE
    ../clib/printf.c                         0x00000000   Number         0  __printf_flags.o ABSOLUTE
    ../clib/printf.c                         0x00000000   Number         0  __printf_ss.o ABSOLUTE
    ../clib/printf.c                         0x00000000   Number         0  __printf_flags_ss.o ABSOLUTE
    ../clib/printf.c                         0x00000000   Number         0  __printf_wp.o ABSOLUTE
    ../clib/printf.c                         0x00000000   Number         0  __printf_flags_wp.o ABSOLUTE
    ../clib/printf.c                         0x00000000   Number         0  __printf_ss_wp.o ABSOLUTE
    ../clib/printf.c                         0x00000000   Number         0  __printf_flags_ss_wp.o ABSOLUTE
    ../clib/printf.c                         0x00000000   Number         0  _printf_intcommon.o ABSOLUTE
    ../clib/printf.c                         0x00000000   Number         0  _printf_char_common.o ABSOLUTE
    ../clib/printf.c                         0x00000000   Number         0  _sputc.o ABSOLUTE
    ../clib/printf.c                         0x00000000   Number         0  __printf_nopercent.o ABSOLUTE
    ../clib/printf_percent.s                 0x00000000   Number         0  _printf_x.o ABSOLUTE
    ../clib/printf_percent.s                 0x00000000   Number         0  _printf_percent.o ABSOLUTE
    ../clib/printf_percent.s                 0x00000000   Number         0  _printf_percent_end.o ABSOLUTE
    ../clib/signal.c                         0x00000000   Number         0  defsig_fpe_outer.o ABSOLUTE
    ../clib/signal.c                         0x00000000   Number         0  defsig_fpe_formal.o ABSOLUTE
    ../clib/signal.c                         0x00000000   Number         0  defsig_exit.o ABSOLUTE
    ../clib/signal.c                         0x00000000   Number         0  defsig_fpe_inner.o ABSOLUTE
    ../clib/signal.c                         0x00000000   Number         0  __raise.o ABSOLUTE
    ../clib/signal.c                         0x00000000   Number         0  defsig_general.o ABSOLUTE
    ../clib/signal.c                         0x00000000   Number         0  defsig_abrt_inner.o ABSOLUTE
    ../clib/signal.c                         0x00000000   Number         0  defsig_rtred_inner.o ABSOLUTE
    ../clib/signal.c                         0x00000000   Number         0  defsig_rtmem_inner.o ABSOLUTE
    ../clib/signal.c                         0x00000000   Number         0  defsig_rtmem_outer.o ABSOLUTE
    ../clib/signal.c                         0x00000000   Number         0  defsig_rtmem_formal.o ABSOLUTE
    ../clib/signal.c                         0x00000000   Number         0  defsig_stak_inner.o ABSOLUTE
    ../clib/signal.c                         0x00000000   Number         0  defsig_pvfn_inner.o ABSOLUTE
    ../clib/signal.c                         0x00000000   Number         0  defsig_cppl_inner.o ABSOLUTE
    ../clib/signal.c                         0x00000000   Number         0  defsig_segv_inner.o ABSOLUTE
    ../clib/signal.c                         0x00000000   Number         0  defsig_other.o ABSOLUTE
    ../clib/signal.s                         0x00000000   Number         0  defsig.o ABSOLUTE
    ../clib/stdlib.c                         0x00000000   Number         0  exit.o ABSOLUTE
    ../fplib/cfplib/fdiv.c                   0x00000000   Number         0  fdiv.o ABSOLUTE
    ../fplib/cfplib/ffix.c                   0x00000000   Number         0  ffixui.o ABSOLUTE
    ../fplib/cfplib/fflt.c                   0x00000000   Number         0  fflti.o ABSOLUTE
    ../fplib/cfplib/fpinit.c                 0x00000000   Number         0  fpinit.o ABSOLUTE
    ../fplib/faddsub6m.s                     0x00000000   Number         0  faddsub.o ABSOLUTE
    ../fplib/fmul6m.s                        0x00000000   Number         0  fmul.o ABSOLUTE
    ../fplib/usenofp.s                       0x00000000   Number         0  usenofp.o ABSOLUTE
    ../source/ti/devices/msp/m0p/startup_system_files/keil/startup_mspm0g350x_uvision.s 0x00000000   Number         0  startup_mspm0g350x_uvision.o ABSOLUTE
    board.c                                  0x00000000   Number         0  board.o ABSOLUTE
    bsp_sg90.c                               0x00000000   Number         0  bsp_sg90.o ABSOLUTE
    buzzer.c                                 0x00000000   Number         0  buzzer.o ABSOLUTE
    dc.s                                     0x00000000   Number         0  dc.o ABSOLUTE
    dl_common.c                              0x00000000   Number         0  dl_common.o ABSOLUTE
    dl_timer.c                               0x00000000   Number         0  dl_timer.o ABSOLUTE
    dl_uart.c                                0x00000000   Number         0  dl_uart.o ABSOLUTE
    empty.c                                  0x00000000   Number         0  empty.o ABSOLUTE
    key.c                                    0x00000000   Number         0  key.o ABSOLUTE
    oled.c                                   0x00000000   Number         0  oled.o ABSOLUTE
    oled_show.c                              0x00000000   Number         0  oled_show.o ABSOLUTE
    ti_msp_dl_config.c                       0x00000000   Number         0  ti_msp_dl_config.o ABSOLUTE
    uart.c                                   0x00000000   Number         0  uart.o ABSOLUTE
    RESET                                    0x00000000   Section      192  startup_mspm0g350x_uvision.o(RESET)
    !!!main                                  0x000000c0   Section        8  __main.o(!!!main)
    !!!scatter                               0x000000c8   Section       84  __scatter.o(!!!scatter)
    !!handler_copy                           0x00000120   Section       26  __scatter_copy.o(!!handler_copy)
    !!handler_null                           0x00000140   Section        2  __scatter.o(!!handler_null)
    !!handler_zi                             0x00000148   Section       28  __scatter_zi.o(!!handler_zi)
    .ARM.Collect$$_printf_percent$$00000000  0x00000164   Section        2  _printf_percent.o(.ARM.Collect$$_printf_percent$$00000000)
    .ARM.Collect$$_printf_percent$$0000000C  0x00000166   Section       10  _printf_x.o(.ARM.Collect$$_printf_percent$$0000000C)
    .ARM.Collect$$_printf_percent$$00000017  0x00000170   Section        4  _printf_percent_end.o(.ARM.Collect$$_printf_percent$$00000017)
    .ARM.Collect$$libinit$$00000000          0x00000174   Section        2  libinit.o(.ARM.Collect$$libinit$$00000000)
    .ARM.Collect$$libinit$$00000002          0x00000176   Section        0  libinit2.o(.ARM.Collect$$libinit$$00000002)
    .ARM.Collect$$libinit$$00000004          0x00000176   Section        0  libinit2.o(.ARM.Collect$$libinit$$00000004)
    .ARM.Collect$$libinit$$00000006          0x00000176   Section        0  libinit2.o(.ARM.Collect$$libinit$$00000006)
    .ARM.Collect$$libinit$$0000000C          0x00000176   Section        0  libinit2.o(.ARM.Collect$$libinit$$0000000C)
    .ARM.Collect$$libinit$$0000000E          0x00000176   Section        0  libinit2.o(.ARM.Collect$$libinit$$0000000E)
    .ARM.Collect$$libinit$$00000010          0x00000176   Section        0  libinit2.o(.ARM.Collect$$libinit$$00000010)
    .ARM.Collect$$libinit$$00000013          0x00000176   Section        0  libinit2.o(.ARM.Collect$$libinit$$00000013)
    .ARM.Collect$$libinit$$00000015          0x00000176   Section        0  libinit2.o(.ARM.Collect$$libinit$$00000015)
    .ARM.Collect$$libinit$$00000017          0x00000176   Section        0  libinit2.o(.ARM.Collect$$libinit$$00000017)
    .ARM.Collect$$libinit$$00000019          0x00000176   Section        0  libinit2.o(.ARM.Collect$$libinit$$00000019)
    .ARM.Collect$$libinit$$0000001B          0x00000176   Section        0  libinit2.o(.ARM.Collect$$libinit$$0000001B)
    .ARM.Collect$$libinit$$0000001D          0x00000176   Section        0  libinit2.o(.ARM.Collect$$libinit$$0000001D)
    .ARM.Collect$$libinit$$0000001F          0x00000176   Section        0  libinit2.o(.ARM.Collect$$libinit$$0000001F)
    .ARM.Collect$$libinit$$00000021          0x00000176   Section        0  libinit2.o(.ARM.Collect$$libinit$$00000021)
    .ARM.Collect$$libinit$$00000023          0x00000176   Section        0  libinit2.o(.ARM.Collect$$libinit$$00000023)
    .ARM.Collect$$libinit$$00000025          0x00000176   Section        0  libinit2.o(.ARM.Collect$$libinit$$00000025)
    .ARM.Collect$$libinit$$00000027          0x00000176   Section        0  libinit2.o(.ARM.Collect$$libinit$$00000027)
    .ARM.Collect$$libinit$$0000002E          0x00000176   Section        0  libinit2.o(.ARM.Collect$$libinit$$0000002E)
    .ARM.Collect$$libinit$$00000030          0x00000176   Section        0  libinit2.o(.ARM.Collect$$libinit$$00000030)
    .ARM.Collect$$libinit$$00000032          0x00000176   Section        0  libinit2.o(.ARM.Collect$$libinit$$00000032)
    .ARM.Collect$$libinit$$00000034          0x00000176   Section        0  libinit2.o(.ARM.Collect$$libinit$$00000034)
    .ARM.Collect$$libinit$$00000035          0x00000176   Section        2  libinit2.o(.ARM.Collect$$libinit$$00000035)
    .ARM.Collect$$libshutdown$$00000000      0x00000178   Section        2  libshutdown.o(.ARM.Collect$$libshutdown$$00000000)
    .ARM.Collect$$libshutdown$$00000002      0x0000017a   Section        0  libshutdown2.o(.ARM.Collect$$libshutdown$$00000002)
    .ARM.Collect$$libshutdown$$00000004      0x0000017a   Section        0  libshutdown2.o(.ARM.Collect$$libshutdown$$00000004)
    .ARM.Collect$$libshutdown$$00000007      0x0000017a   Section        0  libshutdown2.o(.ARM.Collect$$libshutdown$$00000007)
    .ARM.Collect$$libshutdown$$0000000A      0x0000017a   Section        0  libshutdown2.o(.ARM.Collect$$libshutdown$$0000000A)
    .ARM.Collect$$libshutdown$$0000000C      0x0000017a   Section        0  libshutdown2.o(.ARM.Collect$$libshutdown$$0000000C)
    .ARM.Collect$$libshutdown$$0000000F      0x0000017a   Section        0  libshutdown2.o(.ARM.Collect$$libshutdown$$0000000F)
    .ARM.Collect$$libshutdown$$00000010      0x0000017a   Section        2  libshutdown2.o(.ARM.Collect$$libshutdown$$00000010)
    .ARM.Collect$$rtentry$$00000000          0x0000017c   Section        0  __rtentry.o(.ARM.Collect$$rtentry$$00000000)
    .ARM.Collect$$rtentry$$00000002          0x0000017c   Section        0  __rtentry2.o(.ARM.Collect$$rtentry$$00000002)
    .ARM.Collect$$rtentry$$00000004          0x0000017c   Section        6  __rtentry4.o(.ARM.Collect$$rtentry$$00000004)
    .ARM.Collect$$rtentry$$00000009          0x00000182   Section        0  __rtentry2.o(.ARM.Collect$$rtentry$$00000009)
    .ARM.Collect$$rtentry$$0000000A          0x00000182   Section        4  __rtentry2.o(.ARM.Collect$$rtentry$$0000000A)
    .ARM.Collect$$rtentry$$0000000C          0x00000186   Section        0  __rtentry2.o(.ARM.Collect$$rtentry$$0000000C)
    .ARM.Collect$$rtentry$$0000000D          0x00000186   Section        8  __rtentry2.o(.ARM.Collect$$rtentry$$0000000D)
    .ARM.Collect$$rtexit$$00000000           0x0000018e   Section        2  rtexit.o(.ARM.Collect$$rtexit$$00000000)
    .ARM.Collect$$rtexit$$00000002           0x00000190   Section        0  rtexit2.o(.ARM.Collect$$rtexit$$00000002)
    .ARM.Collect$$rtexit$$00000003           0x00000190   Section        4  rtexit2.o(.ARM.Collect$$rtexit$$00000003)
    .ARM.Collect$$rtexit$$00000004           0x00000194   Section        6  rtexit2.o(.ARM.Collect$$rtexit$$00000004)
    .text                                    0x0000019c   Section       44  startup_mspm0g350x_uvision.o(.text)
    .text                                    0x000001c8   Section        0  noretval__2sprintf.o(.text)
    .text                                    0x000001f0   Section        0  _printf_pad.o(.text)
    .text                                    0x00000240   Section        0  _printf_hex_int.o(.text)
    .text                                    0x00000298   Section        0  __printf_flags_wp.o(.text)
    .text                                    0x000003d0   Section      504  aeabi_sdivfast.o(.text)
    .text                                    0x000005c8   Section        0  heapauxi.o(.text)
    .text                                    0x000005d0   Section        0  fdiv.o(.text)
    .text                                    0x00000730   Section        0  ffixui.o(.text)
    .text                                    0x00000760   Section        0  fflti.o(.text)
    .text                                    0x000007be   Section        0  _printf_intcommon.o(.text)
    _printf_input_char                       0x00000871   Thumb Code    10  _printf_char_common.o(.text)
    .text                                    0x00000870   Section        0  _printf_char_common.o(.text)
    .text                                    0x000008a0   Section        0  _sputc.o(.text)
    .text                                    0x000008aa   Section       62  sys_stackheap_outer.o(.text)
    .text                                    0x000008e8   Section        0  exit.o(.text)
    .text                                    0x000008f8   Section        8  libspace.o(.text)
    [Anonymous Symbol]                       0x00000900   Section        0  dl_common.o(.text.DL_Common_delayCycles)
    [Anonymous Symbol]                       0x0000090c   Section        0  dl_timer.o(.text.DL_Timer_initFourCCPWMMode)
    __arm_cp.40_1                            0x00000a00   Number         4  dl_timer.o(.text.DL_Timer_initFourCCPWMMode)
    __arm_cp.40_2                            0x00000a04   Number         4  dl_timer.o(.text.DL_Timer_initFourCCPWMMode)
    __arm_cp.40_4                            0x00000a08   Number         4  dl_timer.o(.text.DL_Timer_initFourCCPWMMode)
    __arm_cp.40_5                            0x00000a0c   Number         4  dl_timer.o(.text.DL_Timer_initFourCCPWMMode)
    __arm_cp.40_6                            0x00000a10   Number         4  dl_timer.o(.text.DL_Timer_initFourCCPWMMode)
    [Anonymous Symbol]                       0x00000a14   Section        0  dl_timer.o(.text.DL_Timer_initTimerMode)
    __arm_cp.2_0                             0x00000af4   Number         4  dl_timer.o(.text.DL_Timer_initTimerMode)
    __arm_cp.2_1                             0x00000af8   Number         4  dl_timer.o(.text.DL_Timer_initTimerMode)
    __arm_cp.2_2                             0x00000afc   Number         4  dl_timer.o(.text.DL_Timer_initTimerMode)
    __arm_cp.2_3                             0x00000b00   Number         4  dl_timer.o(.text.DL_Timer_initTimerMode)
    [Anonymous Symbol]                       0x00000b04   Section        0  dl_timer.o(.text.DL_Timer_setCaptCompUpdateMethod)
    __arm_cp.23_0                            0x00000b1c   Number         4  dl_timer.o(.text.DL_Timer_setCaptCompUpdateMethod)
    [Anonymous Symbol]                       0x00000b20   Section        0  dl_timer.o(.text.DL_Timer_setCaptureCompareOutCtl)
    __arm_cp.27_0                            0x00000b34   Number         4  dl_timer.o(.text.DL_Timer_setCaptureCompareOutCtl)
    [Anonymous Symbol]                       0x00000b38   Section        0  dl_timer.o(.text.DL_Timer_setCaptureCompareValue)
    __arm_cp.3_0                             0x00000b44   Number         4  dl_timer.o(.text.DL_Timer_setCaptureCompareValue)
    [Anonymous Symbol]                       0x00000b48   Section        0  dl_timer.o(.text.DL_Timer_setClockConfig)
    __arm_cp.0_0                             0x00000b60   Number         4  dl_timer.o(.text.DL_Timer_setClockConfig)
    [Anonymous Symbol]                       0x00000b64   Section        0  dl_uart.o(.text.DL_UART_init)
    __arm_cp.0_0                             0x00000ba4   Number         4  dl_uart.o(.text.DL_UART_init)
    __arm_cp.0_1                             0x00000ba8   Number         4  dl_uart.o(.text.DL_UART_init)
    [Anonymous Symbol]                       0x00000bac   Section        0  dl_uart.o(.text.DL_UART_setClockConfig)
    [Anonymous Symbol]                       0x00000bc0   Section        0  oled.o(.text.OLED_Clear)
    __arm_cp.11_1                            0x00000bcc   Number         4  oled.o(.text.OLED_Clear)
    [Anonymous Symbol]                       0x00001214   Section        0  oled.o(.text.OLED_Init)
    __arm_cp.22_1                            0x00001300   Number         4  oled.o(.text.OLED_Init)
    [Anonymous Symbol]                       0x00001950   Section        0  oled.o(.text.OLED_Refresh)
    __arm_cp.10_1                            0x00001a40   Number         4  oled.o(.text.OLED_Refresh)
    [Anonymous Symbol]                       0x00001a44   Section        0  oled.o(.text.OLED_ShowChar)
    __arm_cp.15_0                            0x00001cec   Number         4  oled.o(.text.OLED_ShowChar)
    __arm_cp.15_1                            0x00001cf0   Number         4  oled.o(.text.OLED_ShowChar)
    __arm_cp.15_2                            0x00001cf4   Number         4  oled.o(.text.OLED_ShowChar)
    __arm_cp.15_3                            0x00001cf8   Number         4  oled.o(.text.OLED_ShowChar)
    __arm_cp.15_4                            0x00001cfc   Number         4  oled.o(.text.OLED_ShowChar)
    [Anonymous Symbol]                       0x00001d00   Section        0  oled.o(.text.OLED_ShowNum)
    __arm_cp.18_0                            0x00001dc0   Number         4  oled.o(.text.OLED_ShowNum)
    [Anonymous Symbol]                       0x00001dc4   Section        0  oled.o(.text.OLED_ShowString)
    [Anonymous Symbol]                       0x00001e14   Section        0  oled.o(.text.OLED_WR_Byte)
    __arm_cp.1_0                             0x00001eb0   Number         4  oled.o(.text.OLED_WR_Byte)
    [Anonymous Symbol]                       0x00001eb4   Section        0  ti_msp_dl_config.o(.text.SYSCFG_DL_GPIO_init)
    __arm_cp.2_0                             0x00001f54   Number         4  ti_msp_dl_config.o(.text.SYSCFG_DL_GPIO_init)
    __arm_cp.2_1                             0x00001f58   Number         4  ti_msp_dl_config.o(.text.SYSCFG_DL_GPIO_init)
    __arm_cp.2_2                             0x00001f5c   Number         4  ti_msp_dl_config.o(.text.SYSCFG_DL_GPIO_init)
    __arm_cp.2_3                             0x00001f60   Number         4  ti_msp_dl_config.o(.text.SYSCFG_DL_GPIO_init)
    __arm_cp.2_4                             0x00001f64   Number         4  ti_msp_dl_config.o(.text.SYSCFG_DL_GPIO_init)
    __arm_cp.2_5                             0x00001f68   Number         4  ti_msp_dl_config.o(.text.SYSCFG_DL_GPIO_init)
    __arm_cp.2_6                             0x00001f6c   Number         4  ti_msp_dl_config.o(.text.SYSCFG_DL_GPIO_init)
    __arm_cp.2_7                             0x00001f70   Number         4  ti_msp_dl_config.o(.text.SYSCFG_DL_GPIO_init)
    [Anonymous Symbol]                       0x00001f74   Section        0  ti_msp_dl_config.o(.text.SYSCFG_DL_PWM_init)
    __arm_cp.4_0                             0x00002020   Number         4  ti_msp_dl_config.o(.text.SYSCFG_DL_PWM_init)
    __arm_cp.4_1                             0x00002024   Number         4  ti_msp_dl_config.o(.text.SYSCFG_DL_PWM_init)
    __arm_cp.4_2                             0x00002028   Number         4  ti_msp_dl_config.o(.text.SYSCFG_DL_PWM_init)
    __arm_cp.4_3                             0x0000202c   Number         4  ti_msp_dl_config.o(.text.SYSCFG_DL_PWM_init)
    __arm_cp.4_5                             0x00002030   Number         4  ti_msp_dl_config.o(.text.SYSCFG_DL_PWM_init)
    [Anonymous Symbol]                       0x00002034   Section        0  ti_msp_dl_config.o(.text.SYSCFG_DL_SYSCTL_init)
    __arm_cp.3_0                             0x00002068   Number         4  ti_msp_dl_config.o(.text.SYSCFG_DL_SYSCTL_init)
    __arm_cp.3_1                             0x0000206c   Number         4  ti_msp_dl_config.o(.text.SYSCFG_DL_SYSCTL_init)
    [Anonymous Symbol]                       0x00002070   Section        0  ti_msp_dl_config.o(.text.SYSCFG_DL_SYSTICK_init)
    __arm_cp.10_0                            0x00002088   Number         4  ti_msp_dl_config.o(.text.SYSCFG_DL_SYSTICK_init)
    [Anonymous Symbol]                       0x0000208c   Section        0  ti_msp_dl_config.o(.text.SYSCFG_DL_TIMER_0_init)
    __arm_cp.6_0                             0x000020b0   Number         4  ti_msp_dl_config.o(.text.SYSCFG_DL_TIMER_0_init)
    __arm_cp.6_1                             0x000020b4   Number         4  ti_msp_dl_config.o(.text.SYSCFG_DL_TIMER_0_init)
    __arm_cp.6_2                             0x000020b8   Number         4  ti_msp_dl_config.o(.text.SYSCFG_DL_TIMER_0_init)
    __arm_cp.6_3                             0x000020bc   Number         4  ti_msp_dl_config.o(.text.SYSCFG_DL_TIMER_0_init)
    __arm_cp.6_4                             0x000020c0   Number         4  ti_msp_dl_config.o(.text.SYSCFG_DL_TIMER_0_init)
    [Anonymous Symbol]                       0x000020c4   Section        0  ti_msp_dl_config.o(.text.SYSCFG_DL_TIMER_1_init)
    __arm_cp.7_0                             0x000020e8   Number         4  ti_msp_dl_config.o(.text.SYSCFG_DL_TIMER_1_init)
    __arm_cp.7_1                             0x000020ec   Number         4  ti_msp_dl_config.o(.text.SYSCFG_DL_TIMER_1_init)
    __arm_cp.7_2                             0x000020f0   Number         4  ti_msp_dl_config.o(.text.SYSCFG_DL_TIMER_1_init)
    __arm_cp.7_3                             0x000020f4   Number         4  ti_msp_dl_config.o(.text.SYSCFG_DL_TIMER_1_init)
    __arm_cp.7_4                             0x000020f8   Number         4  ti_msp_dl_config.o(.text.SYSCFG_DL_TIMER_1_init)
    [Anonymous Symbol]                       0x000020fc   Section        0  ti_msp_dl_config.o(.text.SYSCFG_DL_UART_1_init)
    __arm_cp.8_0                             0x00002150   Number         4  ti_msp_dl_config.o(.text.SYSCFG_DL_UART_1_init)
    __arm_cp.8_1                             0x00002154   Number         4  ti_msp_dl_config.o(.text.SYSCFG_DL_UART_1_init)
    __arm_cp.8_2                             0x00002158   Number         4  ti_msp_dl_config.o(.text.SYSCFG_DL_UART_1_init)
    __arm_cp.8_3                             0x0000215c   Number         4  ti_msp_dl_config.o(.text.SYSCFG_DL_UART_1_init)
    __arm_cp.8_5                             0x00002160   Number         4  ti_msp_dl_config.o(.text.SYSCFG_DL_UART_1_init)
    [Anonymous Symbol]                       0x00002164   Section        0  ti_msp_dl_config.o(.text.SYSCFG_DL_UART_3_init)
    __arm_cp.9_0                             0x000021b8   Number         4  ti_msp_dl_config.o(.text.SYSCFG_DL_UART_3_init)
    __arm_cp.9_1                             0x000021bc   Number         4  ti_msp_dl_config.o(.text.SYSCFG_DL_UART_3_init)
    __arm_cp.9_2                             0x000021c0   Number         4  ti_msp_dl_config.o(.text.SYSCFG_DL_UART_3_init)
    __arm_cp.9_3                             0x000021c4   Number         4  ti_msp_dl_config.o(.text.SYSCFG_DL_UART_3_init)
    __arm_cp.9_4                             0x000021c8   Number         4  ti_msp_dl_config.o(.text.SYSCFG_DL_UART_3_init)
    __arm_cp.9_5                             0x000021cc   Number         4  ti_msp_dl_config.o(.text.SYSCFG_DL_UART_3_init)
    [Anonymous Symbol]                       0x000021d0   Section        0  ti_msp_dl_config.o(.text.SYSCFG_DL_init)
    __arm_cp.0_0                             0x00002214   Number         4  ti_msp_dl_config.o(.text.SYSCFG_DL_init)
    __arm_cp.0_1                             0x00002218   Number         4  ti_msp_dl_config.o(.text.SYSCFG_DL_init)
    __arm_cp.0_2                             0x0000221c   Number         4  ti_msp_dl_config.o(.text.SYSCFG_DL_init)
    __arm_cp.0_3                             0x00002220   Number         4  ti_msp_dl_config.o(.text.SYSCFG_DL_init)
    [Anonymous Symbol]                       0x00002224   Section        0  ti_msp_dl_config.o(.text.SYSCFG_DL_initPower)
    __arm_cp.1_0                             0x0000226c   Number         4  ti_msp_dl_config.o(.text.SYSCFG_DL_initPower)
    __arm_cp.1_1                             0x00002270   Number         4  ti_msp_dl_config.o(.text.SYSCFG_DL_initPower)
    __arm_cp.1_2                             0x00002274   Number         4  ti_msp_dl_config.o(.text.SYSCFG_DL_initPower)
    __arm_cp.1_3                             0x00002278   Number         4  ti_msp_dl_config.o(.text.SYSCFG_DL_initPower)
    __arm_cp.1_4                             0x0000227c   Number         4  ti_msp_dl_config.o(.text.SYSCFG_DL_initPower)
    __arm_cp.1_5                             0x00002280   Number         4  ti_msp_dl_config.o(.text.SYSCFG_DL_initPower)
    __arm_cp.1_6                             0x00002284   Number         4  ti_msp_dl_config.o(.text.SYSCFG_DL_initPower)
    __arm_cp.1_7                             0x00002288   Number         4  ti_msp_dl_config.o(.text.SYSCFG_DL_initPower)
    __arm_cp.1_8                             0x0000228c   Number         4  ti_msp_dl_config.o(.text.SYSCFG_DL_initPower)
    __arm_cp.1_9                             0x00002290   Number         4  ti_msp_dl_config.o(.text.SYSCFG_DL_initPower)
    [Anonymous Symbol]                       0x00002294   Section        0  ti_msp_dl_config.o(.text.SYSCFG_DL_servo1_init)
    __arm_cp.5_1                             0x000022f0   Number         4  ti_msp_dl_config.o(.text.SYSCFG_DL_servo1_init)
    __arm_cp.5_2                             0x000022f4   Number         4  ti_msp_dl_config.o(.text.SYSCFG_DL_servo1_init)
    __arm_cp.5_3                             0x000022f8   Number         4  ti_msp_dl_config.o(.text.SYSCFG_DL_servo1_init)
    __arm_cp.5_4                             0x000022fc   Number         4  ti_msp_dl_config.o(.text.SYSCFG_DL_servo1_init)
    __arm_cp.5_5                             0x00002300   Number         4  ti_msp_dl_config.o(.text.SYSCFG_DL_servo1_init)
    [Anonymous Symbol]                       0x00002304   Section        0  oled.o(.text.Send_Byte)
    [Anonymous Symbol]                       0x00002408   Section        0  bsp_sg90.o(.text.Set_Servo_Angle)
    __arm_cp.0_0                             0x00002494   Number         4  bsp_sg90.o(.text.Set_Servo_Angle)
    __arm_cp.0_1                             0x00002498   Number         4  bsp_sg90.o(.text.Set_Servo_Angle)
    __arm_cp.0_2                             0x0000249c   Number         4  bsp_sg90.o(.text.Set_Servo_Angle)
    __arm_cp.0_3                             0x000024a0   Number         4  bsp_sg90.o(.text.Set_Servo_Angle)
    __arm_cp.0_4                             0x000024a4   Number         4  bsp_sg90.o(.text.Set_Servo_Angle)
    __arm_cp.0_5                             0x000024a8   Number         4  bsp_sg90.o(.text.Set_Servo_Angle)
    [Anonymous Symbol]                       0x000024ac   Section        0  bsp_sg90.o(.text.TIMG0_IRQHandler)
    __arm_cp.2_0                             0x000024bc   Number         4  bsp_sg90.o(.text.TIMG0_IRQHandler)
    [Anonymous Symbol]                       0x000024c0   Section        0  oled_show.o(.text.TIMG6_IRQHandler)
    __arm_cp.5_0                             0x0000251c   Number         4  oled_show.o(.text.TIMG6_IRQHandler)
    __arm_cp.5_1                             0x00002520   Number         4  oled_show.o(.text.TIMG6_IRQHandler)
    __arm_cp.5_2                             0x00002524   Number         4  oled_show.o(.text.TIMG6_IRQHandler)
    __arm_cp.5_3                             0x00002528   Number         4  oled_show.o(.text.TIMG6_IRQHandler)
    [Anonymous Symbol]                       0x0000252c   Section        0  uart.o(.text.UART1_IRQHandler)
    __arm_cp.2_0                             0x00002594   Number         4  uart.o(.text.UART1_IRQHandler)
    __arm_cp.2_1                             0x00002598   Number         4  uart.o(.text.UART1_IRQHandler)
    __arm_cp.2_2                             0x0000259c   Number         4  uart.o(.text.UART1_IRQHandler)
    __arm_cp.2_3                             0x000025a0   Number         4  uart.o(.text.UART1_IRQHandler)
    [Anonymous Symbol]                       0x000025a4   Section        0  uart.o(.text.UART3_IRQHandler)
    __arm_cp.3_0                             0x0000260c   Number         4  uart.o(.text.UART3_IRQHandler)
    __arm_cp.3_1                             0x00002610   Number         4  uart.o(.text.UART3_IRQHandler)
    __arm_cp.3_2                             0x00002614   Number         4  uart.o(.text.UART3_IRQHandler)
    __arm_cp.3_3                             0x00002618   Number         4  uart.o(.text.UART3_IRQHandler)
    [Anonymous Symbol]                       0x0000261c   Section        0  board.o(.text._sys_exit)
    [Anonymous Symbol]                       0x00002620   Section        0  board.o(.text.board_init)
    __arm_cp.0_0                             0x00002660   Number         4  board.o(.text.board_init)
    __arm_cp.0_1                             0x00002664   Number         4  board.o(.text.board_init)
    [Anonymous Symbol]                       0x00002668   Section        0  buzzer.o(.text.buzzer)
    __arm_cp.0_0                             0x00002694   Number         4  buzzer.o(.text.buzzer)
    [Anonymous Symbol]                       0x00002698   Section        0  board.o(.text.delay_ms)
    [Anonymous Symbol]                       0x000026dc   Section        0  board.o(.text.delay_us)
    __arm_cp.1_0                             0x0000271c   Number         4  board.o(.text.delay_us)
    [Anonymous Symbol]                       0x00002720   Section        0  empty.o(.text.main)
    __arm_cp.0_0                             0x00002748   Number         4  empty.o(.text.main)
    [Anonymous Symbol]                       0x0000274c   Section        0  oled_show.o(.text.oled_first)
    [Anonymous Symbol]                       0x00002790   Section        0  oled_show.o(.text.oled_progress)
    __arm_cp.1_0                             0x000029dc   Number         4  oled_show.o(.text.oled_progress)
    __arm_cp.1_1                             0x000029e0   Number         4  oled_show.o(.text.oled_progress)
    __arm_cp.1_2                             0x000029e4   Number         4  oled_show.o(.text.oled_progress)
    __arm_cp.1_3                             0x000029e8   Number         4  oled_show.o(.text.oled_progress)
    __arm_cp.1_4                             0x000029ec   Number         4  oled_show.o(.text.oled_progress)
    __arm_cp.1_5                             0x000029f0   Number         4  oled_show.o(.text.oled_progress)
    __arm_cp.1_7                             0x00002a04   Number         4  oled_show.o(.text.oled_progress)
    __arm_cp.1_8                             0x00002a08   Number         4  oled_show.o(.text.oled_progress)
    __arm_cp.1_10                            0x00002a1c   Number         4  oled_show.o(.text.oled_progress)
    __arm_cp.1_11                            0x00002a20   Number         4  oled_show.o(.text.oled_progress)
    __arm_cp.1_12                            0x00002a24   Number         4  oled_show.o(.text.oled_progress)
    [Anonymous Symbol]                       0x00002a34   Section        0  uart.o(.text.oled_show_uart1_bytes)
    __arm_cp.5_0                             0x00002ac4   Number         4  uart.o(.text.oled_show_uart1_bytes)
    [Anonymous Symbol]                       0x00002b44   Section        0  bsp_sg90.o(.text.servo_progress1)
    __arm_cp.3_0                             0x00002ba0   Number         4  bsp_sg90.o(.text.servo_progress1)
    __arm_cp.3_2                             0x00002ba4   Number         4  bsp_sg90.o(.text.servo_progress1)
    [Anonymous Symbol]                       0x00002ba8   Section        0  bsp_sg90.o(.text.servo_progress2)
    __arm_cp.4_0                             0x00002c54   Number         4  bsp_sg90.o(.text.servo_progress2)
    __arm_cp.4_1                             0x00002c58   Number         4  bsp_sg90.o(.text.servo_progress2)
    __arm_cp.4_2                             0x00002c5c   Number         4  bsp_sg90.o(.text.servo_progress2)
    __arm_cp.4_3                             0x00002c60   Number         4  bsp_sg90.o(.text.servo_progress2)
    __arm_cp.4_4                             0x00002c64   Number         4  bsp_sg90.o(.text.servo_progress2)
    [Anonymous Symbol]                       0x00002c68   Section        0  uart.o(.text.uart_process)
    __arm_cp.4_24                            0x00002d30   Number         4  uart.o(.text.uart_process)
    __arm_cp.4_25                            0x00002d34   Number         4  uart.o(.text.uart_process)
    __arm_cp.4_31                            0x00003130   Number         4  uart.o(.text.uart_process)
    __arm_cp.4_33                            0x000031f8   Number         4  uart.o(.text.uart_process)
    __arm_cp.4_36                            0x00003308   Number         4  uart.o(.text.uart_process)
    __arm_cp.4_37                            0x0000330c   Number         4  uart.o(.text.uart_process)
    __arm_cp.4_41                            0x0000372c   Number         4  uart.o(.text.uart_process)
    __arm_cp.4_3                             0x00003a50   Number         4  uart.o(.text.uart_process)
    __arm_cp.4_6                             0x00003a54   Number         4  uart.o(.text.uart_process)
    __arm_cp.4_7                             0x00003a58   Number         4  uart.o(.text.uart_process)
    __arm_cp.4_8                             0x00003a5c   Number         4  uart.o(.text.uart_process)
    __arm_cp.4_9                             0x00003a60   Number         4  uart.o(.text.uart_process)
    __arm_cp.4_10                            0x00003a64   Number         4  uart.o(.text.uart_process)
    __arm_cp.4_12                            0x00003a68   Number         4  uart.o(.text.uart_process)
    __arm_cp.4_13                            0x00003a6c   Number         4  uart.o(.text.uart_process)
    __arm_cp.4_15                            0x00003a70   Number         4  uart.o(.text.uart_process)
    __arm_cp.4_17                            0x00003a74   Number         4  uart.o(.text.uart_process)
    [Anonymous Symbol]                       0x00003a78   Section        0  uart.o(.text.uart_send_char)
    __arm_cp.0_0                             0x00003a98   Number         4  uart.o(.text.uart_send_char)
    .text_divfast                            0x00003a9c   Section      502  aeabi_sdivfast.o(.text_divfast)
    i._is_digit                              0x00003c92   Section        0  __printf_wp.o(i._is_digit)
    x$fpl$fadd                               0x00003ca0   Section      140  faddsub.o(x$fpl$fadd)
    _fadd1                                   0x00003cad   Thumb Code     0  faddsub.o(x$fpl$fadd)
    x$fpl$fmul                               0x00003d2c   Section      176  fmul.o(x$fpl$fmul)
    x$fpl$fsub                               0x00003ddc   Section      208  faddsub.o(x$fpl$fsub)
    _fsub1                                   0x00003de9   Thumb Code     0  faddsub.o(x$fpl$fsub)
    uc_hextab                                0x00003eac   Data          20  _printf_hex_int.o(.constdata)
    .constdata                               0x00003eac   Section       40  _printf_hex_int.o(.constdata)
    x$fpl$usenofp                            0x00003eac   Section        0  usenofp.o(x$fpl$usenofp)
    lc_hextab                                0x00003ec0   Data          20  _printf_hex_int.o(.constdata)
    maptable                                 0x00003ed4   Data          17  __printf_flags_wp.o(.constdata)
    .constdata                               0x00003ed4   Section       17  __printf_flags_wp.o(.constdata)
    fdiv_tab                                 0x00003ee5   Data          64  fdiv.o(.constdata)
    .constdata                               0x00003ee5   Section       64  fdiv.o(.constdata)
    gPWMClockConfig                          0x0000590d   Data           3  ti_msp_dl_config.o(.rodata.gPWMClockConfig)
    [Anonymous Symbol]                       0x0000590d   Section        0  ti_msp_dl_config.o(.rodata.gPWMClockConfig)
    gPWMConfig                               0x00005910   Data           8  ti_msp_dl_config.o(.rodata.gPWMConfig)
    [Anonymous Symbol]                       0x00005910   Section        0  ti_msp_dl_config.o(.rodata.gPWMConfig)
    gTIMER_0ClockConfig                      0x00005918   Data           3  ti_msp_dl_config.o(.rodata.gTIMER_0ClockConfig)
    [Anonymous Symbol]                       0x00005918   Section        0  ti_msp_dl_config.o(.rodata.gTIMER_0ClockConfig)
    gTIMER_0TimerConfig                      0x0000591c   Data          20  ti_msp_dl_config.o(.rodata.gTIMER_0TimerConfig)
    [Anonymous Symbol]                       0x0000591c   Section        0  ti_msp_dl_config.o(.rodata.gTIMER_0TimerConfig)
    gTIMER_1ClockConfig                      0x00005930   Data           3  ti_msp_dl_config.o(.rodata.gTIMER_1ClockConfig)
    [Anonymous Symbol]                       0x00005930   Section        0  ti_msp_dl_config.o(.rodata.gTIMER_1ClockConfig)
    gTIMER_1TimerConfig                      0x00005934   Data          20  ti_msp_dl_config.o(.rodata.gTIMER_1TimerConfig)
    [Anonymous Symbol]                       0x00005934   Section        0  ti_msp_dl_config.o(.rodata.gTIMER_1TimerConfig)
    gUART_1ClockConfig                       0x00005948   Data           2  ti_msp_dl_config.o(.rodata.gUART_1ClockConfig)
    [Anonymous Symbol]                       0x00005948   Section        0  ti_msp_dl_config.o(.rodata.gUART_1ClockConfig)
    gUART_1Config                            0x0000594a   Data          10  ti_msp_dl_config.o(.rodata.gUART_1Config)
    [Anonymous Symbol]                       0x0000594a   Section        0  ti_msp_dl_config.o(.rodata.gUART_1Config)
    gUART_3ClockConfig                       0x00005954   Data           2  ti_msp_dl_config.o(.rodata.gUART_3ClockConfig)
    [Anonymous Symbol]                       0x00005954   Section        0  ti_msp_dl_config.o(.rodata.gUART_3ClockConfig)
    gUART_3Config                            0x00005956   Data          10  ti_msp_dl_config.o(.rodata.gUART_3Config)
    [Anonymous Symbol]                       0x00005956   Section        0  ti_msp_dl_config.o(.rodata.gUART_3Config)
    gservo1ClockConfig                       0x00005960   Data           3  ti_msp_dl_config.o(.rodata.gservo1ClockConfig)
    [Anonymous Symbol]                       0x00005960   Section        0  ti_msp_dl_config.o(.rodata.gservo1ClockConfig)
    gservo1Config                            0x00005964   Data           8  ti_msp_dl_config.o(.rodata.gservo1Config)
    [Anonymous Symbol]                       0x00005964   Section        0  ti_msp_dl_config.o(.rodata.gservo1Config)
    [Anonymous Symbol]                       0x0000596c   Section        0  uart.o(.rodata.str1.1)
    [Anonymous Symbol]                       0x00005a78   Section        0  oled_show.o(.rodata.str1.1)
    .bss                                     0x20200008   Section       96  libspace.o(.bss)
    TIMG6_IRQHandler.CurrState               0x202004f0   Data           1  oled_show.o(.bss.TIMG6_IRQHandler.CurrState)
    [Anonymous Symbol]                       0x202004f0   Section        0  oled_show.o(.bss.TIMG6_IRQHandler.CurrState)
    Heap_Mem                                 0x20200a48   Data           0  startup_mspm0g350x_uvision.o(HEAP)
    Stack_Mem                                0x20200a48   Data         256  startup_mspm0g350x_uvision.o(STACK)
    HEAP                                     0x20200a48   Section        0  startup_mspm0g350x_uvision.o(HEAP)
    STACK                                    0x20200a48   Section      256  startup_mspm0g350x_uvision.o(STACK)
    __initial_sp                             0x20200b48   Data           0  startup_mspm0g350x_uvision.o(STACK)

    Global Symbols

    Symbol Name                              Value     Ov Type        Size  Object(Section)

    BuildAttributes$$THM_ISAv3M$S$PE$A:L22$X:L11$S22$IEEE1$IW$~IW$USESV6$~STKCKD$USESV7$~SHL$OTIME$ROPI$EBA8$UX$STANDARDLIB$REQ8$PRES8$EABIv2 0x00000000   Number         0  anon$$obj.o ABSOLUTE
    __Vectors                                0x00000000   Data           4  startup_mspm0g350x_uvision.o(RESET)
    _printf_flags                            0x00000000   Number         0  printf_stubs.o ABSOLUTE
    _printf_return_value                     0x00000000   Number         0  printf_stubs.o ABSOLUTE
    _printf_sizespec                         0x00000000   Number         0  printf_stubs.o ABSOLUTE
    _printf_widthprec                        0x00000000   Number         0  printf_stubs.o ABSOLUTE
    __ARM_exceptions_init                     - Undefined Weak Reference
    __alloca_initialize                       - Undefined Weak Reference
    __arm_preinit_                            - Undefined Weak Reference
    __arm_relocate_pie_                       - Undefined Weak Reference
    __cpp_initialize__aeabi_                  - Undefined Weak Reference
    __cxa_finalize                            - Undefined Weak Reference
    __rt_locale                               - Undefined Weak Reference
    __sigvec_lookup                           - Undefined Weak Reference
    _atexit_init                              - Undefined Weak Reference
    _call_atexit_fns                          - Undefined Weak Reference
    _clock_init                               - Undefined Weak Reference
    _fp_trap_init                             - Undefined Weak Reference
    _fp_trap_shutdown                         - Undefined Weak Reference
    _get_lc_collate                           - Undefined Weak Reference
    _get_lc_ctype                             - Undefined Weak Reference
    _get_lc_monetary                          - Undefined Weak Reference
    _get_lc_numeric                           - Undefined Weak Reference
    _get_lc_time                              - Undefined Weak Reference
    _getenv_init                              - Undefined Weak Reference
    _handle_redirection                       - Undefined Weak Reference
    _init_alloc                               - Undefined Weak Reference
    _init_user_alloc                          - Undefined Weak Reference
    _initio                                   - Undefined Weak Reference
    _printf_truncate_unsigned                 - Undefined Weak Reference
    _rand_init                                - Undefined Weak Reference
    _signal_finish                            - Undefined Weak Reference
    _signal_init                              - Undefined Weak Reference
    _terminate_alloc                          - Undefined Weak Reference
    _terminate_user_alloc                     - Undefined Weak Reference
    _terminateio                              - Undefined Weak Reference
    __Vectors_End                            0x000000c0   Data           0  startup_mspm0g350x_uvision.o(RESET)
    __Vectors_Size                           0x000000c0   Number         0  startup_mspm0g350x_uvision.o ABSOLUTE
    __main                                   0x000000c1   Thumb Code     8  __main.o(!!!main)
    __scatterload                            0x000000c9   Thumb Code     0  __scatter.o(!!!scatter)
    __scatterload_rt2                        0x000000c9   Thumb Code    74  __scatter.o(!!!scatter)
    __scatterload_rt2_thumb_only             0x000000c9   Thumb Code     0  __scatter.o(!!!scatter)
    __scatterload_loop                       0x000000d3   Thumb Code     0  __scatter.o(!!!scatter)
    __scatterload_copy                       0x00000121   Thumb Code    26  __scatter_copy.o(!!handler_copy)
    __scatterload_null                       0x00000141   Thumb Code     2  __scatter.o(!!handler_null)
    __scatterload_zeroinit                   0x00000149   Thumb Code    28  __scatter_zi.o(!!handler_zi)
    _printf_percent                          0x00000165   Thumb Code     0  _printf_percent.o(.ARM.Collect$$_printf_percent$$00000000)
    _printf_x                                0x00000167   Thumb Code     0  _printf_x.o(.ARM.Collect$$_printf_percent$$0000000C)
    _printf_percent_end                      0x00000171   Thumb Code     0  _printf_percent_end.o(.ARM.Collect$$_printf_percent$$00000017)
    __rt_lib_init                            0x00000175   Thumb Code     0  libinit.o(.ARM.Collect$$libinit$$00000000)
    __rt_lib_init_alloca_1                   0x00000177   Thumb Code     0  libinit2.o(.ARM.Collect$$libinit$$00000030)
    __rt_lib_init_argv_1                     0x00000177   Thumb Code     0  libinit2.o(.ARM.Collect$$libinit$$0000002E)
    __rt_lib_init_atexit_1                   0x00000177   Thumb Code     0  libinit2.o(.ARM.Collect$$libinit$$0000001D)
    __rt_lib_init_clock_1                    0x00000177   Thumb Code     0  libinit2.o(.ARM.Collect$$libinit$$00000023)
    __rt_lib_init_cpp_1                      0x00000177   Thumb Code     0  libinit2.o(.ARM.Collect$$libinit$$00000034)
    __rt_lib_init_exceptions_1               0x00000177   Thumb Code     0  libinit2.o(.ARM.Collect$$libinit$$00000032)
    __rt_lib_init_fp_1                       0x00000177   Thumb Code     0  libinit2.o(.ARM.Collect$$libinit$$00000002)
    __rt_lib_init_fp_trap_1                  0x00000177   Thumb Code     0  libinit2.o(.ARM.Collect$$libinit$$00000021)
    __rt_lib_init_getenv_1                   0x00000177   Thumb Code     0  libinit2.o(.ARM.Collect$$libinit$$00000025)
    __rt_lib_init_heap_1                     0x00000177   Thumb Code     0  libinit2.o(.ARM.Collect$$libinit$$0000000C)
    __rt_lib_init_lc_collate_1               0x00000177   Thumb Code     0  libinit2.o(.ARM.Collect$$libinit$$00000013)
    __rt_lib_init_lc_ctype_1                 0x00000177   Thumb Code     0  libinit2.o(.ARM.Collect$$libinit$$00000015)
    __rt_lib_init_lc_monetary_1              0x00000177   Thumb Code     0  libinit2.o(.ARM.Collect$$libinit$$00000017)
    __rt_lib_init_lc_numeric_1               0x00000177   Thumb Code     0  libinit2.o(.ARM.Collect$$libinit$$00000019)
    __rt_lib_init_lc_time_1                  0x00000177   Thumb Code     0  libinit2.o(.ARM.Collect$$libinit$$0000001B)
    __rt_lib_init_preinit_1                  0x00000177   Thumb Code     0  libinit2.o(.ARM.Collect$$libinit$$00000006)
    __rt_lib_init_rand_1                     0x00000177   Thumb Code     0  libinit2.o(.ARM.Collect$$libinit$$00000010)
    __rt_lib_init_relocate_pie_1             0x00000177   Thumb Code     0  libinit2.o(.ARM.Collect$$libinit$$00000004)
    __rt_lib_init_return                     0x00000177   Thumb Code     0  libinit2.o(.ARM.Collect$$libinit$$00000035)
    __rt_lib_init_signal_1                   0x00000177   Thumb Code     0  libinit2.o(.ARM.Collect$$libinit$$0000001F)
    __rt_lib_init_stdio_1                    0x00000177   Thumb Code     0  libinit2.o(.ARM.Collect$$libinit$$00000027)
    __rt_lib_init_user_alloc_1               0x00000177   Thumb Code     0  libinit2.o(.ARM.Collect$$libinit$$0000000E)
    __rt_lib_shutdown                        0x00000179   Thumb Code     0  libshutdown.o(.ARM.Collect$$libshutdown$$00000000)
    __rt_lib_shutdown_cpp_1                  0x0000017b   Thumb Code     0  libshutdown2.o(.ARM.Collect$$libshutdown$$00000002)
    __rt_lib_shutdown_fp_trap_1              0x0000017b   Thumb Code     0  libshutdown2.o(.ARM.Collect$$libshutdown$$00000007)
    __rt_lib_shutdown_heap_1                 0x0000017b   Thumb Code     0  libshutdown2.o(.ARM.Collect$$libshutdown$$0000000F)
    __rt_lib_shutdown_return                 0x0000017b   Thumb Code     0  libshutdown2.o(.ARM.Collect$$libshutdown$$00000010)
    __rt_lib_shutdown_signal_1               0x0000017b   Thumb Code     0  libshutdown2.o(.ARM.Collect$$libshutdown$$0000000A)
    __rt_lib_shutdown_stdio_1                0x0000017b   Thumb Code     0  libshutdown2.o(.ARM.Collect$$libshutdown$$00000004)
    __rt_lib_shutdown_user_alloc_1           0x0000017b   Thumb Code     0  libshutdown2.o(.ARM.Collect$$libshutdown$$0000000C)
    __rt_entry                               0x0000017d   Thumb Code     0  __rtentry.o(.ARM.Collect$$rtentry$$00000000)
    __rt_entry_presh_1                       0x0000017d   Thumb Code     0  __rtentry2.o(.ARM.Collect$$rtentry$$00000002)
    __rt_entry_sh                            0x0000017d   Thumb Code     0  __rtentry4.o(.ARM.Collect$$rtentry$$00000004)
    __rt_entry_li                            0x00000183   Thumb Code     0  __rtentry2.o(.ARM.Collect$$rtentry$$0000000A)
    __rt_entry_postsh_1                      0x00000183   Thumb Code     0  __rtentry2.o(.ARM.Collect$$rtentry$$00000009)
    __rt_entry_main                          0x00000187   Thumb Code     0  __rtentry2.o(.ARM.Collect$$rtentry$$0000000D)
    __rt_entry_postli_1                      0x00000187   Thumb Code     0  __rtentry2.o(.ARM.Collect$$rtentry$$0000000C)
    __rt_exit                                0x0000018f   Thumb Code     0  rtexit.o(.ARM.Collect$$rtexit$$00000000)
    __rt_exit_ls                             0x00000191   Thumb Code     0  rtexit2.o(.ARM.Collect$$rtexit$$00000003)
    __rt_exit_prels_1                        0x00000191   Thumb Code     0  rtexit2.o(.ARM.Collect$$rtexit$$00000002)
    __rt_exit_exit                           0x00000195   Thumb Code     0  rtexit2.o(.ARM.Collect$$rtexit$$00000004)
    Reset_Handler                            0x0000019d   Thumb Code     4  startup_mspm0g350x_uvision.o(.text)
    NMI_Handler                              0x000001a1   Thumb Code     2  startup_mspm0g350x_uvision.o(.text)
    HardFault_Handler                        0x000001a3   Thumb Code     2  startup_mspm0g350x_uvision.o(.text)
    SVC_Handler                              0x000001a5   Thumb Code     2  startup_mspm0g350x_uvision.o(.text)
    PendSV_Handler                           0x000001a7   Thumb Code     2  startup_mspm0g350x_uvision.o(.text)
    SysTick_Handler                          0x000001a9   Thumb Code     2  startup_mspm0g350x_uvision.o(.text)
    ADC0_IRQHandler                          0x000001ab   Thumb Code     0  startup_mspm0g350x_uvision.o(.text)
    ADC1_IRQHandler                          0x000001ab   Thumb Code     0  startup_mspm0g350x_uvision.o(.text)
    AES_IRQHandler                           0x000001ab   Thumb Code     0  startup_mspm0g350x_uvision.o(.text)
    CANFD0_IRQHandler                        0x000001ab   Thumb Code     0  startup_mspm0g350x_uvision.o(.text)
    DAC0_IRQHandler                          0x000001ab   Thumb Code     0  startup_mspm0g350x_uvision.o(.text)
    DMA_IRQHandler                           0x000001ab   Thumb Code     0  startup_mspm0g350x_uvision.o(.text)
    Default_Handler                          0x000001ab   Thumb Code     2  startup_mspm0g350x_uvision.o(.text)
    GROUP0_IRQHandler                        0x000001ab   Thumb Code     0  startup_mspm0g350x_uvision.o(.text)
    GROUP1_IRQHandler                        0x000001ab   Thumb Code     0  startup_mspm0g350x_uvision.o(.text)
    I2C0_IRQHandler                          0x000001ab   Thumb Code     0  startup_mspm0g350x_uvision.o(.text)
    I2C1_IRQHandler                          0x000001ab   Thumb Code     0  startup_mspm0g350x_uvision.o(.text)
    RTC_IRQHandler                           0x000001ab   Thumb Code     0  startup_mspm0g350x_uvision.o(.text)
    SPI0_IRQHandler                          0x000001ab   Thumb Code     0  startup_mspm0g350x_uvision.o(.text)
    SPI1_IRQHandler                          0x000001ab   Thumb Code     0  startup_mspm0g350x_uvision.o(.text)
    TIMA0_IRQHandler                         0x000001ab   Thumb Code     0  startup_mspm0g350x_uvision.o(.text)
    TIMA1_IRQHandler                         0x000001ab   Thumb Code     0  startup_mspm0g350x_uvision.o(.text)
    TIMG12_IRQHandler                        0x000001ab   Thumb Code     0  startup_mspm0g350x_uvision.o(.text)
    TIMG7_IRQHandler                         0x000001ab   Thumb Code     0  startup_mspm0g350x_uvision.o(.text)
    TIMG8_IRQHandler                         0x000001ab   Thumb Code     0  startup_mspm0g350x_uvision.o(.text)
    UART0_IRQHandler                         0x000001ab   Thumb Code     0  startup_mspm0g350x_uvision.o(.text)
    UART2_IRQHandler                         0x000001ab   Thumb Code     0  startup_mspm0g350x_uvision.o(.text)
    __user_initial_stackheap                 0x000001ad   Thumb Code    10  startup_mspm0g350x_uvision.o(.text)
    __2sprintf                               0x000001c9   Thumb Code    36  noretval__2sprintf.o(.text)
    _printf_pre_padding                      0x000001f1   Thumb Code    44  _printf_pad.o(.text)
    _printf_post_padding                     0x0000021d   Thumb Code    34  _printf_pad.o(.text)
    _printf_int_hex                          0x00000241   Thumb Code    84  _printf_hex_int.o(.text)
    _printf_longlong_hex                     0x00000241   Thumb Code     0  _printf_hex_int.o(.text)
    __printf                                 0x00000299   Thumb Code   306  __printf_flags_wp.o(.text)
    __aeabi_uidivmod                         0x000003d1   Thumb Code    28  aeabi_sdivfast.o(.text)
    __aeabi_idivmod                          0x000003ed   Thumb Code   472  aeabi_sdivfast.o(.text)
    __use_two_region_memory                  0x000005c9   Thumb Code     2  heapauxi.o(.text)
    __rt_heap_escrow$2region                 0x000005cb   Thumb Code     2  heapauxi.o(.text)
    __rt_heap_expand$2region                 0x000005cd   Thumb Code     2  heapauxi.o(.text)
    __aeabi_fdiv                             0x000005d1   Thumb Code     0  fdiv.o(.text)
    __divsf3                                 0x000005d1   Thumb Code     0  fdiv.o(.text)
    _fdiv                                    0x000005d1   Thumb Code   334  fdiv.o(.text)
    _frdiv                                   0x0000071f   Thumb Code     8  fdiv.o(.text)
    __aeabi_f2uiz                            0x00000731   Thumb Code     0  ffixui.o(.text)
    _ffixu                                   0x00000731   Thumb Code    48  ffixui.o(.text)
    __aeabi_i2f_normalise                    0x00000761   Thumb Code    72  fflti.o(.text)
    __aeabi_i2f                              0x000007a9   Thumb Code    16  fflti.o(.text)
    _fflt                                    0x000007a9   Thumb Code     0  fflti.o(.text)
    __aeabi_ui2f                             0x000007b9   Thumb Code     6  fflti.o(.text)
    _ffltu                                   0x000007b9   Thumb Code     0  fflti.o(.text)
    _printf_int_common                       0x000007bf   Thumb Code   176  _printf_intcommon.o(.text)
    _printf_char_common                      0x0000087b   Thumb Code    32  _printf_char_common.o(.text)
    _sputc                                   0x000008a1   Thumb Code    10  _sputc.o(.text)
    __user_setup_stackheap                   0x000008ab   Thumb Code    62  sys_stackheap_outer.o(.text)
    exit                                     0x000008e9   Thumb Code    16  exit.o(.text)
    __user_libspace                          0x000008f9   Thumb Code     8  libspace.o(.text)
    __user_perproc_libspace                  0x000008f9   Thumb Code     0  libspace.o(.text)
    __user_perthread_libspace                0x000008f9   Thumb Code     0  libspace.o(.text)
    DL_Common_delayCycles                    0x00000901   Thumb Code    10  dl_common.o(.text.DL_Common_delayCycles)
    DL_Timer_initFourCCPWMMode               0x0000090d   Thumb Code   264  dl_timer.o(.text.DL_Timer_initFourCCPWMMode)
    DL_Timer_initTimerMode                   0x00000a15   Thumb Code   240  dl_timer.o(.text.DL_Timer_initTimerMode)
    DL_Timer_setCaptCompUpdateMethod         0x00000b05   Thumb Code    28  dl_timer.o(.text.DL_Timer_setCaptCompUpdateMethod)
    DL_Timer_setCaptureCompareOutCtl         0x00000b21   Thumb Code    24  dl_timer.o(.text.DL_Timer_setCaptureCompareOutCtl)
    DL_Timer_setCaptureCompareValue          0x00000b39   Thumb Code    16  dl_timer.o(.text.DL_Timer_setCaptureCompareValue)
    DL_Timer_setClockConfig                  0x00000b49   Thumb Code    28  dl_timer.o(.text.DL_Timer_setClockConfig)
    DL_UART_init                             0x00000b65   Thumb Code    72  dl_uart.o(.text.DL_UART_init)
    DL_UART_setClockConfig                   0x00000bad   Thumb Code    18  dl_uart.o(.text.DL_UART_setClockConfig)
    OLED_Clear                               0x00000bc1   Thumb Code  1620  oled.o(.text.OLED_Clear)
    OLED_Init                                0x00001215   Thumb Code  1852  oled.o(.text.OLED_Init)
    OLED_Refresh                             0x00001951   Thumb Code   240  oled.o(.text.OLED_Refresh)
    OLED_ShowChar                            0x00001a45   Thumb Code   680  oled.o(.text.OLED_ShowChar)
    OLED_ShowNum                             0x00001d01   Thumb Code   192  oled.o(.text.OLED_ShowNum)
    OLED_ShowString                          0x00001dc5   Thumb Code    80  oled.o(.text.OLED_ShowString)
    OLED_WR_Byte                             0x00001e15   Thumb Code   156  oled.o(.text.OLED_WR_Byte)
    SYSCFG_DL_GPIO_init                      0x00001eb5   Thumb Code   160  ti_msp_dl_config.o(.text.SYSCFG_DL_GPIO_init)
    SYSCFG_DL_PWM_init                       0x00001f75   Thumb Code   172  ti_msp_dl_config.o(.text.SYSCFG_DL_PWM_init)
    SYSCFG_DL_SYSCTL_init                    0x00002035   Thumb Code    52  ti_msp_dl_config.o(.text.SYSCFG_DL_SYSCTL_init)
    SYSCFG_DL_SYSTICK_init                   0x00002071   Thumb Code    24  ti_msp_dl_config.o(.text.SYSCFG_DL_SYSTICK_init)
    SYSCFG_DL_TIMER_0_init                   0x0000208d   Thumb Code    36  ti_msp_dl_config.o(.text.SYSCFG_DL_TIMER_0_init)
    SYSCFG_DL_TIMER_1_init                   0x000020c5   Thumb Code    36  ti_msp_dl_config.o(.text.SYSCFG_DL_TIMER_1_init)
    SYSCFG_DL_UART_1_init                    0x000020fd   Thumb Code    84  ti_msp_dl_config.o(.text.SYSCFG_DL_UART_1_init)
    SYSCFG_DL_UART_3_init                    0x00002165   Thumb Code    84  ti_msp_dl_config.o(.text.SYSCFG_DL_UART_3_init)
    SYSCFG_DL_init                           0x000021d1   Thumb Code    68  ti_msp_dl_config.o(.text.SYSCFG_DL_init)
    SYSCFG_DL_initPower                      0x00002225   Thumb Code    72  ti_msp_dl_config.o(.text.SYSCFG_DL_initPower)
    SYSCFG_DL_servo1_init                    0x00002295   Thumb Code    92  ti_msp_dl_config.o(.text.SYSCFG_DL_servo1_init)
    Send_Byte                                0x00002305   Thumb Code   260  oled.o(.text.Send_Byte)
    Set_Servo_Angle                          0x00002409   Thumb Code   140  bsp_sg90.o(.text.Set_Servo_Angle)
    TIMG0_IRQHandler                         0x000024ad   Thumb Code    16  bsp_sg90.o(.text.TIMG0_IRQHandler)
    TIMG6_IRQHandler                         0x000024c1   Thumb Code    92  oled_show.o(.text.TIMG6_IRQHandler)
    UART1_IRQHandler                         0x0000252d   Thumb Code   104  uart.o(.text.UART1_IRQHandler)
    UART3_IRQHandler                         0x000025a5   Thumb Code   104  uart.o(.text.UART3_IRQHandler)
    _sys_exit                                0x0000261d   Thumb Code     2  board.o(.text._sys_exit)
    board_init                               0x00002621   Thumb Code    64  board.o(.text.board_init)
    buzzer                                   0x00002669   Thumb Code    44  buzzer.o(.text.buzzer)
    delay_ms                                 0x00002699   Thumb Code    68  board.o(.text.delay_ms)
    delay_us                                 0x000026dd   Thumb Code    64  board.o(.text.delay_us)
    main                                     0x00002721   Thumb Code    40  empty.o(.text.main)
    oled_first                               0x0000274d   Thumb Code    68  oled_show.o(.text.oled_first)
    oled_progress                            0x00002791   Thumb Code   588  oled_show.o(.text.oled_progress)
    oled_show_uart1_bytes                    0x00002a35   Thumb Code   144  uart.o(.text.oled_show_uart1_bytes)
    servo_progress1                          0x00002b45   Thumb Code    92  bsp_sg90.o(.text.servo_progress1)
    servo_progress2                          0x00002ba9   Thumb Code   172  bsp_sg90.o(.text.servo_progress2)
    uart_process                             0x00002c69   Thumb Code  3560  uart.o(.text.uart_process)
    uart_send_char                           0x00003a79   Thumb Code    32  uart.o(.text.uart_send_char)
    __aeabi_uidiv                            0x00003a9d   Thumb Code    68  aeabi_sdivfast.o(.text_divfast)
    __aeabi_idiv                             0x00003ae1   Thumb Code   434  aeabi_sdivfast.o(.text_divfast)
    _is_digit                                0x00003c93   Thumb Code    14  __printf_wp.o(i._is_digit)
    __aeabi_fadd                             0x00003ca1   Thumb Code     0  faddsub.o(x$fpl$fadd)
    _fadd                                    0x00003ca1   Thumb Code   134  faddsub.o(x$fpl$fadd)
    __aeabi_fmul                             0x00003d2d   Thumb Code     0  fmul.o(x$fpl$fmul)
    _fmul                                    0x00003d2d   Thumb Code   172  fmul.o(x$fpl$fmul)
    __aeabi_fsub                             0x00003ddd   Thumb Code     0  faddsub.o(x$fpl$fsub)
    _fsub                                    0x00003ddd   Thumb Code   204  faddsub.o(x$fpl$fsub)
    __I$use$fp                               0x00003eac   Number         0  usenofp.o(x$fpl$usenofp)
    asc2_0806                                0x00003f25   Data         552  oled.o(.rodata.asc2_0806)
    asc2_1206                                0x0000414d   Data        1140  oled.o(.rodata.asc2_1206)
    asc2_1608                                0x000045c1   Data        1520  oled.o(.rodata.asc2_1608)
    asc2_2412                                0x00004bb1   Data        3420  oled.o(.rodata.asc2_2412)
    Region$$Table$$Base                      0x00005ab0   Number         0  anon$$obj.o(Region$$Table)
    Region$$Table$$Limit                     0x00005ad0   Number         0  anon$$obj.o(Region$$Table)
    keynum                                   0x20200000   Data           1  oled_show.o(.data.keynum)
    range1                                   0x20200001   Data           1  oled_show.o(.data.range1)
    __libspace_start                         0x20200008   Data          96  libspace.o(.bss)
    KeyNum                                   0x20200068   Data           1  oled_show.o(.bss.KeyNum)
    __temporary_stack_top$libspace           0x20200068   Data           0  libspace.o(.bss)
    Key_Num                                  0x20200069   Data           1  oled_show.o(.bss.Key_Num)
    OLED_GRAM                                0x2020006a   Data        1152  oled.o(.bss.OLED_GRAM)
    Servo_Angle                              0x202004ec   Data           4  bsp_sg90.o(.bss.Servo_Angle)
    gPWMBackup                               0x202004f4   Data         188  ti_msp_dl_config.o(.bss.gPWMBackup)
    gTIMER_1Backup                           0x202005b0   Data         160  ti_msp_dl_config.o(.bss.gTIMER_1Backup)
    gUART_3Backup                            0x20200650   Data          48  ti_msp_dl_config.o(.bss.gUART_3Backup)
    gservo1Backup                            0x20200680   Data         188  ti_msp_dl_config.o(.bss.gservo1Backup)
    key1_flag                                0x2020073c   Data           1  oled_show.o(.bss.key1_flag)
    key4_flag                                0x2020073d   Data           1  oled_show.o(.bss.key4_flag)
    motors                                   0x20200740   Data          48  bsp_sg90.o(.bss.motors)
    select_flag                              0x20200770   Data           1  oled_show.o(.bss.select_flag)
    servo                                    0x20200774   Data          32  uart.o(.bss.servo)
    servo_flag                               0x20200794   Data           1  uart.o(.bss.servo_flag)
    tick_counter                             0x20200798   Data           4  bsp_sg90.o(.bss.tick_counter)
    uart1_receivedData                       0x2020079c   Data         320  uart.o(.bss.uart1_receivedData)
    uart1_rx                                 0x202008dc   Data          20  uart.o(.bss.uart1_rx)
    uart3_receivedData                       0x202008f0   Data         320  uart.o(.bss.uart3_receivedData)
    uart3_rx                                 0x20200a30   Data          20  uart.o(.bss.uart3_rx)



==============================================================================

Memory Map of the image

  Image Entry point : 0x000000c1

  Load Region LR_IROM1 (Base: 0x00000000, Size: 0x00005ad8, Max: 0x00020000, ABSOLUTE)

    Execution Region ER_IROM1 (Exec base: 0x00000000, Load base: 0x00000000, Size: 0x00005ad0, Max: 0x00020000, ABSOLUTE)

    Exec Addr    Load Addr    Size         Type   Attr      Idx    E Section Name        Object

    0x00000000   0x00000000   0x000000c0   Data   RO            3    RESET               startup_mspm0g350x_uvision.o
    0x000000c0   0x000000c0   0x00000008   Code   RO          462  * !!!main             c_p.l(__main.o)
    0x000000c8   0x000000c8   0x00000054   Code   RO          660    !!!scatter          c_p.l(__scatter.o)
    0x0000011c   0x0000011c   0x00000004   PAD
    0x00000120   0x00000120   0x0000001a   Code   RO          664    !!handler_copy      c_p.l(__scatter_copy.o)
    0x0000013a   0x0000013a   0x00000006   PAD
    0x00000140   0x00000140   0x00000002   Code   RO          661    !!handler_null      c_p.l(__scatter.o)
    0x00000142   0x00000142   0x00000006   PAD
    0x00000148   0x00000148   0x0000001c   Code   RO          666    !!handler_zi        c_p.l(__scatter_zi.o)
    0x00000164   0x00000164   0x00000002   Code   RO          451    .ARM.Collect$$_printf_percent$$00000000  c_p.l(_printf_percent.o)
    0x00000166   0x00000166   0x0000000a   Code   RO          450    .ARM.Collect$$_printf_percent$$0000000C  c_p.l(_printf_x.o)
    0x00000170   0x00000170   0x00000004   Code   RO          490    .ARM.Collect$$_printf_percent$$00000017  c_p.l(_printf_percent_end.o)
    0x00000174   0x00000174   0x00000002   Code   RO          525    .ARM.Collect$$libinit$$00000000  c_p.l(libinit.o)
    0x00000176   0x00000176   0x00000000   Code   RO          539    .ARM.Collect$$libinit$$00000002  c_p.l(libinit2.o)
    0x00000176   0x00000176   0x00000000   Code   RO          541    .ARM.Collect$$libinit$$00000004  c_p.l(libinit2.o)
    0x00000176   0x00000176   0x00000000   Code   RO          543    .ARM.Collect$$libinit$$00000006  c_p.l(libinit2.o)
    0x00000176   0x00000176   0x00000000   Code   RO          546    .ARM.Collect$$libinit$$0000000C  c_p.l(libinit2.o)
    0x00000176   0x00000176   0x00000000   Code   RO          548    .ARM.Collect$$libinit$$0000000E  c_p.l(libinit2.o)
    0x00000176   0x00000176   0x00000000   Code   RO          550    .ARM.Collect$$libinit$$00000010  c_p.l(libinit2.o)
    0x00000176   0x00000176   0x00000000   Code   RO          553    .ARM.Collect$$libinit$$00000013  c_p.l(libinit2.o)
    0x00000176   0x00000176   0x00000000   Code   RO          555    .ARM.Collect$$libinit$$00000015  c_p.l(libinit2.o)
    0x00000176   0x00000176   0x00000000   Code   RO          557    .ARM.Collect$$libinit$$00000017  c_p.l(libinit2.o)
    0x00000176   0x00000176   0x00000000   Code   RO          559    .ARM.Collect$$libinit$$00000019  c_p.l(libinit2.o)
    0x00000176   0x00000176   0x00000000   Code   RO          561    .ARM.Collect$$libinit$$0000001B  c_p.l(libinit2.o)
    0x00000176   0x00000176   0x00000000   Code   RO          563    .ARM.Collect$$libinit$$0000001D  c_p.l(libinit2.o)
    0x00000176   0x00000176   0x00000000   Code   RO          565    .ARM.Collect$$libinit$$0000001F  c_p.l(libinit2.o)
    0x00000176   0x00000176   0x00000000   Code   RO          567    .ARM.Collect$$libinit$$00000021  c_p.l(libinit2.o)
    0x00000176   0x00000176   0x00000000   Code   RO          569    .ARM.Collect$$libinit$$00000023  c_p.l(libinit2.o)
    0x00000176   0x00000176   0x00000000   Code   RO          571    .ARM.Collect$$libinit$$00000025  c_p.l(libinit2.o)
    0x00000176   0x00000176   0x00000000   Code   RO          573    .ARM.Collect$$libinit$$00000027  c_p.l(libinit2.o)
    0x00000176   0x00000176   0x00000000   Code   RO          577    .ARM.Collect$$libinit$$0000002E  c_p.l(libinit2.o)
    0x00000176   0x00000176   0x00000000   Code   RO          579    .ARM.Collect$$libinit$$00000030  c_p.l(libinit2.o)
    0x00000176   0x00000176   0x00000000   Code   RO          581    .ARM.Collect$$libinit$$00000032  c_p.l(libinit2.o)
    0x00000176   0x00000176   0x00000000   Code   RO          583    .ARM.Collect$$libinit$$00000034  c_p.l(libinit2.o)
    0x00000176   0x00000176   0x00000002   Code   RO          584    .ARM.Collect$$libinit$$00000035  c_p.l(libinit2.o)
    0x00000178   0x00000178   0x00000002   Code   RO          612    .ARM.Collect$$libshutdown$$00000000  c_p.l(libshutdown.o)
    0x0000017a   0x0000017a   0x00000000   Code   RO          643    .ARM.Collect$$libshutdown$$00000002  c_p.l(libshutdown2.o)
    0x0000017a   0x0000017a   0x00000000   Code   RO          645    .ARM.Collect$$libshutdown$$00000004  c_p.l(libshutdown2.o)
    0x0000017a   0x0000017a   0x00000000   Code   RO          648    .ARM.Collect$$libshutdown$$00000007  c_p.l(libshutdown2.o)
    0x0000017a   0x0000017a   0x00000000   Code   RO          651    .ARM.Collect$$libshutdown$$0000000A  c_p.l(libshutdown2.o)
    0x0000017a   0x0000017a   0x00000000   Code   RO          653    .ARM.Collect$$libshutdown$$0000000C  c_p.l(libshutdown2.o)
    0x0000017a   0x0000017a   0x00000000   Code   RO          656    .ARM.Collect$$libshutdown$$0000000F  c_p.l(libshutdown2.o)
    0x0000017a   0x0000017a   0x00000002   Code   RO          657    .ARM.Collect$$libshutdown$$00000010  c_p.l(libshutdown2.o)
    0x0000017c   0x0000017c   0x00000000   Code   RO          479    .ARM.Collect$$rtentry$$00000000  c_p.l(__rtentry.o)
    0x0000017c   0x0000017c   0x00000000   Code   RO          493    .ARM.Collect$$rtentry$$00000002  c_p.l(__rtentry2.o)
    0x0000017c   0x0000017c   0x00000006   Code   RO          505    .ARM.Collect$$rtentry$$00000004  c_p.l(__rtentry4.o)
    0x00000182   0x00000182   0x00000000   Code   RO          495    .ARM.Collect$$rtentry$$00000009  c_p.l(__rtentry2.o)
    0x00000182   0x00000182   0x00000004   Code   RO          496    .ARM.Collect$$rtentry$$0000000A  c_p.l(__rtentry2.o)
    0x00000186   0x00000186   0x00000000   Code   RO          498    .ARM.Collect$$rtentry$$0000000C  c_p.l(__rtentry2.o)
    0x00000186   0x00000186   0x00000008   Code   RO          499    .ARM.Collect$$rtentry$$0000000D  c_p.l(__rtentry2.o)
    0x0000018e   0x0000018e   0x00000002   Code   RO          530    .ARM.Collect$$rtexit$$00000000  c_p.l(rtexit.o)
    0x00000190   0x00000190   0x00000000   Code   RO          586    .ARM.Collect$$rtexit$$00000002  c_p.l(rtexit2.o)
    0x00000190   0x00000190   0x00000004   Code   RO          587    .ARM.Collect$$rtexit$$00000003  c_p.l(rtexit2.o)
    0x00000194   0x00000194   0x00000006   Code   RO          588    .ARM.Collect$$rtexit$$00000004  c_p.l(rtexit2.o)
    0x0000019a   0x0000019a   0x00000002   PAD
    0x0000019c   0x0000019c   0x0000002c   Code   RO            4    .text               startup_mspm0g350x_uvision.o
    0x000001c8   0x000001c8   0x00000028   Code   RO          403    .text               c_p.l(noretval__2sprintf.o)
    0x000001f0   0x000001f0   0x0000004e   Code   RO          407    .text               c_p.l(_printf_pad.o)
    0x0000023e   0x0000023e   0x00000002   PAD
    0x00000240   0x00000240   0x00000058   Code   RO          412    .text               c_p.l(_printf_hex_int.o)
    0x00000298   0x00000298   0x00000138   Code   RO          442    .text               c_p.l(__printf_flags_wp.o)
    0x000003d0   0x000003d0   0x000001f8   Code   RO          452    .text               c_p.l(aeabi_sdivfast.o)
    0x000005c8   0x000005c8   0x00000006   Code   RO          460    .text               c_p.l(heapauxi.o)
    0x000005ce   0x000005ce   0x00000002   PAD
    0x000005d0   0x000005d0   0x00000160   Code   RO          470    .text               fz_ps.l(fdiv.o)
    0x00000730   0x00000730   0x00000030   Code   RO          473    .text               fz_ps.l(ffixui.o)
    0x00000760   0x00000760   0x0000005e   Code   RO          475    .text               fz_ps.l(fflti.o)
    0x000007be   0x000007be   0x000000b0   Code   RO          484    .text               c_p.l(_printf_intcommon.o)
    0x0000086e   0x0000086e   0x00000002   PAD
    0x00000870   0x00000870   0x00000030   Code   RO          486    .text               c_p.l(_printf_char_common.o)
    0x000008a0   0x000008a0   0x0000000a   Code   RO          488    .text               c_p.l(_sputc.o)
    0x000008aa   0x000008aa   0x0000003e   Code   RO          511    .text               c_p.l(sys_stackheap_outer.o)
    0x000008e8   0x000008e8   0x00000010   Code   RO          514    .text               c_p.l(exit.o)
    0x000008f8   0x000008f8   0x00000008   Code   RO          526    .text               c_p.l(libspace.o)
    0x00000900   0x00000900   0x0000000a   Code   RO          250    .text.DL_Common_delayCycles  driverlib.a(dl_common.o)
    0x0000090a   0x0000090a   0x00000002   PAD
    0x0000090c   0x0000090c   0x00000108   Code   RO          339    .text.DL_Timer_initFourCCPWMMode  driverlib.a(dl_timer.o)
    0x00000a14   0x00000a14   0x000000f0   Code   RO          263    .text.DL_Timer_initTimerMode  driverlib.a(dl_timer.o)
    0x00000b04   0x00000b04   0x0000001c   Code   RO          305    .text.DL_Timer_setCaptCompUpdateMethod  driverlib.a(dl_timer.o)
    0x00000b20   0x00000b20   0x00000018   Code   RO          313    .text.DL_Timer_setCaptureCompareOutCtl  driverlib.a(dl_timer.o)
    0x00000b38   0x00000b38   0x00000010   Code   RO          265    .text.DL_Timer_setCaptureCompareValue  driverlib.a(dl_timer.o)
    0x00000b48   0x00000b48   0x0000001c   Code   RO          259    .text.DL_Timer_setClockConfig  driverlib.a(dl_timer.o)
    0x00000b64   0x00000b64   0x00000048   Code   RO          360    .text.DL_UART_init  driverlib.a(dl_uart.o)
    0x00000bac   0x00000bac   0x00000012   Code   RO          362    .text.DL_UART_setClockConfig  driverlib.a(dl_uart.o)
    0x00000bbe   0x00000bbe   0x00000002   PAD
    0x00000bc0   0x00000bc0   0x00000654   Code   RO          175    .text.OLED_Clear    oled.o
    0x00001214   0x00001214   0x0000073c   Code   RO          197    .text.OLED_Init     oled.o
    0x00001950   0x00001950   0x000000f4   Code   RO          173    .text.OLED_Refresh  oled.o
    0x00001a44   0x00001a44   0x000002bc   Code   RO          183    .text.OLED_ShowChar  oled.o
    0x00001d00   0x00001d00   0x000000c4   Code   RO          189    .text.OLED_ShowNum  oled.o
    0x00001dc4   0x00001dc4   0x00000050   Code   RO          185    .text.OLED_ShowString  oled.o
    0x00001e14   0x00001e14   0x000000a0   Code   RO          155    .text.OLED_WR_Byte  oled.o
    0x00001eb4   0x00001eb4   0x000000c0   Code   RO           25    .text.SYSCFG_DL_GPIO_init  ti_msp_dl_config.o
    0x00001f74   0x00001f74   0x000000c0   Code   RO           29    .text.SYSCFG_DL_PWM_init  ti_msp_dl_config.o
    0x00002034   0x00002034   0x0000003c   Code   RO           27    .text.SYSCFG_DL_SYSCTL_init  ti_msp_dl_config.o
    0x00002070   0x00002070   0x0000001c   Code   RO           41    .text.SYSCFG_DL_SYSTICK_init  ti_msp_dl_config.o
    0x0000208c   0x0000208c   0x00000038   Code   RO           33    .text.SYSCFG_DL_TIMER_0_init  ti_msp_dl_config.o
    0x000020c4   0x000020c4   0x00000038   Code   RO           35    .text.SYSCFG_DL_TIMER_1_init  ti_msp_dl_config.o
    0x000020fc   0x000020fc   0x00000068   Code   RO           37    .text.SYSCFG_DL_UART_1_init  ti_msp_dl_config.o
    0x00002164   0x00002164   0x0000006c   Code   RO           39    .text.SYSCFG_DL_UART_3_init  ti_msp_dl_config.o
    0x000021d0   0x000021d0   0x00000054   Code   RO           21    .text.SYSCFG_DL_init  ti_msp_dl_config.o
    0x00002224   0x00002224   0x00000070   Code   RO           23    .text.SYSCFG_DL_initPower  ti_msp_dl_config.o
    0x00002294   0x00002294   0x00000070   Code   RO           31    .text.SYSCFG_DL_servo1_init  ti_msp_dl_config.o
    0x00002304   0x00002304   0x00000104   Code   RO          167    .text.Send_Byte     oled.o
    0x00002408   0x00002408   0x000000a4   Code   RO           71    .text.Set_Servo_Angle  bsp_sg90.o
    0x000024ac   0x000024ac   0x00000014   Code   RO           75    .text.TIMG0_IRQHandler  bsp_sg90.o
    0x000024c0   0x000024c0   0x0000006c   Code   RO          226    .text.TIMG6_IRQHandler  oled_show.o
    0x0000252c   0x0000252c   0x00000078   Code   RO          119    .text.UART1_IRQHandler  uart.o
    0x000025a4   0x000025a4   0x00000078   Code   RO          121    .text.UART3_IRQHandler  uart.o
    0x0000261c   0x0000261c   0x00000002   Code   RO          102    .text._sys_exit     board.o
    0x0000261e   0x0000261e   0x00000002   PAD
    0x00002620   0x00002620   0x00000048   Code   RO           92    .text.board_init    board.o
    0x00002668   0x00002668   0x00000030   Code   RO          143    .text.buzzer        buzzer.o
    0x00002698   0x00002698   0x00000044   Code   RO           96    .text.delay_ms      board.o
    0x000026dc   0x000026dc   0x00000044   Code   RO           94    .text.delay_us      board.o
    0x00002720   0x00002720   0x0000002c   Code   RO           11    .text.main          empty.o
    0x0000274c   0x0000274c   0x00000044   Code   RO          222    .text.oled_first    oled_show.o
    0x00002790   0x00002790   0x000002a4   Code   RO          218    .text.oled_progress  oled_show.o
    0x00002a34   0x00002a34   0x00000110   Code   RO          125    .text.oled_show_uart1_bytes  uart.o
    0x00002b44   0x00002b44   0x00000064   Code   RO           77    .text.servo_progress1  bsp_sg90.o
    0x00002ba8   0x00002ba8   0x000000c0   Code   RO           79    .text.servo_progress2  bsp_sg90.o
    0x00002c68   0x00002c68   0x00000e10   Code   RO          123    .text.uart_process  uart.o
    0x00003a78   0x00003a78   0x00000024   Code   RO          115    .text.uart_send_char  uart.o
    0x00003a9c   0x00003a9c   0x000001f6   Code   RO          453    .text_divfast       c_p.l(aeabi_sdivfast.o)
    0x00003c92   0x00003c92   0x0000000e   Code   RO          440    i._is_digit         c_p.l(__printf_wp.o)
    0x00003ca0   0x00003ca0   0x0000008c   Code   RO          464    x$fpl$fadd          fz_ps.l(faddsub.o)
    0x00003d2c   0x00003d2c   0x000000b0   Code   RO          477    x$fpl$fmul          fz_ps.l(fmul.o)
    0x00003ddc   0x00003ddc   0x000000d0   Code   RO          466    x$fpl$fsub          fz_ps.l(faddsub.o)
    0x00003eac   0x00003eac   0x00000000   Code   RO          491    x$fpl$usenofp       fz_ps.l(usenofp.o)
    0x00003eac   0x00003eac   0x00000028   Data   RO          413    .constdata          c_p.l(_printf_hex_int.o)
    0x00003ed4   0x00003ed4   0x00000011   Data   RO          443    .constdata          c_p.l(__printf_flags_wp.o)
    0x00003ee5   0x00003ee5   0x00000040   Data   RO          471    .constdata          fz_ps.l(fdiv.o)
    0x00003f25   0x00003f25   0x00000228   Data   RO          199    .rodata.asc2_0806   oled.o
    0x0000414d   0x0000414d   0x00000474   Data   RO          200    .rodata.asc2_1206   oled.o
    0x000045c1   0x000045c1   0x000005f0   Data   RO          201    .rodata.asc2_1608   oled.o
    0x00004bb1   0x00004bb1   0x00000d5c   Data   RO          202    .rodata.asc2_2412   oled.o
    0x0000590d   0x0000590d   0x00000003   Data   RO           51    .rodata.gPWMClockConfig  ti_msp_dl_config.o
    0x00005910   0x00005910   0x00000008   Data   RO           52    .rodata.gPWMConfig  ti_msp_dl_config.o
    0x00005918   0x00005918   0x00000003   Data   RO           55    .rodata.gTIMER_0ClockConfig  ti_msp_dl_config.o
    0x0000591b   0x0000591b   0x00000001   PAD
    0x0000591c   0x0000591c   0x00000014   Data   RO           56    .rodata.gTIMER_0TimerConfig  ti_msp_dl_config.o
    0x00005930   0x00005930   0x00000003   Data   RO           57    .rodata.gTIMER_1ClockConfig  ti_msp_dl_config.o
    0x00005933   0x00005933   0x00000001   PAD
    0x00005934   0x00005934   0x00000014   Data   RO           58    .rodata.gTIMER_1TimerConfig  ti_msp_dl_config.o
    0x00005948   0x00005948   0x00000002   Data   RO           59    .rodata.gUART_1ClockConfig  ti_msp_dl_config.o
    0x0000594a   0x0000594a   0x0000000a   Data   RO           60    .rodata.gUART_1Config  ti_msp_dl_config.o
    0x00005954   0x00005954   0x00000002   Data   RO           61    .rodata.gUART_3ClockConfig  ti_msp_dl_config.o
    0x00005956   0x00005956   0x0000000a   Data   RO           62    .rodata.gUART_3Config  ti_msp_dl_config.o
    0x00005960   0x00005960   0x00000003   Data   RO           53    .rodata.gservo1ClockConfig  ti_msp_dl_config.o
    0x00005963   0x00005963   0x00000001   PAD
    0x00005964   0x00005964   0x00000008   Data   RO           54    .rodata.gservo1Config  ti_msp_dl_config.o
    0x0000596c   0x0000596c   0x0000010c   Data   RO          132    .rodata.str1.1      uart.o
    0x00005a78   0x00005a78   0x00000033   Data   RO          236    .rodata.str1.1      oled_show.o
    0x00005aab   0x00005aab   0x00000005   PAD
    0x00005ab0   0x00005ab0   0x00000020   Data   RO          659    Region$$Table       anon$$obj.o


    Execution Region RW_IRAM2 (Exec base: 0x20200000, Load base: 0x00005ad0, Size: 0x00000b48, Max: 0x00008000, ABSOLUTE)

    Exec Addr    Load Addr    Size         Type   Attr      Idx    E Section Name        Object

    0x20200000   0x00005ad0   0x00000001   Data   RW          228    .data.keynum        oled_show.o
    0x20200001   0x00005ad1   0x00000001   Data   RW          231    .data.range1        oled_show.o
    0x20200002   0x00005ad2   0x00000006   PAD
    0x20200008        -       0x00000060   Zero   RW          527    .bss                c_p.l(libspace.o)
    0x20200068        -       0x00000001   Zero   RW          232    .bss.KeyNum         oled_show.o
    0x20200069        -       0x00000001   Zero   RW          237    .bss.Key_Num        oled_show.o
    0x2020006a        -       0x00000480   Zero   RW          207    .bss.OLED_GRAM      oled.o
    0x202004ea   0x00005ad2   0x00000002   PAD
    0x202004ec        -       0x00000004   Zero   RW           81    .bss.Servo_Angle    bsp_sg90.o
    0x202004f0        -       0x00000001   Zero   RW          238    .bss.TIMG6_IRQHandler.CurrState  oled_show.o
    0x202004f1   0x00005ad2   0x00000003   PAD
    0x202004f4        -       0x000000bc   Zero   RW           47    .bss.gPWMBackup     ti_msp_dl_config.o
    0x202005b0        -       0x000000a0   Zero   RW           49    .bss.gTIMER_1Backup  ti_msp_dl_config.o
    0x20200650        -       0x00000030   Zero   RW           50    .bss.gUART_3Backup  ti_msp_dl_config.o
    0x20200680        -       0x000000bc   Zero   RW           48    .bss.gservo1Backup  ti_msp_dl_config.o
    0x2020073c        -       0x00000001   Zero   RW          233    .bss.key1_flag      oled_show.o
    0x2020073d        -       0x00000001   Zero   RW          235    .bss.key4_flag      oled_show.o
    0x2020073e   0x00005ad2   0x00000002   PAD
    0x20200740        -       0x00000030   Zero   RW           83    .bss.motors         bsp_sg90.o
    0x20200770        -       0x00000001   Zero   RW          234    .bss.select_flag    oled_show.o
    0x20200771   0x00005ad2   0x00000003   PAD
    0x20200774        -       0x00000020   Zero   RW          133    .bss.servo          uart.o
    0x20200794        -       0x00000001   Zero   RW          131    .bss.servo_flag     uart.o
    0x20200795   0x00005ad2   0x00000003   PAD
    0x20200798        -       0x00000004   Zero   RW           82    .bss.tick_counter   bsp_sg90.o
    0x2020079c        -       0x00000140   Zero   RW          129    .bss.uart1_receivedData  uart.o
    0x202008dc        -       0x00000014   Zero   RW          127    .bss.uart1_rx       uart.o
    0x202008f0        -       0x00000140   Zero   RW          130    .bss.uart3_receivedData  uart.o
    0x20200a30        -       0x00000014   Zero   RW          128    .bss.uart3_rx       uart.o
    0x20200a44   0x00005ad2   0x00000004   PAD
    0x20200a48        -       0x00000000   Zero   RW            2    HEAP                startup_mspm0g350x_uvision.o
    0x20200a48        -       0x00000100   Zero   RW            1    STACK               startup_mspm0g350x_uvision.o



  Load Region LR_BCR (Base: 0x41c00000, Size: 0x00000000, Max: 0x00000100, ABSOLUTE)

    Execution Region BCR_CONFIG (Exec base: 0x41c00000, Load base: 0x41c00000, Size: 0x00000000, Max: 0x000000ff, ABSOLUTE)

    **** No section assigned to this execution region ****



  Load Region LR_BSL (Base: 0x41c00100, Size: 0x00000000, Max: 0x00000100, ABSOLUTE)

    Execution Region BSL_CONFIG (Exec base: 0x41c00100, Load base: 0x41c00100, Size: 0x00000000, Max: 0x00000080, ABSOLUTE)

    **** No section assigned to this execution region ****


==============================================================================

Image component sizes


      Code (inc. data)   RO Data    RW Data    ZI Data      Debug   Object Name

       210         12          0          0          0       7486   board.o
       476         60          0          0         56       6268   bsp_sg90.o
        48          4          0          0          0       3625   buzzer.o
        44          4          0          0          0       3498   empty.o
      5112         40       6632          0       1152      26689   oled.o
       852        104         51          2          6      10962   oled_show.o
        44         18        192          0        256        768   startup_mspm0g350x_uvision.o
      1104        224         92          0        584      26089   ti_msp_dl_config.o
      4148        380        268          0        713      29558   uart.o

    ----------------------------------------------------------------------
     12040        846       7275          4       2788     114943   Object Totals
         0          0         32          0          0          0   (incl. Generated)
         2          0          8          2         21          0   (incl. Padding)

    ----------------------------------------------------------------------

      Code (inc. data)   RO Data    RW Data    ZI Data      Debug   Library Member Name

         8          0          0          0          0         68   __main.o
       312          6         17          0          0         76   __printf_flags_wp.o
        14          0          0          0          0         60   __printf_wp.o
         0          0          0          0          0          0   __rtentry.o
        12          0          0          0          0          0   __rtentry2.o
         6          0          0          0          0          0   __rtentry4.o
        86         10          0          0          0          0   __scatter.o
        26          0          0          0          0          0   __scatter_copy.o
        28          0          0          0          0          0   __scatter_zi.o
        48          6          0          0          0         88   _printf_char_common.o
        88          4         40          0          0         72   _printf_hex_int.o
       176          0          0          0          0         84   _printf_intcommon.o
        78          0          0          0          0        100   _printf_pad.o
         2          0          0          0          0          0   _printf_percent.o
         4          0          0          0          0          0   _printf_percent_end.o
        10          0          0          0          0          0   _printf_x.o
        10          0          0          0          0         60   _sputc.o
      1006          4          0          0          0        184   aeabi_sdivfast.o
        16          0          0          0          0         68   exit.o
         6          0          0          0          0        136   heapauxi.o
         2          0          0          0          0          0   libinit.o
         2          0          0          0          0          0   libinit2.o
         2          0          0          0          0          0   libshutdown.o
         2          0          0          0          0          0   libshutdown2.o
         8          4          0          0         96         68   libspace.o
        40          4          0          0          0         84   noretval__2sprintf.o
         2          0          0          0          0          0   rtexit.o
        10          0          0          0          0          0   rtexit2.o
        62          0          0          0          0         80   sys_stackheap_outer.o
        10          0          0          0          0        803   dl_common.o
       600        192          0          0          0      41557   dl_timer.o
        90          8          0          0          0      14163   dl_uart.o
       348          8          0          0          0        160   faddsub.o
       352         10         64          0          0         92   fdiv.o
        48          0          0          0          0         60   ffixui.o
        94          0          0          0          0         92   fflti.o
       176          4          0          0          0         80   fmul.o
         0          0          0          0          0          0   usenofp.o

    ----------------------------------------------------------------------
      3812        264        121          0         96      58235   Library Totals
        28          4          0          0          0          0   (incl. Padding)

    ----------------------------------------------------------------------

      Code (inc. data)   RO Data    RW Data    ZI Data      Debug   Library Name

      2066         38         57          0         96       1228   c_p.l
       700        200          0          0          0      56523   driverlib.a
      1018         22         64          0          0        484   fz_ps.l

    ----------------------------------------------------------------------
      3812        264        121          0         96      58235   Library Totals

    ----------------------------------------------------------------------

==============================================================================


      Code (inc. data)   RO Data    RW Data    ZI Data      Debug   

     15852       1110       7396          4       2884     172306   Grand Totals
     15852       1110       7396          4       2884     172306   ELF Image Totals
     15852       1110       7396          4          0          0   ROM Totals

==============================================================================

    Total RO  Size (Code + RO Data)                23248 (  22.70kB)
    Total RW  Size (RW Data + ZI Data)              2888 (   2.82kB)
    Total ROM Size (Code + RO Data + RW Data)      23252 (  22.71kB)

==============================================================================

